    Checking serde v1.0.228
    Checking ppv-lite86 v0.2.21
    Checking tinystr v0.8.2
    Checking potential_utf v0.1.4
   Compiling darling_macro v0.23.0
   Compiling libz-sys v1.1.25
    Checking tokio-util v0.7.18
   Compiling cssparser v0.29.6
    Checking aligned-vec v0.6.4
   Compiling regex v1.12.3
   Compiling thiserror v1.0.69
   Compiling schemars_derive v0.8.22
   Compiling crossbeam-utils v0.8.21
    Checking icu_collections v2.1.1
    Checking v_frame v0.3.9
   Compiling bytes v1.11.1
    Checking icu_locale_core v2.1.1
    Checking rand_chacha v0.9.0
   Compiling darling v0.23.0
   Compiling dyn-clone v1.0.20
   Compiling getrandom v0.4.2
    Checking h2 v0.4.13
    Checking rand v0.9.2
   Compiling string_cache v0.8.9
   Compiling indexmap v1.9.3
   Compiling jsonptr v0.6.3
   Compiling serde_with_macros v3.18.0
   Compiling cargo-platform v0.1.9
    Checking rand_core v0.10.0
   Compiling markup5ever v0.14.1
   Compiling selectors v0.24.0
    Checking dyn-stack v0.13.2
   Compiling cargo_metadata v0.19.2
   Compiling http v1.4.0
    Checking pulp v0.22.2
   Compiling json-patch v3.0.1
   Compiling crossbeam-epoch v0.9.18
    Checking windows-targets v0.52.6
    Checking rand_distr v0.5.1
   Compiling infer v0.19.0
   Compiling brotli v8.0.2
   Compiling walkdir v2.5.0
    Checking half v2.7.1
    Checking icu_provider v2.1.1
   Compiling serde-untagged v0.1.9
    Checking tower v0.5.3
   Compiling html5ever v0.29.1
    Checking icu_locale_data v2.1.2
    Checking windows-result v0.3.4
    Checking windows-strings v0.4.2
   Compiling windows_x86_64_msvc v0.52.6
   Compiling anyhow v1.0.102
   Compiling vswhom-sys v0.1.3
   Compiling profiling-procmacros v1.0.17
   Compiling arg_enum_proc_macro v0.3.4
   Compiling serde_with v3.18.0
    Checking av1-grain v0.2.5
   Compiling icu_normalizer v2.1.1
    Checking icu_properties v2.1.2
error: failed to run custom build command for `libz-sys v1.1.25`

Caused by:
  process didn't exit successfully: `C:\Users\b_cer\Downloads\APPProject\koharu\target\debug\build\libz-sys-3dd36bf2e33f5aac\build-script-build` (exit code: 101)
  --- stdout
  cargo:rerun-if-env-changed=LIBZ_SYS_STATIC
  cargo:rerun-if-changed=build.rs
  cargo:rerun-if-changed=zng/cmake.rs
  cargo:rerun-if-changed=zng/cc.rs
  CMAKE_TOOLCHAIN_FILE_x86_64-pc-windows-msvc = None
  CMAKE_TOOLCHAIN_FILE_x86_64_pc_windows_msvc = None
  HOST_CMAKE_TOOLCHAIN_FILE = None
  CMAKE_TOOLCHAIN_FILE = None
  CMAKE_GENERATOR_x86_64-pc-windows-msvc = None
  CMAKE_GENERATOR_x86_64_pc_windows_msvc = None
  HOST_CMAKE_GENERATOR = None
  CMAKE_GENERATOR = None
  CMAKE_PREFIX_PATH_x86_64-pc-windows-msvc = None
  CMAKE_PREFIX_PATH_x86_64_pc_windows_msvc = None
  HOST_CMAKE_PREFIX_PATH = None
  CMAKE_PREFIX_PATH = None
  CMAKE_x86_64-pc-windows-msvc = None
  CMAKE_x86_64_pc_windows_msvc = None
  HOST_CMAKE = None
  CMAKE = None

  --- stderr
  running: "cmake" "C:\\Users\\b_cer\\.cargo\\registry\\src\\index.crates.io-1949cf8c6b5b557f\\libz-sys-1.1.25\\src/zlib-ng" "-B" "C:\\Users\\b_cer\\Downloads\\APPProject\\koharu\\target\\debug\\build\\libz-sys-b86e9523effbd7c9\\out\\build" "-G" "Visual Studio 18 2026" "-Thost=x64" "-Ax64" "-DBUILD_SHARED_LIBS=OFF" "-DZLIB_COMPAT=ON" "-DZLIB_ENABLE_TESTS=OFF" "-DWITH_GZFILEOP=ON" "-DCMAKE_INSTALL_LIBDIR=lib" "-DCMAKE_INSTALL_PREFIX=C:\\Users\\b_cer\\Downloads\\APPProject\\koharu\\target\\debug\\build\\libz-sys-b86e9523effbd7c9\\out" "-DCMAKE_C_FLAGS= -nologo -MD -Brepro -W0" "-DCMAKE_C_FLAGS_DEBUG= -nologo -MD -Brepro -W0" "-DCMAKE_CXX_FLAGS= -nologo -MD -Brepro -W0" "-DCMAKE_CXX_FLAGS_DEBUG= -nologo -MD -Brepro -W0" "-DCMAKE_ASM_FLAGS= -nologo -MD -Brepro -W0" "-DCMAKE_ASM_FLAGS_DEBUG= -nologo -MD -Brepro -W0" "-DCMAKE_BUILD_TYPE=Debug"
  CMake Error: Could not create named generator Visual Studio 18 2026

  Generators
  * Visual Studio 17 2022        = Generates Visual Studio 2022 project files.
                                   Use -A option to specify architecture.
    Visual Studio 16 2019        = Generates Visual Studio 2019 project files.
                                   Use -A option to specify architecture.
    Visual Studio 15 2017 [arch] = Generates Visual Studio 2017 project files.
                                   Optional [arch] can be "Win64" or "ARM".
    Visual Studio 14 2015 [arch] = Generates Visual Studio 2015 project files.
                                   Optional [arch] can be "Win64" or "ARM".
    Borland Makefiles            = Generates Borland makefiles.
    NMake Makefiles              = Generates NMake makefiles.
    NMake Makefiles JOM          = Generates JOM makefiles.
    MSYS Makefiles               = Generates MSYS makefiles.
    MinGW Makefiles              = Generates a make file for use with
                                   mingw32-make.
    Green Hills MULTI            = Generates Green Hills MULTI files
                                   (experimental, work-in-progress).
    Unix Makefiles               = Generates standard UNIX makefiles.
    Ninja                        = Generates build.ninja files.
    Ninja Multi-Config           = Generates build-<Config>.ninja files.
    Watcom WMake                 = Generates Watcom WMake makefiles.
    CodeBlocks - MinGW Makefiles = Generates CodeBlocks project files
                                   (deprecated).
    CodeBlocks - NMake Makefiles = Generates CodeBlocks project files
                                   (deprecated).
    CodeBlocks - NMake Makefiles JOM
                                 = Generates CodeBlocks project files
                                   (deprecated).
    CodeBlocks - Ninja           = Generates CodeBlocks project files
                                   (deprecated).
    CodeBlocks - Unix Makefiles  = Generates CodeBlocks project files
                                   (deprecated).
    CodeLite - MinGW Makefiles   = Generates CodeLite project files
                                   (deprecated).
    CodeLite - NMake Makefiles   = Generates CodeLite project files
                                   (deprecated).
    CodeLite - Ninja             = Generates CodeLite project files
                                   (deprecated).
    CodeLite - Unix Makefiles    = Generates CodeLite project files
                                   (deprecated).
    Eclipse CDT4 - NMake Makefiles
                                 = Generates Eclipse CDT 4.0 project files
                                   (deprecated).
    Eclipse CDT4 - MinGW Makefiles
                                 = Generates Eclipse CDT 4.0 project files
                                   (deprecated).
    Eclipse CDT4 - Ninja         = Generates Eclipse CDT 4.0 project files
                                   (deprecated).
    Eclipse CDT4 - Unix Makefiles= Generates Eclipse CDT 4.0 project files
                                   (deprecated).
    Kate - MinGW Makefiles       = Generates Kate project files (deprecated).
    Kate - NMake Makefiles       = Generates Kate project files (deprecated).
    Kate - Ninja                 = Generates Kate project files (deprecated).
    Kate - Ninja Multi-Config    = Generates Kate project files (deprecated).
    Kate - Unix Makefiles        = Generates Kate project files (deprecated).
    Sublime Text 2 - MinGW Makefiles
                                 = Generates Sublime Text 2 project files
                                   (deprecated).
    Sublime Text 2 - NMake Makefiles
                                 = Generates Sublime Text 2 project files
                                   (deprecated).
    Sublime Text 2 - Ninja       = Generates Sublime Text 2 project files
                                   (deprecated).
    Sublime Text 2 - Unix Makefiles
                                 = Generates Sublime Text 2 project files
                                   (deprecated).


  thread 'main' (60432) panicked at C:\Users\b_cer\.cargo\registry\src\index.crates.io-1949cf8c6b5b557f\cmake-0.1.57\src\lib.rs:1132:5:

  command did not execute successfully, got: exit code: 1

  build script failed, must exit now
  note: run with `RUST_BACKTRACE=1` environment variable to display a backtrace
warning: build failed, waiting for other jobs to finish...
