   Compiling proc-macro2 v1.0.106
   Compiling libm v0.2.16
   Compiling zmij v1.0.21
   Compiling getrandom v0.3.4
   Compiling parking_lot_core v0.9.12
   Compiling libc v0.2.183
   Compiling thiserror v2.0.18
   Compiling serde v1.0.228
   Compiling serde_core v1.0.228
   Compiling version_check v0.9.5
   Compiling zerocopy v0.8.42
    Checking writeable v0.6.2
   Compiling icu_properties_data v2.1.2
   Compiling icu_normalizer_data v2.1.1
    Checking bytes v1.11.1
    Checking pin-project-lite v0.2.17
    Checking bitflags v2.11.0
   Compiling crossbeam-utils v0.8.21
    Checking litemap v0.8.1
   Compiling jobserver v0.1.34
error[E0432]: unresolved imports `fmt::Debug`, `mem::align_of`, `mem::align_of_val`, `mem::size_of`, `mem::size_of_val`, `crate::c_void`
   --> C:\Users\b_cer\.cargo\registry\src\index.crates.io-1949cf8c6b5b557f\libc-0.2.183\src\macros.rs:99:28
    |
 99 |             pub(crate) use fmt::Debug;
    |                            ^^^^^^^^^^
...
102 |                 align_of,
    |                 ^^^^^^^^
103 |                 align_of_val,
    |                 ^^^^^^^^^^^^
104 |                 size_of,
    |                 ^^^^^^^
105 |                 size_of_val,
    |                 ^^^^^^^^^^^
...
128 |                 c_void,
    |                 ^^^^^^
    |
   ::: C:\Users\b_cer\.cargo\registry\src\index.crates.io-1949cf8c6b5b557f\libc-0.2.183\src\lib.rs:59:9
    |
 59 |         prelude!();
    |         ---------- in this macro invocation
    |
    = note: this error originates in the macro `prelude` (in Nightly builds, run with -Z macro-backtrace for more info)

error[E0659]: `derive` is ambiguous
  --> C:\Users\b_cer\.cargo\registry\src\index.crates.io-1949cf8c6b5b557f\libc-0.2.183\src\types.rs:16:3
   |
16 | #[derive(Clone, Copy)]
   |   ^^^^^^ ambiguous name
   |
   = note: ambiguous because of a conflict between a name from a glob import and an outer scope during import or macro resolution
note: `derive` could refer to the unresolved item imported here
  --> C:\Users\b_cer\.cargo\registry\src\index.crates.io-1949cf8c6b5b557f\libc-0.2.183\src\types.rs:7:5
   |
 7 | use crate::prelude::*;
   |     ^^^^^^^^^^^^^^^^^
   = help: consider adding an explicit import of `derive` to disambiguate
   = help: or use `self::derive` to refer to this unresolved item unambiguously
note: `derive` could also refer to an attribute macro from prelude
  --> /rustc/4a4ef493e3a1488c6e321570238084b38948f6db/library\core\src\prelude\mod.rs:41:12

error[E0659]: `Clone` is ambiguous
  --> C:\Users\b_cer\.cargo\registry\src\index.crates.io-1949cf8c6b5b557f\libc-0.2.183\src\types.rs:16:10
   |
16 | #[derive(Clone, Copy)]
   |          ^^^^^ ambiguous name
   |
   = note: ambiguous because of a conflict between a name from a glob import and an outer scope during import or macro resolution
note: `Clone` could refer to the unresolved item imported here
  --> C:\Users\b_cer\.cargo\registry\src\index.crates.io-1949cf8c6b5b557f\libc-0.2.183\src\types.rs:7:5
   |
 7 | use crate::prelude::*;
   |     ^^^^^^^^^^^^^^^^^
   = help: consider adding an explicit import of `Clone` to disambiguate
   = help: or use `self::Clone` to refer to this unresolved item unambiguously
note: `Clone` could also refer to a derive macro from prelude
  --> /rustc/4a4ef493e3a1488c6e321570238084b38948f6db/library\core\src\prelude\mod.rs:41:12

error[E0659]: `Copy` is ambiguous
  --> C:\Users\b_cer\.cargo\registry\src\index.crates.io-1949cf8c6b5b557f\libc-0.2.183\src\types.rs:16:17
   |
16 | #[derive(Clone, Copy)]
   |                 ^^^^ ambiguous name
   |
   = note: ambiguous because of a conflict between a name from a glob import and an outer scope during import or macro resolution
note: `Copy` could refer to the unresolved item imported here
  --> C:\Users\b_cer\.cargo\registry\src\index.crates.io-1949cf8c6b5b557f\libc-0.2.183\src\types.rs:7:5
   |
 7 | use crate::prelude::*;
   |     ^^^^^^^^^^^^^^^^^
   = help: consider adding an explicit import of `Copy` to disambiguate
   = help: or use `self::Copy` to refer to this unresolved item unambiguously
note: `Copy` could also refer to a derive macro from prelude
  --> /rustc/4a4ef493e3a1488c6e321570238084b38948f6db/library\core\src\prelude\mod.rs:41:12

error[E0659]: `derive` is ambiguous
  --> C:\Users\b_cer\.cargo\registry\src\index.crates.io-1949cf8c6b5b557f\libc-0.2.183\src\windows\mod.rs:81:7
   |
81 |     #[derive(Default)]
   |       ^^^^^^ ambiguous name
   |
   = note: ambiguous because of a conflict between a name from a glob import and an outer scope during import or macro resolution
note: `derive` could refer to the unresolved item imported here
  --> C:\Users\b_cer\.cargo\registry\src\index.crates.io-1949cf8c6b5b557f\libc-0.2.183\src\windows\mod.rs:3:5
   |
 3 | use crate::prelude::*;
   |     ^^^^^^^^^^^^^^^^^
   = help: consider adding an explicit import of `derive` to disambiguate
   = help: or use `self::derive` to refer to this unresolved item unambiguously
note: `derive` could also refer to an attribute macro from prelude
  --> /rustc/4a4ef493e3a1488c6e321570238084b38948f6db/library\core\src\prelude\mod.rs:41:12

error[E0659]: `Default` is ambiguous
  --> C:\Users\b_cer\.cargo\registry\src\index.crates.io-1949cf8c6b5b557f\libc-0.2.183\src\windows\mod.rs:81:14
   |
81 |     #[derive(Default)]
   |              ^^^^^^^ ambiguous name
   |
   = note: ambiguous because of a conflict between a name from a glob import and an outer scope during import or macro resolution
note: `Default` could refer to the unresolved item imported here
  --> C:\Users\b_cer\.cargo\registry\src\index.crates.io-1949cf8c6b5b557f\libc-0.2.183\src\windows\mod.rs:3:5
   |
 3 | use crate::prelude::*;
   |     ^^^^^^^^^^^^^^^^^
   = help: consider adding an explicit import of `Default` to disambiguate
   = help: or use `self::Default` to refer to this unresolved item unambiguously
note: `Default` could also refer to a derive macro from prelude
  --> /rustc/4a4ef493e3a1488c6e321570238084b38948f6db/library\core\src\prelude\mod.rs:41:12

error[E0659]: `derive` is ambiguous
  --> C:\Users\b_cer\.cargo\registry\src\index.crates.io-1949cf8c6b5b557f\libc-0.2.183\src\windows\mod.rs:75:7
   |
75 |     #[derive(Default)]
   |       ^^^^^^ ambiguous name
   |
   = note: ambiguous because of a conflict between a name from a glob import and an outer scope during import or macro resolution
note: `derive` could refer to the unresolved item imported here
  --> C:\Users\b_cer\.cargo\registry\src\index.crates.io-1949cf8c6b5b557f\libc-0.2.183\src\windows\mod.rs:3:5
   |
 3 | use crate::prelude::*;
   |     ^^^^^^^^^^^^^^^^^
   = help: consider adding an explicit import of `derive` to disambiguate
   = help: or use `self::derive` to refer to this unresolved item unambiguously
note: `derive` could also refer to an attribute macro from prelude
  --> /rustc/4a4ef493e3a1488c6e321570238084b38948f6db/library\core\src\prelude\mod.rs:41:12

error[E0659]: `Default` is ambiguous
  --> C:\Users\b_cer\.cargo\registry\src\index.crates.io-1949cf8c6b5b557f\libc-0.2.183\src\windows\mod.rs:75:14
   |
75 |     #[derive(Default)]
   |              ^^^^^^^ ambiguous name
   |
   = note: ambiguous because of a conflict between a name from a glob import and an outer scope during import or macro resolution
note: `Default` could refer to the unresolved item imported here
  --> C:\Users\b_cer\.cargo\registry\src\index.crates.io-1949cf8c6b5b557f\libc-0.2.183\src\windows\mod.rs:3:5
   |
 3 | use crate::prelude::*;
   |     ^^^^^^^^^^^^^^^^^
   = help: consider adding an explicit import of `Default` to disambiguate
   = help: or use `self::Default` to refer to this unresolved item unambiguously
note: `Default` could also refer to a derive macro from prelude
  --> /rustc/4a4ef493e3a1488c6e321570238084b38948f6db/library\core\src\prelude\mod.rs:41:12

Some errors have detailed explanations: E0432, E0659.
For more information about an error, try `rustc --explain E0432`.
   Compiling getrandom v0.2.17
error: could not compile `libc` (lib) due to 8 previous errors
warning: build failed, waiting for other jobs to finish...
error: only metadata stub found for `rlib` dependency `core`
       please provide path to the corresponding .rmeta file with full metadata

error: cannot resolve a prelude import

error[E0786]: found invalid metadata files for crate `core`
  |
  = note: failed to mmap rmeta metadata: 'C:\Users\b_cer\.rustup\toolchains\stable-x86_64-pc-windows-msvc\lib\rustlib\x86_64-pc-windows-msvc\lib\libcore-2dc1efaf7a721ce5.rmeta'
  = note: failed to mmap file 'C:\Users\b_cer\.rustup\toolchains\stable-x86_64-pc-windows-msvc\lib\rustlib\x86_64-pc-windows-msvc\lib\libcore-2dc1efaf7a721ce5.rlib': The paging file is too small for this operation to complete. (os error 1455)

error: only metadata stub found for `rlib` dependency `core`
       please provide path to the corresponding .rmeta file with full metadata
  --> C:\Users\b_cer\.cargo\registry\src\index.crates.io-1949cf8c6b5b557f\getrandom-0.3.4\src\lib.rs:31:1
   |
31 | extern crate cfg_if;
   | ^^^^^^^^^^^^^^^^^^^^

error: only metadata stub found for `rlib` dependency `std`
       please provide path to the corresponding .rmeta file with full metadata
  --> C:\Users\b_cer\.cargo\registry\src\index.crates.io-1949cf8c6b5b557f\crossbeam-utils-0.8.21\build.rs:15:5
   |
15 | use std::env;
   |     ^^^

error: only metadata stub found for `rlib` dependency `hashbrown`
       please provide path to the corresponding .rmeta file with full metadata
   --> C:\Users\b_cer\.cargo\registry\src\index.crates.io-1949cf8c6b5b557f\proc-macro2-1.0.106\src\lib.rs:139:1
    |
139 | extern crate std;
    | ^^^^^^^^^^^^^^^^^

error[E0463]: can't find crate for `std`
  --> C:\Users\b_cer\.cargo\registry\src\index.crates.io-1949cf8c6b5b557f\zerocopy-0.8.42\build.rs:58:5
   |
58 | use std::{env, fs, process::Command, str};
   |     ^^^ can't find crate
   |
   = note: the `x86_64-pc-windows-msvc` target may not support the standard library

error[E0463]: can't find crate for `serde_core`
  --> C:\Users\b_cer\.cargo\registry\src\index.crates.io-1949cf8c6b5b557f\bitflags-2.11.0\src\external.rs:70:13
   |
70 |     pub use serde_core as serde;
   |             ^^^^^^^^^^ can't find crate

error[E0463]: can't find crate for `std`
   --> C:\Users\b_cer\.cargo\registry\src\index.crates.io-1949cf8c6b5b557f\proc-macro2-1.0.106\src\lib.rs:142:1
    |
142 | extern crate proc_macro;
    | ^^^^^^^^^^^^^^^^^^^^^^^^ can't find crate
    |
    = note: the `x86_64-pc-windows-msvc` target may not support the standard library

error[E0463]: can't find crate for `proc_macro`
 --> C:\Users\b_cer\.cargo\registry\src\index.crates.io-1949cf8c6b5b557f\proc-macro2-1.0.106\src\probe\proc_macro_span_file.rs:6:1
  |
6 | extern crate proc_macro;
  | ^^^^^^^^^^^^^^^^^^^^^^^^ can't find crate

error[E0463]: can't find crate for `std`
 --> C:\Users\b_cer\.cargo\registry\src\index.crates.io-1949cf8c6b5b557f\proc-macro2-1.0.106\src\probe\proc_macro_span_file.rs:7:1
  |
7 | extern crate std;
  | ^^^^^^^^^^^^^^^^^ can't find crate
  |
  = note: the `x86_64-pc-windows-msvc` target may not support the standard library

error[E0463]: can't find crate for `proc_macro`
 --> C:\Users\b_cer\.cargo\registry\src\index.crates.io-1949cf8c6b5b557f\proc-macro2-1.0.106\src\probe\proc_macro_span_location.rs:6:1
  |
6 | extern crate proc_macro;
  | ^^^^^^^^^^^^^^^^^^^^^^^^ can't find crate

error: cannot find attribute `derive` in this scope
   --> C:\Users\b_cer\.cargo\registry\src\index.crates.io-1949cf8c6b5b557f\bitflags-2.11.0\src\parser.rs:243:3
    |
243 | #[derive(Debug)]
    |   ^^^^^^
    |
help: consider importing one of these attribute macros
    |
 33 + use crate::__private::core::prelude::rust_2024::derive;
    |
 33 + use core::prelude::rust_2024::derive;
    |

error: cannot find macro `panic` in this scope
   --> C:\Users\b_cer\.cargo\registry\src\index.crates.io-1949cf8c6b5b557f\zerocopy-0.8.42\build.rs:230:9
    |
230 |         panic!(
    |         ^^^^^
    |
help: consider importing this macro
    |
 58 + use core::panic;
    |

error[E0463]: can't find crate for `std`
 --> C:\Users\b_cer\.cargo\registry\src\index.crates.io-1949cf8c6b5b557f\proc-macro2-1.0.106\src\probe\proc_macro_span_location.rs:7:1
  |
7 | extern crate std;
  | ^^^^^^^^^^^^^^^^^ can't find crate
  |
  = note: the `x86_64-pc-windows-msvc` target may not support the standard library

error: cannot find attribute `derive` in this scope
   --> C:\Users\b_cer\.cargo\registry\src\index.crates.io-1949cf8c6b5b557f\bitflags-2.11.0\src\parser.rs:246:3
    |
246 | #[derive(Debug)]
    |   ^^^^^^
    |
help: consider importing one of these attribute macros
    |
 33 + use crate::__private::core::prelude::rust_2024::derive;
    |
 33 + use core::prelude::rust_2024::derive;
    |

error: cannot find macro `write` in this scope
   --> C:\Users\b_cer\.cargo\registry\src\index.crates.io-1949cf8c6b5b557f\bitflags-2.11.0\src\parser.rs:305:17
    |
305 |                 write!(f, "unrecognized named flag")?;
    |                 ^^^^^
    |
help: consider importing one of these macros
    |
 33 + use crate::__private::core::write;
    |
 33 + use core::write;
    |

error: cannot find macro `assert_eq` in this scope
   --> C:\Users\b_cer\.cargo\registry\src\index.crates.io-1949cf8c6b5b557f\zerocopy-0.8.42\build.rs:214:13
    |
214 |             assert_eq!(iter.next(), None, "{}", EXPECT_MSG);
    |             ^^^^^^^^^
    |
help: consider importing this macro
    |
 58 + use core::assert_eq;
    |

error: cannot find macro `write` in this scope
   --> C:\Users\b_cer\.cargo\registry\src\index.crates.io-1949cf8c6b5b557f\bitflags-2.11.0\src\parser.rs:315:17
    |
315 |                 write!(f, "invalid hex flag")?;
    |                 ^^^^^
    |
help: consider importing one of these macros
    |
 33 + use crate::__private::core::write;
    |
 33 + use core::write;
    |

error: cannot find macro `assert_eq` in this scope
   --> C:\Users\b_cer\.cargo\registry\src\index.crates.io-1949cf8c6b5b557f\zerocopy-0.8.42\build.rs:201:13
    |
201 |             assert_eq!(equals_sign, "=", "{}", EXPECT_MSG);
    |             ^^^^^^^^^
    |
help: consider importing this macro
    |
 58 + use core::assert_eq;
    |

error: cannot find macro `write` in this scope
   --> C:\Users\b_cer\.cargo\registry\src\index.crates.io-1949cf8c6b5b557f\bitflags-2.11.0\src\parser.rs:323:17
    |
323 |                 write!(f, "encountered empty flag")?;
    |                 ^^^^^
    |
help: consider importing one of these macros
    |
 33 + use crate::__private::core::write;
    |
 33 + use core::write;
    |

error: cannot find attribute `derive` in this scope
  --> C:\Users\b_cer\.cargo\registry\src\index.crates.io-1949cf8c6b5b557f\bitflags-2.11.0\src\traits.rs:14:3
   |
14 | #[derive(Debug)]
   |   ^^^^^^
   |
help: consider importing one of these attribute macros
   |
 1 + use crate::__private::core::prelude::rust_2024::derive;
   |
 1 + use core::prelude::rust_2024::derive;
   |

error: cannot find macro `panic` in this scope
   --> C:\Users\b_cer\.cargo\registry\src\index.crates.io-1949cf8c6b5b557f\zerocopy-0.8.42\build.rs:146:9
    |
146 |         panic!("{}", format!("Cargo.toml does not contain `{}`", TABLE_HEADER));
    |         ^^^^^
    |
help: consider importing this macro
    |
 58 + use core::panic;
    |

error: cannot find macro `write` in this scope
   --> C:\Users\b_cer\.cargo\registry\src\index.crates.io-1949cf8c6b5b557f\bitflags-2.11.0\src\traits.rs:405:21
    |
405 |                       write!(writer, "{:x}", self)
    |                       ^^^^^
...
421 | / impl_bits! {
422 | |     u8, i8,
423 | |     u16, i16,
424 | |     u32, i32,
...   |
427 | |     usize, isize,
428 | | }
    | |_- in this macro invocation
    |
    = note: this error originates in the macro `impl_bits` (in Nightly builds, run with -Z macro-backtrace for more info)
help: consider importing one of these macros
    |
  1 + use crate::__private::core::write;
    |
  1 + use core::write;
    |

error: cannot find macro `write` in this scope
   --> C:\Users\b_cer\.cargo\registry\src\index.crates.io-1949cf8c6b5b557f\bitflags-2.11.0\src\traits.rs:411:21
    |
411 |                       write!(writer, "{:x}", self)
    |                       ^^^^^
...
421 | / impl_bits! {
422 | |     u8, i8,
423 | |     u16, i16,
424 | |     u32, i32,
...   |
427 | |     usize, isize,
428 | | }
    | |_- in this macro invocation
    |
    = note: this error originates in the macro `impl_bits` (in Nightly builds, run with -Z macro-backtrace for more info)
help: consider importing one of these macros
    |
  1 + use crate::__private::core::write;
    |
  1 + use core::write;
    |

error: cannot find attribute `derive` in this scope
   --> C:\Users\b_cer\.cargo\registry\src\index.crates.io-1949cf8c6b5b557f\zerocopy-0.8.42\build.rs:112:3
    |
112 | #[derive(Debug)]
    |   ^^^^^^
    |
help: consider importing this attribute macro
    |
 58 + use core::prelude::rust_2024::derive;
    |

error: cannot find attribute `derive` in this scope
  --> C:\Users\b_cer\.cargo\registry\src\index.crates.io-1949cf8c6b5b557f\getrandom-0.2.17\src\error.rs:17:3
   |
17 | #[derive(Copy, Clone, Eq, PartialEq)]
   |   ^^^^^^
   |
help: consider importing this attribute macro
   |
 1 + use core::prelude::rust_2024::derive;
   |

error: cannot find attribute `derive` in this scope
   --> C:\Users\b_cer\.cargo\registry\src\index.crates.io-1949cf8c6b5b557f\zerocopy-0.8.42\build.rs:105:3
    |
105 | #[derive(Debug, Ord, PartialEq, PartialOrd, Eq)]
    |   ^^^^^^
    |
help: consider importing this attribute macro
    |
 58 + use core::prelude::rust_2024::derive;
    |

error: cannot find macro `write` in this scope
   --> C:\Users\b_cer\.cargo\registry\src\index.crates.io-1949cf8c6b5b557f\getrandom-0.2.17\src\error.rs:144:25
    |
144 |                 None => write!(f, "OS Error: {}", errno),
    |                         ^^^^^
    |
help: consider importing this macro
    |
  1 + use core::write;
    |

error: cannot find attribute `derive` in this scope
 --> C:\Users\b_cer\.cargo\registry\src\index.crates.io-1949cf8c6b5b557f\proc-macro2-1.0.106\src\marker.rs:7:3
  |
7 | #[derive(Copy, Clone)]
  |   ^^^^^^
  |
help: consider importing this attribute macro
  |
1 + use core::prelude::rust_2024::derive;
  |

error: cannot find macro `write` in this scope
   --> C:\Users\b_cer\.cargo\registry\src\index.crates.io-1949cf8c6b5b557f\getrandom-0.2.17\src\error.rs:149:13
    |
149 |             write!(f, "Unknown Error: {}", self.0.get())
    |             ^^^^^
    |
help: consider importing this macro
    |
  1 + use core::write;
    |

error: cannot find macro `println` in this scope
   --> C:\Users\b_cer\.cargo\registry\src\index.crates.io-1949cf8c6b5b557f\zerocopy-0.8.42\build.rs:100:13
    |
100 |             println!("cargo:rustc-cfg={}", version_cfg.cfg_name);
    |             ^^^^^^^

error: cannot find attribute `derive` in this scope
  --> C:\Users\b_cer\.cargo\registry\src\index.crates.io-1949cf8c6b5b557f\proc-macro2-1.0.106\src\parse.rs:12:3
   |
12 | #[derive(Copy, Clone, Eq, PartialEq)]
   |   ^^^^^^
   |
help: consider importing this attribute macro
   |
 1 + use core::prelude::rust_2024::derive;
   |

error: cannot find macro `println` in this scope
  --> C:\Users\b_cer\.cargo\registry\src\index.crates.io-1949cf8c6b5b557f\zerocopy-0.8.42\build.rs:95:9
   |
95 |         println!("cargo:rustc-check-cfg=cfg(coverage_nightly)");
   |         ^^^^^^^

error: cannot find macro `println` in this scope
  --> C:\Users\b_cer\.cargo\registry\src\index.crates.io-1949cf8c6b5b557f\zerocopy-0.8.42\build.rs:94:9
   |
94 |         println!("cargo:rustc-check-cfg=cfg(__ZEROCOPY_INTERNAL_USE_ONLY_DEV_MODE)");
   |         ^^^^^^^

error: cannot find attribute `derive` in this scope
  --> C:\Users\b_cer\.cargo\registry\src\index.crates.io-1949cf8c6b5b557f\proc-macro2-1.0.106\src\rcvec.rs:19:3
   |
19 | #[derive(Clone)]
   |   ^^^^^^
   |
help: consider importing this attribute macro
   |
 1 + use core::prelude::rust_2024::derive;
   |

error: cannot find macro `println` in this scope
  --> C:\Users\b_cer\.cargo\registry\src\index.crates.io-1949cf8c6b5b557f\zerocopy-0.8.42\build.rs:91:9
   |
91 |         println!(
   |         ^^^^^^^

error: cannot find attribute `derive` in this scope
  --> C:\Users\b_cer\.cargo\registry\src\index.crates.io-1949cf8c6b5b557f\proc-macro2-1.0.106\src\fallback.rs:54:3
   |
54 | #[derive(Clone)]
   |   ^^^^^^
   |
help: consider importing this attribute macro
   |
 1 + use core::prelude::rust_2024::derive;
   |

error: cannot find macro `println` in this scope
  --> C:\Users\b_cer\.cargo\registry\src\index.crates.io-1949cf8c6b5b557f\zerocopy-0.8.42\build.rs:90:9
   |
90 |         println!("cargo:rustc-check-cfg=cfg(kani)");
   |         ^^^^^^^

error: cannot find macro `println` in this scope
  --> C:\Users\b_cer\.cargo\registry\src\index.crates.io-1949cf8c6b5b557f\zerocopy-0.8.42\build.rs:89:9
   |
89 |         println!("cargo:rustc-check-cfg=cfg(doc_cfg)");
   |         ^^^^^^^

error: cannot find attribute `derive` in this scope
  --> C:\Users\b_cer\.cargo\registry\src\index.crates.io-1949cf8c6b5b557f\proc-macro2-1.0.106\src\fallback.rs:59:3
   |
59 | #[derive(Debug)]
   |   ^^^^^^
   |
help: consider importing this attribute macro
   |
 1 + use core::prelude::rust_2024::derive;
   |

error: cannot find macro `println` in this scope
  --> C:\Users\b_cer\.cargo\registry\src\index.crates.io-1949cf8c6b5b557f\zerocopy-0.8.42\build.rs:85:13
   |
85 |             println!("cargo:rustc-check-cfg=cfg(rust, values(\"{}.{}.{}\"))", major, minor, patch);
   |             ^^^^^^^

error: only metadata stub found for `rlib` dependency `std`
       please provide path to the corresponding .rmeta file with full metadata

error: cannot find macro `println` in this scope
  --> C:\Users\b_cer\.cargo\registry\src\index.crates.io-1949cf8c6b5b557f\zerocopy-0.8.42\build.rs:77:13
   |
77 |             println!("cargo:rustc-check-cfg=cfg({})", version_cfg.cfg_name);
   |             ^^^^^^^

error: cannot find macro `write` in this scope
   --> C:\Users\b_cer\.cargo\registry\src\index.crates.io-1949cf8c6b5b557f\proc-macro2-1.0.106\src\fallback.rs:230:17
    |
230 |                 write!(f, " ")?;
    |                 ^^^^^
    |
help: consider importing this macro
    |
  1 + use core::write;
    |

error: cannot find macro `include_str` in this scope
  --> C:\Users\b_cer\.cargo\registry\src\index.crates.io-1949cf8c6b5b557f\getrandom-0.3.4\src\lib.rs:10:10
   |
10 | #![doc = include_str!("../README.md")]
   |          ^^^^^^^^^^^
   |
help: consider importing this macro
   |
33 + use core::include_str;
   |

error: cannot find macro `println` in this scope
  --> C:\Users\b_cer\.cargo\registry\src\index.crates.io-1949cf8c6b5b557f\crossbeam-utils-0.8.21\build.rs:46:9
   |
46 |         println!("cargo:rustc-cfg=crossbeam_sanitize_thread");
   |         ^^^^^^^

error: cannot find macro `println` in this scope
  --> C:\Users\b_cer\.cargo\registry\src\index.crates.io-1949cf8c6b5b557f\zerocopy-0.8.42\build.rs:67:5
   |
67 |     println!("cargo:rerun-if-changed=Cargo.toml");
   |     ^^^^^^^

error: cannot find macro `cfg_if` in this scope
  --> C:\Users\b_cer\.cargo\registry\src\index.crates.io-1949cf8c6b5b557f\getrandom-0.3.4\src\backends.rs:10:1
   |
10 | cfg_if! {
   | ^^^^^^
   |
note: `cfg_if` is imported here, but it is an unresolved item, not a macro
  --> C:\Users\b_cer\.cargo\registry\src\index.crates.io-1949cf8c6b5b557f\getrandom-0.3.4\src\lib.rs:31:1
   |
31 | extern crate cfg_if;
   | ^^^^^^^^^^^^^^^^^^^^

error: cannot find attribute `derive` in this scope
  --> C:\Users\b_cer\.cargo\registry\src\index.crates.io-1949cf8c6b5b557f\getrandom-0.3.4\src\error.rs:35:3
   |
35 | #[derive(Copy, Clone, Eq, PartialEq)]
   |   ^^^^^^
   |
help: consider importing this attribute macro
   |
 4 + use core::prelude::rust_2024::derive;
   |

error: cannot find macro `write` in this scope
   --> C:\Users\b_cer\.cargo\registry\src\index.crates.io-1949cf8c6b5b557f\proc-macro2-1.0.106\src\fallback.rs:234:41
    |
234 |                 TokenTree::Group(tt) => write!(f, "{}", tt),
    |                                         ^^^^^
    |
help: consider importing this macro
    |
  1 + use core::write;
    |

error: cannot find macro `cfg` in this scope
   --> C:\Users\b_cer\.cargo\registry\src\index.crates.io-1949cf8c6b5b557f\getrandom-0.3.4\src\error.rs:117:23
    |
117 |             } else if cfg!(not(target_os = "solid_asp3")) {
    |                       ^^^
    |
    = note: `cfg` is in scope, but it is an attribute: `#[cfg]`
help: consider importing this macro
    |
  4 + use core::cfg;
    |

error: cannot find macro `println` in this scope
  --> C:\Users\b_cer\.cargo\registry\src\index.crates.io-1949cf8c6b5b557f\crossbeam-utils-0.8.21\build.rs:40:9
   |
40 |         println!("cargo:rustc-cfg=crossbeam_no_atomic");
   |         ^^^^^^^

error: cannot find macro `println` in this scope
  --> C:\Users\b_cer\.cargo\registry\src\index.crates.io-1949cf8c6b5b557f\zerocopy-0.8.42\build.rs:62:5
   |
62 |     println!("cargo:rerun-if-changed=build.rs");
   |     ^^^^^^^

error: cannot find macro `cfg_if` in this scope
   --> C:\Users\b_cer\.cargo\registry\src\index.crates.io-1949cf8c6b5b557f\getrandom-0.3.4\src\error.rs:199:13
    |
199 |             cfg_if! {
    |             ^^^^^^
    |
note: `cfg_if` is imported here, but it is an unresolved item, not a macro
   --> C:\Users\b_cer\.cargo\registry\src\index.crates.io-1949cf8c6b5b557f\getrandom-0.3.4\src\lib.rs:31:1
    |
 31 | extern crate cfg_if;
    | ^^^^^^^^^^^^^^^^^^^^

error: cannot find macro `write` in this scope
   --> C:\Users\b_cer\.cargo\registry\src\index.crates.io-1949cf8c6b5b557f\getrandom-0.3.4\src\error.rs:209:13
    |
209 |             write!(f, "Unknown Error: {}", self.0.get())
    |             ^^^^^
    |
help: consider importing this macro
    |
  4 + use core::write;
    |

error: cannot find macro `write` in this scope
   --> C:\Users\b_cer\.cargo\registry\src\index.crates.io-1949cf8c6b5b557f\proc-macro2-1.0.106\src\fallback.rs:235:41
    |
235 |                 TokenTree::Ident(tt) => write!(f, "{}", tt),
    |                                         ^^^^^
    |
help: consider importing this macro
    |
  1 + use core::write;
    |

error: cannot find macro `println` in this scope
  --> C:\Users\b_cer\.cargo\registry\src\index.crates.io-1949cf8c6b5b557f\crossbeam-utils-0.8.21\build.rs:27:13
   |
27 |             println!(
   |             ^^^^^^^

error: cannot find macro `println` in this scope
  --> C:\Users\b_cer\.cargo\registry\src\index.crates.io-1949cf8c6b5b557f\crossbeam-utils-0.8.21\build.rs:22:5
   |
22 |     println!("cargo:rustc-check-cfg=cfg(crossbeam_no_atomic,crossbeam_sanitize_thread)");
   |     ^^^^^^^

error: cannot find macro `write` in this scope
   --> C:\Users\b_cer\.cargo\registry\src\index.crates.io-1949cf8c6b5b557f\proc-macro2-1.0.106\src\fallback.rs:238:21
    |
238 |                     write!(f, "{}", tt)
    |                     ^^^^^
    |
help: consider importing this macro
    |
  1 + use core::write;
    |

error: cannot find macro `println` in this scope
  --> C:\Users\b_cer\.cargo\registry\src\index.crates.io-1949cf8c6b5b557f\crossbeam-utils-0.8.21\build.rs:21:5
   |
21 |     println!("cargo:rerun-if-changed=no_atomic.rs");
   |     ^^^^^^^

error: cannot find attribute `derive` in this scope
   --> C:\Users\b_cer\.cargo\registry\src\index.crates.io-1949cf8c6b5b557f\jobserver-0.1.34\src\lib.rs:541:3
    |
541 | #[derive(Debug)]
    |   ^^^^^^
    |
help: consider importing this attribute macro
    |
 84 + use std::prelude::rust_2024::derive;
    |

error: cannot find macro `write` in this scope
   --> C:\Users\b_cer\.cargo\registry\src\index.crates.io-1949cf8c6b5b557f\proc-macro2-1.0.106\src\fallback.rs:240:43
    |
240 |                 TokenTree::Literal(tt) => write!(f, "{}", tt),
    |                                           ^^^^^
    |
help: consider importing this macro
    |
  1 + use core::write;
    |

error: cannot find macro `format` in this scope
   --> C:\Users\b_cer\.cargo\registry\src\index.crates.io-1949cf8c6b5b557f\jobserver-0.1.34\src\lib.rs:419:9
    |
419 |         format!("-j --jobserver-fds={0} --jobserver-auth={0}", arg)
    |         ^^^^^^
    |
help: consider importing this macro
    |
 84 + use std::format;
    |

error: cannot find macro `include` in this scope
  --> C:\Users\b_cer\.cargo\registry\src\index.crates.io-1949cf8c6b5b557f\crossbeam-utils-0.8.21\build.rs:18:1
   |
18 | include!("build-common.rs");
   | ^^^^^^^
   |
help: consider importing this macro
   |
15 + use core::include;
   |

error: cannot find macro `assert` in this scope
   --> C:\Users\b_cer\.cargo\registry\src\index.crates.io-1949cf8c6b5b557f\proc-macro2-1.0.106\src\fallback.rs:356:9
    |
356 |         assert!(self.span_within(Span {
    |         ^^^^^^
    |
help: consider importing this macro
    |
  1 + use core::assert;
    |

error: cannot find attribute `derive` in this scope
   --> C:\Users\b_cer\.cargo\registry\src\index.crates.io-1949cf8c6b5b557f\jobserver-0.1.34\src\lib.rs:160:3
    |
160 | #[derive(Debug)]
    |   ^^^^^^
    |
help: consider importing this attribute macro
    |
 84 + use std::prelude::rust_2024::derive;
    |

error: cannot find macro `include` in this scope
  --> C:\Users\b_cer\.cargo\registry\src\index.crates.io-1949cf8c6b5b557f\crossbeam-utils-0.8.21\build.rs:17:1
   |
17 | include!("no_atomic.rs");
   | ^^^^^^^
   |
help: consider importing this macro
   |
15 + use core::include;
   |

error[E0425]: cannot find type `Option` in this scope
  --> C:\Users\b_cer\.cargo\registry\src\index.crates.io-1949cf8c6b5b557f\getrandom-0.2.17\src\error.rs:74:34
   |
74 |     pub fn raw_os_error(self) -> Option<i32> {
   |                                  ^^^^^^ not found in this scope
   |
help: consider importing this enum
   |
 1 + use core::option::Option;
   |

error[E0425]: cannot find function, tuple struct or tuple variant `Some` in this scope
  --> C:\Users\b_cer\.cargo\registry\src\index.crates.io-1949cf8c6b5b557f\getrandom-0.2.17\src\error.rs:82:23
   |
82 |                 () => Some(self.0.get() as i32),
   |                       ^^^^ not found in this scope
   |
help: consider importing this tuple variant
   |
 1 + use core::option::Option::Some;
   |

error[E0425]: cannot find value `None` in this scope
  --> C:\Users\b_cer\.cargo\registry\src\index.crates.io-1949cf8c6b5b557f\getrandom-0.2.17\src\error.rs:85:13
   |
85 |             None
   |             ^^^^ not found in this scope
   |
help: consider importing this unit variant
   |
 1 + use core::option::Option::None;
   |

error[E0425]: cannot find type `Option` in this scope
   --> C:\Users\b_cer\.cargo\registry\src\index.crates.io-1949cf8c6b5b557f\getrandom-0.2.17\src\error.rs:113:52
    |
113 |         fn os_err(_errno: i32, _buf: &mut [u8]) -> Option<&str> {
    |                                                    ^^^^^^ not found in this scope
    |
help: consider importing this enum
    |
  1 + use core::option::Option;
    |

error[E0425]: cannot find value `None` in this scope
   --> C:\Users\b_cer\.cargo\registry\src\index.crates.io-1949cf8c6b5b557f\getrandom-0.2.17\src\error.rs:114:13
    |
114 |             None
    |             ^^^^ not found in this scope
    |
help: consider importing this unit variant
    |
  1 + use core::option::Option::None;
    |

error[E0531]: cannot find tuple struct or tuple variant `Some` in this scope
   --> C:\Users\b_cer\.cargo\registry\src\index.crates.io-1949cf8c6b5b557f\getrandom-0.2.17\src\error.rs:122:16
    |
122 |         if let Some(errno) = self.raw_os_error() {
    |                ^^^^ not found in this scope
    |
help: consider importing this tuple variant
    |
  1 + use core::option::Option::Some;
    |

error[E0531]: cannot find tuple struct or tuple variant `Some` in this scope
   --> C:\Users\b_cer\.cargo\registry\src\index.crates.io-1949cf8c6b5b557f\getrandom-0.2.17\src\error.rs:125:20
    |
125 |             if let Some(err) = os_err(errno, &mut buf) {
    |                    ^^^^ not found in this scope
    |
help: consider importing this tuple variant
    |
  1 + use core::option::Option::Some;
    |

error[E0531]: cannot find tuple struct or tuple variant `Some` in this scope
   --> C:\Users\b_cer\.cargo\registry\src\index.crates.io-1949cf8c6b5b557f\getrandom-0.2.17\src\error.rs:128:23
    |
128 |         } else if let Some(desc) = internal_desc(*self) {
    |                       ^^^^ not found in this scope
    |
help: consider importing this tuple variant
    |
  1 + use core::option::Option::Some;
    |

error[E0531]: cannot find tuple struct or tuple variant `Some` in this scope
   --> C:\Users\b_cer\.cargo\registry\src\index.crates.io-1949cf8c6b5b557f\getrandom-0.2.17\src\error.rs:140:16
    |
140 |         if let Some(errno) = self.raw_os_error() {
    |                ^^^^ not found in this scope
    |
help: consider importing this tuple variant
    |
  1 + use core::option::Option::Some;
    |

error[E0531]: cannot find tuple struct or tuple variant `Some` in this scope
   --> C:\Users\b_cer\.cargo\registry\src\index.crates.io-1949cf8c6b5b557f\getrandom-0.2.17\src\error.rs:143:17
    |
143 |                 Some(err) => err.fmt(f),
    |                 ^^^^ not found in this scope
    |
help: consider importing this tuple variant
    |
  1 + use core::option::Option::Some;
    |

error[E0531]: cannot find tuple struct or tuple variant `Some` in this scope
   --> C:\Users\b_cer\.cargo\registry\src\index.crates.io-1949cf8c6b5b557f\getrandom-0.2.17\src\error.rs:146:23
    |
146 |         } else if let Some(desc) = internal_desc(*self) {
    |                       ^^^^ not found in this scope
    |
help: consider importing this tuple variant
    |
  1 + use core::option::Option::Some;
    |

error[E0405]: cannot find trait `From` in this scope
   --> C:\Users\b_cer\.cargo\registry\src\index.crates.io-1949cf8c6b5b557f\getrandom-0.2.17\src\error.rs:154:6
    |
154 | impl From<NonZeroU32> for Error {
    |      ^^^^ not found in this scope
    |
help: consider importing this trait
    |
  1 + use core::convert::From;
    |

error[E0425]: cannot find type `Option` in this scope
   --> C:\Users\b_cer\.cargo\registry\src\index.crates.io-1949cf8c6b5b557f\getrandom-0.2.17\src\error.rs:160:35
    |
160 | fn internal_desc(error: Error) -> Option<&'static str> {
    |                                   ^^^^^^ not found in this scope
    |
help: consider importing this enum
    |
  1 + use core::option::Option;
    |

error[E0425]: cannot find function, tuple struct or tuple variant `Some` in this scope
   --> C:\Users\b_cer\.cargo\registry\src\index.crates.io-1949cf8c6b5b557f\getrandom-0.2.17\src\error.rs:162:31
    |
162 |         Error::UNSUPPORTED => Some("getrandom: this target is not supported"),
    |                               ^^^^ not found in this scope
    |
help: consider importing this tuple variant
    |
  1 + use core::option::Option::Some;
    |

error[E0425]: cannot find function, tuple struct or tuple variant `Some` in this scope
   --> C:\Users\b_cer\.cargo\registry\src\index.crates.io-1949cf8c6b5b557f\getrandom-0.2.17\src\error.rs:163:38
    |
163 |         Error::ERRNO_NOT_POSITIVE => Some("errno: did not return a positive value"),
    |                                      ^^^^ not found in this scope
    |
help: consider importing this tuple variant
    |
  1 + use core::option::Option::Some;
    |

error[E0425]: cannot find function, tuple struct or tuple variant `Some` in this scope
   --> C:\Users\b_cer\.cargo\registry\src\index.crates.io-1949cf8c6b5b557f\getrandom-0.2.17\src\error.rs:164:30
    |
164 |         Error::UNEXPECTED => Some("unexpected situation"),
    |                              ^^^^ not found in this scope
    |
help: consider importing this tuple variant
    |
  1 + use core::option::Option::Some;
    |

error[E0425]: cannot find function, tuple struct or tuple variant `Some` in this scope
   --> C:\Users\b_cer\.cargo\registry\src\index.crates.io-1949cf8c6b5b557f\getrandom-0.2.17\src\error.rs:165:34
    |
165 |         Error::IOS_SEC_RANDOM => Some("SecRandomCopyBytes: iOS Security framework failure"),
    |                                  ^^^^ not found in this scope
    |
help: consider importing this tuple variant
    |
  1 + use core::option::Option::Some;
    |

error[E0425]: cannot find function, tuple struct or tuple variant `Some` in this scope
   --> C:\Users\b_cer\.cargo\registry\src\index.crates.io-1949cf8c6b5b557f\getrandom-0.2.17\src\error.rs:166:42
    |
166 |         Error::WINDOWS_RTL_GEN_RANDOM => Some("RtlGenRandom: Windows system function failure"),
    |                                          ^^^^ not found in this scope
    |
help: consider importing this tuple variant
    |
  1 + use core::option::Option::Some;
    |

error[E0425]: cannot find function, tuple struct or tuple variant `Some` in this scope
   --> C:\Users\b_cer\.cargo\registry\src\index.crates.io-1949cf8c6b5b557f\getrandom-0.2.17\src\error.rs:167:33
    |
167 |         Error::FAILED_RDRAND => Some("RDRAND: failed multiple times: CPU issue likely"),
    |                                 ^^^^ not found in this scope
    |
help: consider importing this tuple variant
    |
  1 + use core::option::Option::Some;
    |

error[E0425]: cannot find function, tuple struct or tuple variant `Some` in this scope
   --> C:\Users\b_cer\.cargo\registry\src\index.crates.io-1949cf8c6b5b557f\getrandom-0.2.17\src\error.rs:168:29
    |
168 |         Error::NO_RDRAND => Some("RDRAND: instruction not supported"),
    |                             ^^^^ not found in this scope
    |
help: consider importing this tuple variant
    |
  1 + use core::option::Option::Some;
    |

error[E0425]: cannot find function, tuple struct or tuple variant `Some` in this scope
   --> C:\Users\b_cer\.cargo\registry\src\index.crates.io-1949cf8c6b5b557f\getrandom-0.2.17\src\error.rs:169:30
    |
169 |         Error::WEB_CRYPTO => Some("Web Crypto API is unavailable"),
    |                              ^^^^ not found in this scope
    |
help: consider importing this tuple variant
    |
  1 + use core::option::Option::Some;
    |

error[E0425]: cannot find function, tuple struct or tuple variant `Some` in this scope
   --> C:\Users\b_cer\.cargo\registry\src\index.crates.io-1949cf8c6b5b557f\getrandom-0.2.17\src\error.rs:170:41
    |
170 |         Error::WEB_GET_RANDOM_VALUES => Some("Calling Web API crypto.getRandomValues failed"),
    |                                         ^^^^ not found in this scope
    |
help: consider importing this tuple variant
    |
  1 + use core::option::Option::Some;
    |

error[E0425]: cannot find function, tuple struct or tuple variant `Some` in this scope
   --> C:\Users\b_cer\.cargo\registry\src\index.crates.io-1949cf8c6b5b557f\getrandom-0.2.17\src\error.rs:171:39
    |
171 |         Error::VXWORKS_RAND_SECURE => Some("randSecure: VxWorks RNG module is not initialized"),
    |                                       ^^^^ not found in this scope
    |
help: consider importing this tuple variant
    |
  1 + use core::option::Option::Some;
    |

error[E0425]: cannot find function, tuple struct or tuple variant `Some` in this scope
   --> C:\Users\b_cer\.cargo\registry\src\index.crates.io-1949cf8c6b5b557f\getrandom-0.2.17\src\error.rs:172:31
    |
172 |         Error::NODE_CRYPTO => Some("Node.js crypto CommonJS module is unavailable"),
    |                               ^^^^ not found in this scope
    |
help: consider importing this tuple variant
    |
  1 + use core::option::Option::Some;
    |

error[E0425]: cannot find function, tuple struct or tuple variant `Some` in this scope
   --> C:\Users\b_cer\.cargo\registry\src\index.crates.io-1949cf8c6b5b557f\getrandom-0.2.17\src\error.rs:173:41
    |
173 |         Error::NODE_RANDOM_FILL_SYNC => Some("Calling Node.js API crypto.randomFillSync failed"),
    |                                         ^^^^ not found in this scope
    |
help: consider importing this tuple variant
    |
  1 + use core::option::Option::Some;
    |

error[E0425]: cannot find function, tuple struct or tuple variant `Some` in this scope
   --> C:\Users\b_cer\.cargo\registry\src\index.crates.io-1949cf8c6b5b557f\getrandom-0.2.17\src\error.rs:174:34
    |
174 | ...   Error::NODE_ES_MODULE => Some("Node.js ES modules are not directly supported, see https://docs.rs/getrandom#nodejs-es-module-...
    |                                ^^^^ not found in this scope
    |
help: consider importing this tuple variant
    |
  1 + use core::option::Option::Some;
    |

error[E0425]: cannot find value `None` in this scope
   --> C:\Users\b_cer\.cargo\registry\src\index.crates.io-1949cf8c6b5b557f\getrandom-0.2.17\src\error.rs:175:14
    |
175 |         _ => None,
    |              ^^^^ not found in this scope
    |
help: consider importing this unit variant
    |
  1 + use core::option::Option::None;
    |

error[E0405]: cannot find trait `From` in this scope
 --> C:\Users\b_cer\.cargo\registry\src\index.crates.io-1949cf8c6b5b557f\getrandom-0.2.17\src\error_impls.rs:6:6
  |
6 | impl From<Error> for io::Error {
  |      ^^^^ not found in this scope
  |
help: consider importing this trait
  |
3 + use core::convert::From;
  |

error[E0531]: cannot find tuple struct or tuple variant `Some` in this scope
 --> C:\Users\b_cer\.cargo\registry\src\index.crates.io-1949cf8c6b5b557f\getrandom-0.2.17\src\error_impls.rs:9:13
  |
9 |             Some(errno) => io::Error::from_raw_os_error(errno),
  |             ^^^^ not found in this scope
  |
help: consider importing this tuple variant
  |
3 + use core::option::Option::Some;
  |

error[E0425]: cannot find type `Result` in this scope
  --> C:\Users\b_cer\.cargo\registry\src\index.crates.io-1949cf8c6b5b557f\getrandom-0.2.17\src\windows.rs:25:57
   |
25 | pub fn getrandom_inner(dest: &mut [MaybeUninit<u8>]) -> Result<(), Error> {
   |                                                         ^^^^^^ not found in this scope
   |
help: consider importing one of these items
   |
 2 + use core::fmt::Result;
   |
 2 + use core::result::Result;
   |

error[E0425]: cannot find function, tuple struct or tuple variant `Err` in this scope
  --> C:\Users\b_cer\.cargo\registry\src\index.crates.io-1949cf8c6b5b557f\getrandom-0.2.17\src\windows.rs:56:20
   |
56 |             return Err(Error::from(code));
   |                    ^^^ not found in this scope
   |
help: consider importing this tuple variant
   |
 2 + use core::result::Result::Err;
   |

error[E0425]: cannot find function, tuple struct or tuple variant `Ok` in this scope
  --> C:\Users\b_cer\.cargo\registry\src\index.crates.io-1949cf8c6b5b557f\getrandom-0.2.17\src\windows.rs:59:5
   |
59 |     Ok(())
   |     ^^ not found in this scope
   |
help: consider importing this tuple variant
   |
 2 + use core::result::Result::Ok;
   |

error[E0425]: cannot find type `Result` in this scope
   --> C:\Users\b_cer\.cargo\registry\src\index.crates.io-1949cf8c6b5b557f\getrandom-0.2.17\src\lib.rs:370:38
    |
370 | pub fn getrandom(dest: &mut [u8]) -> Result<(), Error> {
    |                                      ^^^^^^ not found in this scope
    |
help: consider importing one of these items
    |
216 + use core::fmt::Result;
    |
216 + use core::result::Result;
    |

error[E0425]: cannot find function, tuple struct or tuple variant `Ok` in this scope
   --> C:\Users\b_cer\.cargo\registry\src\index.crates.io-1949cf8c6b5b557f\getrandom-0.2.17\src\lib.rs:375:5
    |
375 |     Ok(())
    |     ^^ not found in this scope
    |
help: consider importing this tuple variant
    |
216 + use core::result::Result::Ok;
    |

error[E0425]: cannot find type `Result` in this scope
   --> C:\Users\b_cer\.cargo\registry\src\index.crates.io-1949cf8c6b5b557f\getrandom-0.2.17\src\lib.rs:400:58
    |
400 | pub fn getrandom_uninit(dest: &mut [MaybeUninit<u8>]) -> Result<&mut [u8], Error> {
    |                                                          ^^^^^^ not found in this scope
    |
help: consider importing one of these items
    |
216 + use core::fmt::Result;
    |
216 + use core::result::Result;
    |

error[E0425]: cannot find function, tuple struct or tuple variant `Ok` in this scope
   --> C:\Users\b_cer\.cargo\registry\src\index.crates.io-1949cf8c6b5b557f\getrandom-0.2.17\src\lib.rs:406:5
    |
406 |     Ok(unsafe { slice_assume_init_mut(dest) })
    |     ^^ not found in this scope
    |
help: consider importing this tuple variant
    |
216 + use core::result::Result::Ok;
    |

error: cannot find attribute `derive` in this scope
   --> C:\Users\b_cer\.cargo\registry\src\index.crates.io-1949cf8c6b5b557f\jobserver-0.1.34\src\lib.rs:149:3
    |
149 | #[derive(Default, Debug)]
    |   ^^^^^^
    |
help: consider importing this attribute macro
    |
 84 + use std::prelude::rust_2024::derive;
    |

error[E0425]: cannot find type `String` in this scope
   --> C:\Users\b_cer\.cargo\registry\src\index.crates.io-1949cf8c6b5b557f\zerocopy-0.8.42\build.rs:115:15
    |
115 |     cfg_name: String,
    |               ^^^^^^ not found in this scope

error[E0425]: cannot find type `Vec` in this scope
   --> C:\Users\b_cer\.cargo\registry\src\index.crates.io-1949cf8c6b5b557f\zerocopy-0.8.42\build.rs:120:44
    |
120 | fn parse_version_cfgs_from_cargo_toml() -> Vec<VersionCfg> {
    |                                            ^^^ not found in this scope

error[E0425]: cannot find value `None` in this scope
   --> C:\Users\b_cer\.cargo\registry\src\index.crates.io-1949cf8c6b5b557f\zerocopy-0.8.42\build.rs:182:24
    |
182 |                 return None;
    |                        ^^^^ not found in this scope
    |
help: consider importing this unit variant
    |
 58 + use core::option::Option::None;
    |

error[E0425]: cannot find function, tuple struct or tuple variant `Some` in this scope
   --> C:\Users\b_cer\.cargo\registry\src\index.crates.io-1949cf8c6b5b557f\zerocopy-0.8.42\build.rs:220:13
    |
220 |             Some(VersionCfg { version: Version { major, minor, patch }, cfg_name: name })
    |             ^^^^ not found in this scope
    |
help: consider importing this tuple variant
    |
 58 + use core::option::Option::Some;
    |

error: cannot find macro `assert` in this scope
   --> C:\Users\b_cer\.cargo\registry\src\index.crates.io-1949cf8c6b5b557f\proc-macro2-1.0.106\src\fallback.rs:490:17
    |
490 |                 assert!(file.span_within(span));
    |                 ^^^^^^
    |
help: consider importing this macro
    |
  1 + use core::assert;
    |

error: `#[panic_handler]` function required, but not found

error: unwinding panics are not supported without std
  |
  = help: using nightly cargo, use -Zbuild-std with panic="abort" to avoid unwinding
  = note: since the core library is usually precompiled with panic="unwind", rebuilding your crate with panic="abort" may not be enough to fix the problem

error: cannot find attribute `derive` in this scope
   --> C:\Users\b_cer\.cargo\registry\src\index.crates.io-1949cf8c6b5b557f\jobserver-0.1.34\src\lib.rs:143:3
    |
143 | #[derive(Default, Debug)]
    |   ^^^^^^
    |
help: consider importing this attribute macro
    |
 84 + use std::prelude::rust_2024::derive;
    |

Some errors have detailed explanations: E0405, E0425, E0531.
For more information about an error, try `rustc --explain E0405`.
error: cannot find attribute `derive` in this scope
   --> C:\Users\b_cer\.cargo\registry\src\index.crates.io-1949cf8c6b5b557f\jobserver-0.1.34\src\lib.rs:123:3
    |
123 | #[derive(Debug)]
    |   ^^^^^^
    |
help: consider importing this attribute macro
    |
 84 + use std::prelude::rust_2024::derive;
    |

error: cannot find macro `unreachable` in this scope
   --> C:\Users\b_cer\.cargo\registry\src\index.crates.io-1949cf8c6b5b557f\proc-macro2-1.0.106\src\fallback.rs:495:23
    |
495 |             Err(_) => unreachable!("Invalid span with no related FileInfo!"),
    |                       ^^^^^^^^^^^
    |
help: consider importing this macro
    |
  1 + use core::unreachable;
    |

error: could not compile `getrandom` (lib) due to 41 previous errors
error[E0369]: binary operation `>=` cannot be applied to type `Version`
   --> C:\Users\b_cer\.cargo\registry\src\index.crates.io-1949cf8c6b5b557f\zerocopy-0.8.42\build.rs:72:22
    |
 72 |     if rustc_version >= (Version { major: 1, minor: 77, patch: 0 }) {
    |        ------------- ^^ ------------------------------------------- Version
    |        |
    |        Version
    |
note: an implementation of `core::cmp::PartialOrd` might be missing for `Version`
   --> C:\Users\b_cer\.cargo\registry\src\index.crates.io-1949cf8c6b5b557f\zerocopy-0.8.42\build.rs:106:1
    |
106 | struct Version {
    | ^^^^^^^^^^^^^^ must implement `core::cmp::PartialOrd`
help: consider annotating `Version` with `#[derive(PartialEq, PartialOrd)]`
    |
106 + #[derive(PartialEq, PartialOrd)]
107 | struct Version {
    |

error: cannot find attribute `derive` in this scope
   --> C:\Users\b_cer\.cargo\registry\src\index.crates.io-1949cf8c6b5b557f\jobserver-0.1.34\src\lib.rs:114:3
    |
114 | #[derive(Clone, Debug)]
    |   ^^^^^^
    |
help: consider importing this attribute macro
    |
 84 + use std::prelude::rust_2024::derive;
    |

error[E0282]: type annotations needed
   --> C:\Users\b_cer\.cargo\registry\src\index.crates.io-1949cf8c6b5b557f\zerocopy-0.8.42\build.rs:165:22
    |
165 |         .filter_map(|line| {
    |                      ^^^^
...
179 |             let before_comment = line.split('#').next().expect(ITER_FIRST_NEXT_EXPECT_MSG);
    |                                  ---- type must be known at this point
    |
help: consider giving this closure parameter an explicit type
    |
165 |         .filter_map(|line: /* Type */| {
    |                          ++++++++++++

error[E0531]: cannot find tuple struct or tuple variant `Ok` in this scope
  --> C:\Users\b_cer\.cargo\registry\src\index.crates.io-1949cf8c6b5b557f\crossbeam-utils-0.8.21\build.rs:25:9
   |
25 |         Ok(target) => convert_custom_linux_target(target),
   |         ^^ not found in this scope
   |
help: consider importing this tuple variant
   |
15 + use core::result::Result::Ok;
   |

error[E0531]: cannot find tuple struct or tuple variant `Err` in this scope
  --> C:\Users\b_cer\.cargo\registry\src\index.crates.io-1949cf8c6b5b557f\crossbeam-utils-0.8.21\build.rs:26:9
   |
26 |         Err(e) => {
   |         ^^^ not found in this scope
   |
help: consider importing this tuple variant
   |
15 + use core::result::Result::Err;
   |

error[E0425]: cannot find value `NO_ATOMIC` in this scope
  --> C:\Users\b_cer\.cargo\registry\src\index.crates.io-1949cf8c6b5b557f\crossbeam-utils-0.8.21\build.rs:39:8
   |
39 |     if NO_ATOMIC.contains(&&*target) {
   |        ^^^^^^^^^ not found in this scope

error: cannot find attribute `derive` in this scope
   --> C:\Users\b_cer\.cargo\registry\src\index.crates.io-1949cf8c6b5b557f\proc-macro2-1.0.106\src\fallback.rs:519:3
    |
519 | #[derive(Clone, Copy, PartialEq, Eq)]
    |   ^^^^^^
    |
help: consider importing this attribute macro
    |
  1 + use core::prelude::rust_2024::derive;
    |

error: cannot find macro `panic` in this scope
   --> C:\Users\b_cer\.cargo\registry\src\index.crates.io-1949cf8c6b5b557f\jobserver-0.1.34\src\windows.rs:265:13
    |
265 |             panic!("failed to set event: {}", io::Error::last_os_error());
    |             ^^^^^
    |
help: consider importing this macro
    |
  1 + use std::panic;
    |

Some errors have detailed explanations: E0282, E0369, E0425, E0463.
For more information about an error, try `rustc --explain E0282`.
error[E0425]: cannot find function `convert_custom_linux_target` in this scope
  --> C:\Users\b_cer\.cargo\registry\src\index.crates.io-1949cf8c6b5b557f\crossbeam-utils-0.8.21\build.rs:25:23
   |
25 |         Ok(target) => convert_custom_linux_target(target),
   |                       ^^^^^^^^^^^^^^^^^^^^^^^^^^^ not found in this scope

Some errors have detailed explanations: E0425, E0531.
For more information about an error, try `rustc --explain E0425`.
error: cannot find attribute `derive` in this scope
   --> C:\Users\b_cer\.cargo\registry\src\index.crates.io-1949cf8c6b5b557f\jobserver-0.1.34\src\windows.rs:216:3
    |
216 | #[derive(Debug)]
    |   ^^^^^^
    |
help: consider importing this attribute macro
    |
  1 + use std::prelude::rust_2024::derive;
    |

error: cannot find macro `write` in this scope
   --> C:\Users\b_cer\.cargo\registry\src\index.crates.io-1949cf8c6b5b557f\proc-macro2-1.0.106\src\fallback.rs:698:16
    |
698 |         return write!(f, "bytes({}..{})", self.lo, self.hi);
    |                ^^^^^
    |
help: consider importing this macro
    |
  1 + use core::write;
    |

error: could not compile `zerocopy` (build script) due to 27 previous errors
error: cannot find attribute `derive` in this scope
   --> C:\Users\b_cer\.cargo\registry\src\index.crates.io-1949cf8c6b5b557f\jobserver-0.1.34\src\windows.rs:202:3
    |
202 | #[derive(Debug)]
    |   ^^^^^^
    |
help: consider importing this attribute macro
    |
  1 + use std::prelude::rust_2024::derive;
    |

error: could not compile `crossbeam-utils` (build script) due to 16 previous errors
error: cannot find macro `cfg` in this scope
   --> C:\Users\b_cer\.cargo\registry\src\index.crates.io-1949cf8c6b5b557f\proc-macro2-1.0.106\src\fallback.rs:713:8
    |
713 |     if cfg!(span_locations) {
    |        ^^^
    |
    = note: `cfg` is in scope, but it is an attribute: `#[cfg]`
help: consider importing this macro
    |
  1 + use core::cfg;
    |

error: cannot find macro `unreachable` in this scope
   --> C:\Users\b_cer\.cargo\registry\src\index.crates.io-1949cf8c6b5b557f\jobserver-0.1.34\src\windows.rs:157:18
    |
157 |             _ => unreachable!("Unexpected return value from WaitForSingleObject"),
    |                  ^^^^^^^^^^^
    |
help: consider importing this macro
    |
  1 + use std::unreachable;
    |

error: cannot find macro `format` in this scope
  --> C:\Users\b_cer\.cargo\registry\src\index.crates.io-1949cf8c6b5b557f\jobserver-0.1.34\src\windows.rs:82:28
   |
82 |             let mut name = format!("__rust_jobserver_semaphore_{}\0", bytes);
   |                            ^^^^^^
   |
help: consider importing this macro
   |
 1 + use std::format;
   |

error: cannot find attribute `derive` in this scope
   --> C:\Users\b_cer\.cargo\registry\src\index.crates.io-1949cf8c6b5b557f\proc-macro2-1.0.106\src\fallback.rs:718:3
    |
718 | #[derive(Clone)]
    |   ^^^^^^
    |
help: consider importing this attribute macro
    |
  1 + use core::prelude::rust_2024::derive;
    |

error: cannot find attribute `derive` in this scope
  --> C:\Users\b_cer\.cargo\registry\src\index.crates.io-1949cf8c6b5b557f\jobserver-0.1.34\src\windows.rs:15:3
   |
15 | #[derive(Debug)]
   |   ^^^^^^
   |
help: consider importing this attribute macro
   |
 1 + use std::prelude::rust_2024::derive;
   |

error: cannot find attribute `derive` in this scope
   --> C:\Users\b_cer\.cargo\registry\src\index.crates.io-1949cf8c6b5b557f\proc-macro2-1.0.106\src\fallback.rs:796:3
    |
796 | #[derive(Clone)]
    |   ^^^^^^
    |
help: consider importing this attribute macro
    |
  1 + use core::prelude::rust_2024::derive;
    |

error: cannot find attribute `derive` in this scope
 --> C:\Users\b_cer\.cargo\registry\src\index.crates.io-1949cf8c6b5b557f\jobserver-0.1.34\src\windows.rs:9:3
  |
9 | #[derive(Debug)]
  |   ^^^^^^
  |
help: consider importing this attribute macro
  |
1 + use std::prelude::rust_2024::derive;
  |

error: cannot find attribute `derive` in this scope
  --> C:\Users\b_cer\.cargo\registry\src\index.crates.io-1949cf8c6b5b557f\jobserver-0.1.34\src\error.rs:85:3
   |
85 | #[derive(Debug)]
   |   ^^^^^^
   |
help: consider importing this attribute macro
   |
 1 + use std::prelude::rust_2024::derive;
   |

error: cannot find macro `format_args` in this scope
   --> C:\Users\b_cer\.cargo\registry\src\index.crates.io-1949cf8c6b5b557f\proc-macro2-1.0.106\src\fallback.rs:936:29
    |
936 |         debug.field("sym", &format_args!("{}", self));
    |                             ^^^^^^^^^^^
    |
help: consider importing this macro
    |
  1 + use core::format_args;
    |

error: cannot find macro `write` in this scope
  --> C:\Users\b_cer\.cargo\registry\src\index.crates.io-1949cf8c6b5b557f\jobserver-0.1.34\src\error.rs:68:47
   |
68 |             FromEnvErrorInner::Unsupported => write!(f, "jobserver inheritance is not supported on this platform"),
   |                                               ^^^^^
   |
help: consider importing this macro
   |
 1 + use std::write;
   |

error: cannot find attribute `derive` in this scope
   --> C:\Users\b_cer\.cargo\registry\src\index.crates.io-1949cf8c6b5b557f\proc-macro2-1.0.106\src\fallback.rs:942:3
    |
942 | #[derive(Clone)]
    |   ^^^^^^
    |
help: consider importing this attribute macro
    |
  1 + use core::prelude::rust_2024::derive;
    |

error: cannot find macro `write` in this scope
  --> C:\Users\b_cer\.cargo\registry\src\index.crates.io-1949cf8c6b5b557f\jobserver-0.1.34\src\error.rs:67:59
   |
67 | ...   FromEnvErrorInner::NotAPipe(fd, Some(err)) => write!(f, "file descriptor {fd} from the jobserver environment variable value is...
   |                                                     ^^^^^
   |
help: consider importing this macro
   |
 1 + use std::write;
   |

error: cannot find macro `write` in this scope
  --> C:\Users\b_cer\.cargo\registry\src\index.crates.io-1949cf8c6b5b557f\jobserver-0.1.34\src\error.rs:66:54
   |
66 | ...   FromEnvErrorInner::NotAPipe(fd, None) => write!(f, "file descriptor {fd} from the jobserver environment variable value is not ...
   |                                                ^^^^^
   |
help: consider importing this macro
   |
 1 + use std::write;
   |

error[E0425]: cannot find type `NonZeroRawOsError` in this scope
  --> C:\Users\b_cer\.cargo\registry\src\index.crates.io-1949cf8c6b5b557f\getrandom-0.3.4\src\error.rs:36:18
   |
36 | pub struct Error(NonZeroRawOsError);
   |                  ^^^^^^^^^^^^^^^^^ not found in this scope

error[E0425]: cannot find type `RawOsError` in this scope
  --> C:\Users\b_cer\.cargo\registry\src\index.crates.io-1949cf8c6b5b557f\getrandom-0.3.4\src\error.rs:47:27
   |
47 |     const INTERNAL_START: RawOsError = 1 << 16;
   |                           ^^^^^^^^^^ not found in this scope

error[E0425]: cannot find type `RawOsError` in this scope
  --> C:\Users\b_cer\.cargo\registry\src\index.crates.io-1949cf8c6b5b557f\getrandom-0.3.4\src\error.rs:49:25
   |
49 |     const CUSTOM_START: RawOsError = 1 << 17;
   |                         ^^^^^^^^^^ not found in this scope

error[E0425]: cannot find type `RawOsError` in this scope
  --> C:\Users\b_cer\.cargo\registry\src\index.crates.io-1949cf8c6b5b557f\getrandom-0.3.4\src\error.rs:54:45
   |
54 |     pub(super) fn from_neg_error_code(code: RawOsError) -> Self {
   |                                             ^^^^^^^^^^ not found in this scope

error[E0425]: cannot find type `Option` in this scope
  --> C:\Users\b_cer\.cargo\registry\src\index.crates.io-1949cf8c6b5b557f\getrandom-0.3.4\src\error.rs:88:34
   |
88 |     pub fn raw_os_error(self) -> Option<RawOsError> {
   |                                  ^^^^^^ not found in this scope
   |
help: consider importing this enum
   |
 4 + use core::option::Option;
   |

error[E0425]: cannot find type `RawOsError` in this scope
  --> C:\Users\b_cer\.cargo\registry\src\index.crates.io-1949cf8c6b5b557f\getrandom-0.3.4\src\error.rs:88:41
   |
88 |     pub fn raw_os_error(self) -> Option<RawOsError> {
   |                                         ^^^^^^^^^^ not found in this scope
   |
help: you might be missing a type parameter
   |
38 | impl<RawOsError> Error {
   |     ++++++++++++

error[E0425]: cannot find value `None` in this scope
   --> C:\Users\b_cer\.cargo\registry\src\index.crates.io-1949cf8c6b5b557f\getrandom-0.3.4\src\error.rs:116:17
    |
116 |                 None
    |                 ^^^^ not found in this scope
    |
help: consider importing this unit variant
    |
  4 + use core::option::Option::None;
    |

error[E0425]: cannot find function, tuple struct or tuple variant `Some` in this scope
   --> C:\Users\b_cer\.cargo\registry\src\index.crates.io-1949cf8c6b5b557f\getrandom-0.3.4\src\error.rs:120:17
    |
120 |                 Some(code)
    |                 ^^^^ not found in this scope
    |
help: consider importing this tuple variant
    |
  4 + use core::option::Option::Some;
    |

error[E0425]: cannot find type `RawOsError` in this scope
   --> C:\Users\b_cer\.cargo\registry\src\index.crates.io-1949cf8c6b5b557f\getrandom-0.3.4\src\error.rs:128:48
    |
128 |         let code = Error::CUSTOM_START + (n as RawOsError);
    |                                                ^^^^^^^^^^ not found in this scope

error[E0425]: cannot find type `RawOsError` in this scope
   --> C:\Users\b_cer\.cargo\registry\src\index.crates.io-1949cf8c6b5b557f\getrandom-0.3.4\src\error.rs:135:50
    |
135 |         let code = Error::INTERNAL_START + (n as RawOsError);
    |                                                  ^^^^^^^^^^ not found in this scope

error[E0425]: cannot find type `Option` in this scope
   --> C:\Users\b_cer\.cargo\registry\src\index.crates.io-1949cf8c6b5b557f\getrandom-0.3.4\src\error.rs:139:32
    |
139 |     fn internal_desc(&self) -> Option<&'static str> {
    |                                ^^^^^^ not found in this scope
    |
help: consider importing this enum
    |
  4 + use core::option::Option;
    |

error[E0425]: cannot find value `None` in this scope
   --> C:\Users\b_cer\.cargo\registry\src\index.crates.io-1949cf8c6b5b557f\getrandom-0.3.4\src\error.rs:173:25
    |
173 |             _ => return None,
    |                         ^^^^ not found in this scope
    |
help: consider importing this unit variant
    |
  4 + use core::option::Option::None;
    |

error[E0425]: cannot find function, tuple struct or tuple variant `Some` in this scope
   --> C:\Users\b_cer\.cargo\registry\src\index.crates.io-1949cf8c6b5b557f\getrandom-0.3.4\src\error.rs:175:9
    |
175 |         Some(desc)
    |         ^^^^ not found in this scope
    |
help: consider importing this tuple variant
    |
  4 + use core::option::Option::Some;
    |

error[E0531]: cannot find tuple struct or tuple variant `Some` in this scope
   --> C:\Users\b_cer\.cargo\registry\src\index.crates.io-1949cf8c6b5b557f\getrandom-0.3.4\src\error.rs:182:16
    |
182 |         if let Some(errno) = self.raw_os_error() {
    |                ^^^^ not found in this scope
    |
help: consider importing this tuple variant
    |
  4 + use core::option::Option::Some;
    |

error[E0531]: cannot find tuple struct or tuple variant `Some` in this scope
   --> C:\Users\b_cer\.cargo\registry\src\index.crates.io-1949cf8c6b5b557f\getrandom-0.3.4\src\error.rs:186:23
    |
186 |         } else if let Some(desc) = self.internal_desc() {
    |                       ^^^^ not found in this scope
    |
help: consider importing this tuple variant
    |
  4 + use core::option::Option::Some;
    |

error[E0531]: cannot find tuple struct or tuple variant `Some` in this scope
   --> C:\Users\b_cer\.cargo\registry\src\index.crates.io-1949cf8c6b5b557f\getrandom-0.3.4\src\error.rs:198:16
    |
198 |         if let Some(errno) = self.raw_os_error() {
    |                ^^^^ not found in this scope
    |
help: consider importing this tuple variant
    |
  4 + use core::option::Option::Some;
    |

error[E0531]: cannot find tuple struct or tuple variant `Some` in this scope
   --> C:\Users\b_cer\.cargo\registry\src\index.crates.io-1949cf8c6b5b557f\getrandom-0.3.4\src\error.rs:206:23
    |
206 |         } else if let Some(desc) = self.internal_desc() {
    |                       ^^^^ not found in this scope
    |
help: consider importing this tuple variant
    |
  4 + use core::option::Option::Some;
    |

error: cannot find macro `concat` in this scope
    --> C:\Users\b_cer\.cargo\registry\src\index.crates.io-1949cf8c6b5b557f\proc-macro2-1.0.106\src\fallback.rs:951:35
     |
 951 |               Literal::_new(format!(concat!("{}", stringify!($kind)), n))
     |                                     ^^^^^^
...
1006 | /     suffixed_numbers! {
1007 | |         u8_suffixed => u8,
1008 | |         u16_suffixed => u16,
1009 | |         u32_suffixed => u32,
...    |
1021 | |         f64_suffixed => f64,
1022 | |     }
     | |_____- in this macro invocation
     |
     = note: this error originates in the macro `suffixed_numbers` (in Nightly builds, run with -Z macro-backtrace for more info)
help: consider importing this macro
     |
   1 + use core::concat;
     |

error[E0405]: cannot find trait `Sized` in this scope
  --> C:\Users\b_cer\.cargo\registry\src\index.crates.io-1949cf8c6b5b557f\getrandom-0.3.4\src\util.rs:42:21
   |
42 | fn ptr_from_mut<T: ?Sized>(r: &mut T) -> *mut T {
   |                     ^^^^^ not found in this scope
   |
help: consider importing this trait
   |
 2 + use core::marker::Sized;
   |

error[E0405]: cannot find trait `Sized` in this scope
  --> C:\Users\b_cer\.cargo\registry\src\index.crates.io-1949cf8c6b5b557f\getrandom-0.3.4\src\util.rs:47:21
   |
47 | fn ptr_from_ref<T: ?Sized>(r: &T) -> *const T {
   |                     ^^^^^ not found in this scope
   |
help: consider importing this trait
   |
 2 + use core::marker::Sized;
   |

error[E0425]: cannot find type `Result` in this scope
  --> C:\Users\b_cer\.cargo\registry\src\index.crates.io-1949cf8c6b5b557f\getrandom-0.3.4\src\util.rs:53:23
   |
53 | pub fn inner_u32() -> Result<u32, Error> {
   |                       ^^^^^^ not found in this scope
   |
help: consider importing one of these items
   |
 2 + use core::fmt::Result;
   |
 2 + use core::result::Result;
   |

error[E0425]: cannot find function, tuple struct or tuple variant `Ok` in this scope
  --> C:\Users\b_cer\.cargo\registry\src\index.crates.io-1949cf8c6b5b557f\getrandom-0.3.4\src\util.rs:63:5
   |
63 |     Ok(unsafe { res.assume_init() })
   |     ^^ not found in this scope
   |
help: consider importing this tuple variant
   |
 2 + use core::result::Result::Ok;
   |

error[E0425]: cannot find type `Result` in this scope
  --> C:\Users\b_cer\.cargo\registry\src\index.crates.io-1949cf8c6b5b557f\getrandom-0.3.4\src\util.rs:68:23
   |
68 | pub fn inner_u64() -> Result<u64, Error> {
   |                       ^^^^^^ not found in this scope
   |
help: consider importing one of these items
   |
 2 + use core::fmt::Result;
   |
 2 + use core::result::Result;
   |

error[E0425]: cannot find function, tuple struct or tuple variant `Ok` in this scope
  --> C:\Users\b_cer\.cargo\registry\src\index.crates.io-1949cf8c6b5b557f\getrandom-0.3.4\src\util.rs:78:5
   |
78 |     Ok(unsafe { res.assume_init() })
   |     ^^ not found in this scope
   |
help: consider importing this tuple variant
   |
 2 + use core::result::Result::Ok;
   |

error[E0405]: cannot find trait `From` in this scope
 --> C:\Users\b_cer\.cargo\registry\src\index.crates.io-1949cf8c6b5b557f\getrandom-0.3.4\src\error_std_impls.rs:6:6
  |
6 | impl From<Error> for io::Error {
  |      ^^^^ not found in this scope
  |
help: consider importing this trait
  |
3 + use core::convert::From;
  |

error[E0531]: cannot find tuple struct or tuple variant `Some` in this scope
 --> C:\Users\b_cer\.cargo\registry\src\index.crates.io-1949cf8c6b5b557f\getrandom-0.3.4\src\error_std_impls.rs:9:13
  |
9 |             Some(errno) => io::Error::from_raw_os_error(errno),
  |             ^^^^ not found in this scope
  |
help: consider importing this tuple variant
  |
3 + use core::option::Option::Some;
  |

error[E0425]: cannot find type `Result` in this scope
  --> C:\Users\b_cer\.cargo\registry\src\index.crates.io-1949cf8c6b5b557f\getrandom-0.3.4\src\lib.rs:66:33
   |
66 | pub fn fill(dest: &mut [u8]) -> Result<(), Error> {
   |                                 ^^^^^^ not found in this scope
   |
help: consider importing one of these items
   |
33 + use core::fmt::Result;
   |
33 + use core::result::Result;
   |

error[E0425]: cannot find function, tuple struct or tuple variant `Ok` in this scope
  --> C:\Users\b_cer\.cargo\registry\src\index.crates.io-1949cf8c6b5b557f\getrandom-0.3.4\src\lib.rs:71:5
   |
71 |     Ok(())
   |     ^^ not found in this scope
   |
help: consider importing this tuple variant
   |
33 + use core::result::Result::Ok;
   |

error[E0425]: cannot find type `Result` in this scope
  --> C:\Users\b_cer\.cargo\registry\src\index.crates.io-1949cf8c6b5b557f\getrandom-0.3.4\src\lib.rs:97:53
   |
97 | pub fn fill_uninit(dest: &mut [MaybeUninit<u8>]) -> Result<&mut [u8], Error> {
   |                                                     ^^^^^^ not found in this scope
   |
help: consider importing one of these items
   |
33 + use core::fmt::Result;
   |
33 + use core::result::Result;
   |

error[E0425]: cannot find function `fill_inner` in module `backends`
  --> C:\Users\b_cer\.cargo\registry\src\index.crates.io-1949cf8c6b5b557f\getrandom-0.3.4\src\lib.rs:99:19
   |
99 |         backends::fill_inner(dest)?;
   |                   ^^^^^^^^^^ not found in `backends`

error[E0425]: cannot find function, tuple struct or tuple variant `Ok` in this scope
   --> C:\Users\b_cer\.cargo\registry\src\index.crates.io-1949cf8c6b5b557f\getrandom-0.3.4\src\lib.rs:109:5
    |
109 |     Ok(unsafe { util::slice_assume_init_mut(dest) })
    |     ^^ not found in this scope
    |
help: consider importing this tuple variant
    |
 33 + use core::result::Result::Ok;
    |

error[E0425]: cannot find type `Result` in this scope
   --> C:\Users\b_cer\.cargo\registry\src\index.crates.io-1949cf8c6b5b557f\getrandom-0.3.4\src\lib.rs:122:17
    |
122 | pub fn u32() -> Result<u32, Error> {
    |                 ^^^^^^ not found in this scope
    |
help: consider importing one of these items
    |
 33 + use core::fmt::Result;
    |
 33 + use core::result::Result;
    |

error[E0425]: cannot find function `inner_u32` in module `backends`
   --> C:\Users\b_cer\.cargo\registry\src\index.crates.io-1949cf8c6b5b557f\getrandom-0.3.4\src\lib.rs:123:15
    |
123 |     backends::inner_u32()
    |               ^^^^^^^^^ not found in `backends`
    |
help: consider importing this function
    |
 33 + use crate::util::inner_u32;
    |
help: if you import `inner_u32`, refer to it directly
    |
123 -     backends::inner_u32()
123 +     inner_u32()
    |

error[E0425]: cannot find type `Result` in this scope
   --> C:\Users\b_cer\.cargo\registry\src\index.crates.io-1949cf8c6b5b557f\getrandom-0.3.4\src\lib.rs:136:17
    |
136 | pub fn u64() -> Result<u64, Error> {
    |                 ^^^^^^ not found in this scope
    |
help: consider importing one of these items
    |
 33 + use core::fmt::Result;
    |
 33 + use core::result::Result;
    |

error[E0425]: cannot find function `inner_u64` in module `backends`
   --> C:\Users\b_cer\.cargo\registry\src\index.crates.io-1949cf8c6b5b557f\getrandom-0.3.4\src\lib.rs:137:15
    |
137 |     backends::inner_u64()
    |               ^^^^^^^^^ not found in `backends`
    |
help: consider importing this function
    |
 33 + use crate::util::inner_u64;
    |
help: if you import `inner_u64`, refer to it directly
    |
137 -     backends::inner_u64()
137 +     inner_u64()
    |

error: cannot find macro `write` in this scope
  --> C:\Users\b_cer\.cargo\registry\src\index.crates.io-1949cf8c6b5b557f\jobserver-0.1.34\src\error.rs:65:50
   |
65 | ...   FromEnvErrorInner::NegativeFd(fd) => write!(f, "file descriptor {fd} from the jobserver environment variable value is negative"),
   |                                            ^^^^^
   |
help: consider importing this macro
   |
 1 + use std::write;
   |

error: attribute value must be a literal
  --> C:\Users\b_cer\.cargo\registry\src\index.crates.io-1949cf8c6b5b557f\getrandom-0.3.4\src\lib.rs:10:10
   |
10 | #![doc = include_str!("../README.md")]
   |          ^^^^^^^^^^^^^^^^^^^^^^^^^^^^

error: cannot find macro `write` in this scope
  --> C:\Users\b_cer\.cargo\registry\src\index.crates.io-1949cf8c6b5b557f\jobserver-0.1.34\src\error.rs:64:57
   |
64 | ...   FromEnvErrorInner::CannotOpenFd(fd, err) => write!(f, "cannot open file descriptor {fd} from the jobserver environment variabl...
   |                                                   ^^^^^
   |
help: consider importing this macro
   |
 1 + use std::write;
   |

error: cannot find macro `write` in this scope
  --> C:\Users\b_cer\.cargo\registry\src\index.crates.io-1949cf8c6b5b557f\jobserver-0.1.34\src\error.rs:63:58
   |
63 | ...   FromEnvErrorInner::CannotOpenPath(s, err) => write!(f, "cannot open path or name {s} from the jobserver environment variable v...
   |                                                    ^^^^^
   |
help: consider importing this macro
   |
 1 + use std::write;
   |

error[E0433]: failed to resolve: use of undeclared type `NonZeroRawOsError`
  --> C:\Users\b_cer\.cargo\registry\src\index.crates.io-1949cf8c6b5b557f\getrandom-0.3.4\src\error.rs:56:24
   |
56 |             let code = NonZeroRawOsError::new(code).expect("`code` is negative");
   |                        ^^^^^^^^^^^^^^^^^ use of undeclared type `NonZeroRawOsError`

error[E0433]: failed to resolve: use of undeclared type `NonZeroRawOsError`
   --> C:\Users\b_cer\.cargo\registry\src\index.crates.io-1949cf8c6b5b557f\getrandom-0.3.4\src\error.rs:129:24
    |
129 |         Error(unsafe { NonZeroRawOsError::new_unchecked(code) })
    |                        ^^^^^^^^^^^^^^^^^ use of undeclared type `NonZeroRawOsError`

error[E0433]: failed to resolve: use of undeclared type `NonZeroRawOsError`
   --> C:\Users\b_cer\.cargo\registry\src\index.crates.io-1949cf8c6b5b557f\getrandom-0.3.4\src\error.rs:136:24
    |
136 |         Error(unsafe { NonZeroRawOsError::new_unchecked(code) })
    |                        ^^^^^^^^^^^^^^^^^ use of undeclared type `NonZeroRawOsError`

Some errors have detailed explanations: E0405, E0425, E0433, E0531.
error: cannot find macro `write` in this scope
  --> C:\Users\b_cer\.cargo\registry\src\index.crates.io-1949cf8c6b5b557f\jobserver-0.1.34\src\error.rs:62:50
   |
62 |             FromEnvErrorInner::CannotParse(s) => write!(f, "cannot parse jobserver environment variable value: {s}"),
   |                                                  ^^^^^
   |
help: consider importing this macro
   |
 1 + use std::write;
   |

error: cannot find macro `write` in this scope
  --> C:\Users\b_cer\.cargo\registry\src\index.crates.io-1949cf8c6b5b557f\jobserver-0.1.34\src\error.rs:61:47
   |
61 | ...   FromEnvErrorInner::NoJobserver => write!(f, "there is no `--jobserver-fds=` or `--jobserver-auth=` in the environment variable"),
   |                                         ^^^^^
   |
help: consider importing this macro
   |
 1 + use std::write;
   |

error: could not compile `getrandom` (lib) due to 47 previous errors
error: cannot find macro `write` in this scope
  --> C:\Users\b_cer\.cargo\registry\src\index.crates.io-1949cf8c6b5b557f\jobserver-0.1.34\src\error.rs:60:44
   |
60 |             FromEnvErrorInner::NoEnvVar => write!(f, "there is no environment variable that describes jobserver to inherit"),
   |                                            ^^^^^
   |
help: consider importing this macro
   |
 1 + use std::write;
   |

error: cannot find attribute `derive` in this scope
  --> C:\Users\b_cer\.cargo\registry\src\index.crates.io-1949cf8c6b5b557f\jobserver-0.1.34\src\error.rs:17:3
   |
17 | #[derive(Debug)]
   |   ^^^^^^
   |
help: consider importing this attribute macro
   |
 1 + use std::prelude::rust_2024::derive;
   |

error: cannot find attribute `derive` in this scope
 --> C:\Users\b_cer\.cargo\registry\src\index.crates.io-1949cf8c6b5b557f\jobserver-0.1.34\src\error.rs:9:3
  |
9 | #[derive(Debug)]
  |   ^^^^^^
  |
help: consider importing this attribute macro
  |
1 + use std::prelude::rust_2024::derive;
  |

error[E0405]: cannot find trait `Iterator` in this scope
  --> C:\Users\b_cer\.cargo\registry\src\index.crates.io-1949cf8c6b5b557f\bitflags-2.11.0\src\iter.rs:38:16
   |
38 | impl<B: Flags> Iterator for Iter<B> {
   |                ^^^^^^^^ not found in this scope
   |
help: consider importing one of these traits
   |
 5 + use crate::__private::core::iter::Iterator;
   |
 5 + use core::iter::Iterator;
   |

error[E0425]: cannot find type `Option` in this scope
  --> C:\Users\b_cer\.cargo\registry\src\index.crates.io-1949cf8c6b5b557f\bitflags-2.11.0\src\iter.rs:41:27
   |
41 |     fn next(&mut self) -> Option<Self::Item> {
   |                           ^^^^^^ not found in this scope
   |
help: consider importing one of these enums
   |
 5 + use crate::__private::core::option::Option;
   |
 5 + use core::option::Option;
   |

error[E0531]: cannot find tuple struct or tuple variant `Some` in this scope
  --> C:\Users\b_cer\.cargo\registry\src\index.crates.io-1949cf8c6b5b557f\bitflags-2.11.0\src\iter.rs:43:13
   |
43 |             Some((_, flag)) => Some(flag),
   |             ^^^^ not found in this scope
   |
help: consider importing one of these tuple variants
   |
 5 + use crate::__private::core::option::Option::Some;
   |
 5 + use core::option::Option::Some;
   |

error[E0425]: cannot find function, tuple struct or tuple variant `Some` in this scope
  --> C:\Users\b_cer\.cargo\registry\src\index.crates.io-1949cf8c6b5b557f\bitflags-2.11.0\src\iter.rs:43:32
   |
43 |             Some((_, flag)) => Some(flag),
   |                                ^^^^ not found in this scope
   |
help: consider importing one of these tuple variants
   |
 5 + use crate::__private::core::option::Option::Some;
   |
 5 + use core::option::Option::Some;
   |

error[E0425]: cannot find function, tuple struct or tuple variant `Some` in this scope
  --> C:\Users\b_cer\.cargo\registry\src\index.crates.io-1949cf8c6b5b557f\bitflags-2.11.0\src\iter.rs:51:21
   |
51 |                     Some(B::from_bits_retain(self.inner.remaining.bits()))
   |                     ^^^^ not found in this scope
   |
help: consider importing one of these tuple variants
   |
 5 + use crate::__private::core::option::Option::Some;
   |
 5 + use core::option::Option::Some;
   |

error[E0405]: cannot find trait `Iterator` in this scope
   --> C:\Users\b_cer\.cargo\registry\src\index.crates.io-1949cf8c6b5b557f\bitflags-2.11.0\src\iter.rs:107:16
    |
107 | impl<B: Flags> Iterator for IterNames<B> {
    |                ^^^^^^^^ not found in this scope
    |
help: consider importing one of these traits
    |
  5 + use crate::__private::core::iter::Iterator;
    |
  5 + use core::iter::Iterator;
    |

error[E0425]: cannot find type `Option` in this scope
   --> C:\Users\b_cer\.cargo\registry\src\index.crates.io-1949cf8c6b5b557f\bitflags-2.11.0\src\iter.rs:110:27
    |
110 |     fn next(&mut self) -> Option<Self::Item> {
    |                           ^^^^^^ not found in this scope
    |
help: consider importing one of these enums
    |
  5 + use crate::__private::core::option::Option;
    |
  5 + use core::option::Option;
    |

error[E0531]: cannot find tuple struct or tuple variant `Some` in this scope
   --> C:\Users\b_cer\.cargo\registry\src\index.crates.io-1949cf8c6b5b557f\bitflags-2.11.0\src\iter.rs:111:19
    |
111 |         while let Some(flag) = self.flags.get(self.idx) {
    |                   ^^^^ not found in this scope
    |
help: consider importing one of these tuple variants
    |
  5 + use crate::__private::core::option::Option::Some;
    |
  5 + use core::option::Option::Some;
    |

error[E0425]: cannot find value `None` in this scope
   --> C:\Users\b_cer\.cargo\registry\src\index.crates.io-1949cf8c6b5b557f\bitflags-2.11.0\src\iter.rs:114:24
    |
114 |                 return None;
    |                        ^^^^ not found in this scope
    |
help: consider importing one of these unit variants
    |
  5 + use crate::__private::core::option::Option::None;
    |
  5 + use core::option::Option::None;
    |

error[E0425]: cannot find function, tuple struct or tuple variant `Some` in this scope
   --> C:\Users\b_cer\.cargo\registry\src\index.crates.io-1949cf8c6b5b557f\bitflags-2.11.0\src\iter.rs:139:24
    |
139 |                 return Some((flag.name(), B::from_bits_retain(bits)));
    |                        ^^^^ not found in this scope
    |
help: consider importing one of these tuple variants
    |
  5 + use crate::__private::core::option::Option::Some;
    |
  5 + use core::option::Option::Some;
    |

error[E0425]: cannot find value `None` in this scope
   --> C:\Users\b_cer\.cargo\registry\src\index.crates.io-1949cf8c6b5b557f\bitflags-2.11.0\src\iter.rs:143:9
    |
143 |         None
    |         ^^^^ not found in this scope
    |
help: consider importing one of these unit variants
    |
  5 + use crate::__private::core::option::Option::None;
    |
  5 + use core::option::Option::None;
    |

error[E0405]: cannot find trait `Iterator` in this scope
   --> C:\Users\b_cer\.cargo\registry\src\index.crates.io-1949cf8c6b5b557f\bitflags-2.11.0\src\iter.rs:167:16
    |
167 | impl<B: Flags> Iterator for IterDefinedNames<B> {
    |                ^^^^^^^^ not found in this scope
    |
help: consider importing one of these traits
    |
  5 + use crate::__private::core::iter::Iterator;
    |
  5 + use core::iter::Iterator;
    |

error[E0425]: cannot find type `Option` in this scope
   --> C:\Users\b_cer\.cargo\registry\src\index.crates.io-1949cf8c6b5b557f\bitflags-2.11.0\src\iter.rs:170:27
    |
170 |     fn next(&mut self) -> Option<Self::Item> {
    |                           ^^^^^^ not found in this scope
    |
help: consider importing one of these enums
    |
  5 + use crate::__private::core::option::Option;
    |
  5 + use core::option::Option;
    |

error[E0531]: cannot find tuple struct or tuple variant `Some` in this scope
   --> C:\Users\b_cer\.cargo\registry\src\index.crates.io-1949cf8c6b5b557f\bitflags-2.11.0\src\iter.rs:171:19
    |
171 |         while let Some(flag) = self.flags.get(self.idx) {
    |                   ^^^^ not found in this scope
    |
help: consider importing one of these tuple variants
    |
  5 + use crate::__private::core::option::Option::Some;
    |
  5 + use core::option::Option::Some;
    |

error[E0425]: cannot find function, tuple struct or tuple variant `Some` in this scope
   --> C:\Users\b_cer\.cargo\registry\src\index.crates.io-1949cf8c6b5b557f\bitflags-2.11.0\src\iter.rs:176:24
    |
176 |                 return Some((flag.name(), B::from_bits_retain(flag.value().bits())));
    |                        ^^^^ not found in this scope
    |
help: consider importing one of these tuple variants
    |
  5 + use crate::__private::core::option::Option::Some;
    |
  5 + use core::option::Option::Some;
    |

error[E0425]: cannot find value `None` in this scope
   --> C:\Users\b_cer\.cargo\registry\src\index.crates.io-1949cf8c6b5b557f\bitflags-2.11.0\src\iter.rs:180:9
    |
180 |         None
    |         ^^^^ not found in this scope
    |
help: consider importing one of these unit variants
    |
  5 + use crate::__private::core::option::Option::None;
    |
  5 + use core::option::Option::None;
    |

error[E0425]: cannot find type `Result` in this scope
  --> C:\Users\b_cer\.cargo\registry\src\index.crates.io-1949cf8c6b5b557f\bitflags-2.11.0\src\parser.rs:42:66
   |
42 | pub fn to_writer<B: Flags>(flags: &B, mut writer: impl Write) -> Result<(), fmt::Error>
   |                                                                  ^^^^^^ not found in this scope
   |
help: consider importing one of these items
   |
33 + use crate::__private::core::result::Result;
   |
33 + use crate::parser::fmt::Result;
   |
33 + use core::fmt::Result;
   |
33 + use core::result::Result;
   |

error[E0425]: cannot find type `Result` in this scope
  --> C:\Users\b_cer\.cargo\registry\src\index.crates.io-1949cf8c6b5b557f\bitflags-2.11.0\src\parser.rs:99:43
   |
99 | pub fn from_str<B: Flags>(input: &str) -> Result<B, ParseError>
   |                                           ^^^^^^ not found in this scope
   |
help: consider importing one of these items
   |
33 + use crate::__private::core::result::Result;
   |
33 + use crate::parser::fmt::Result;
   |
33 + use core::fmt::Result;
   |
33 + use core::result::Result;
   |

error[E0425]: cannot find function, tuple struct or tuple variant `Ok` in this scope
   --> C:\Users\b_cer\.cargo\registry\src\index.crates.io-1949cf8c6b5b557f\bitflags-2.11.0\src\parser.rs:107:16
    |
107 |         return Ok(parsed_flags);
    |                ^^ not found in this scope
    |
help: consider importing one of these tuple variants
    |
 33 + use crate::__private::core::result::Result::Ok;
    |
 33 + use core::result::Result::Ok;
    |

error[E0425]: cannot find function, tuple struct or tuple variant `Err` in this scope
   --> C:\Users\b_cer\.cargo\registry\src\index.crates.io-1949cf8c6b5b557f\bitflags-2.11.0\src\parser.rs:115:20
    |
115 |             return Err(ParseError::empty_flag());
    |                    ^^^ not found in this scope
    |
help: consider importing one of these tuple variants
    |
 33 + use crate::__private::core::result::Result::Err;
    |
 33 + use core::result::Result::Err;
    |

error[E0531]: cannot find tuple struct or tuple variant `Some` in this scope
   --> C:\Users\b_cer\.cargo\registry\src\index.crates.io-1949cf8c6b5b557f\bitflags-2.11.0\src\parser.rs:120:34
    |
120 |         let parsed_flag = if let Some(flag) = flag.strip_prefix("0x") {
    |                                  ^^^^ not found in this scope
    |
help: consider importing one of these tuple variants
    |
 33 + use crate::__private::core::option::Option::Some;
    |
 33 + use core::option::Option::Some;
    |

error[E0425]: cannot find function, tuple struct or tuple variant `Ok` in this scope
   --> C:\Users\b_cer\.cargo\registry\src\index.crates.io-1949cf8c6b5b557f\bitflags-2.11.0\src\parser.rs:136:5
    |
136 |     Ok(parsed_flags)
    |     ^^ not found in this scope
    |
help: consider importing one of these tuple variants
    |
 33 + use crate::__private::core::result::Result::Ok;
    |
 33 + use core::result::Result::Ok;
    |

error[E0425]: cannot find type `Result` in this scope
   --> C:\Users\b_cer\.cargo\registry\src\index.crates.io-1949cf8c6b5b557f\bitflags-2.11.0\src\parser.rs:142:71
    |
142 | pub fn to_writer_truncate<B: Flags>(flags: &B, writer: impl Write) -> Result<(), fmt::Error>
    |                                                                       ^^^^^^ not found in this scope
    |
help: consider importing one of these items
    |
 33 + use crate::__private::core::result::Result;
    |
 33 + use crate::parser::fmt::Result;
    |
 33 + use core::fmt::Result;
    |
 33 + use core::result::Result;
    |

error[E0425]: cannot find type `Result` in this scope
   --> C:\Users\b_cer\.cargo\registry\src\index.crates.io-1949cf8c6b5b557f\bitflags-2.11.0\src\parser.rs:155:52
    |
155 | pub fn from_str_truncate<B: Flags>(input: &str) -> Result<B, ParseError>
    |                                                    ^^^^^^ not found in this scope
    |
help: consider importing one of these items
    |
 33 + use crate::__private::core::result::Result;
    |
 33 + use crate::parser::fmt::Result;
    |
 33 + use core::fmt::Result;
    |
 33 + use core::result::Result;
    |

error[E0425]: cannot find function, tuple struct or tuple variant `Ok` in this scope
   --> C:\Users\b_cer\.cargo\registry\src\index.crates.io-1949cf8c6b5b557f\bitflags-2.11.0\src\parser.rs:159:5
    |
159 |     Ok(B::from_bits_truncate(from_str::<B>(input)?.bits()))
    |     ^^ not found in this scope
    |
help: consider importing one of these tuple variants
    |
 33 + use crate::__private::core::result::Result::Ok;
    |
 33 + use core::result::Result::Ok;
    |

error[E0425]: cannot find type `Result` in this scope
   --> C:\Users\b_cer\.cargo\registry\src\index.crates.io-1949cf8c6b5b557f\bitflags-2.11.0\src\parser.rs:165:73
    |
165 | pub fn to_writer_strict<B: Flags>(flags: &B, mut writer: impl Write) -> Result<(), fmt::Error> {
    |                                                                         ^^^^^^ not found in this scope
    |
help: consider importing one of these items
    |
 33 + use crate::__private::core::result::Result;
    |
 33 + use crate::parser::fmt::Result;
    |
 33 + use core::fmt::Result;
    |
 33 + use core::result::Result;
    |

error[E0425]: cannot find type `Result` in this scope
   --> C:\Users\b_cer\.cargo\registry\src\index.crates.io-1949cf8c6b5b557f\bitflags-2.11.0\src\parser.rs:189:50
    |
189 | pub fn from_str_strict<B: Flags>(input: &str) -> Result<B, ParseError> {
    |                                                  ^^^^^^ not found in this scope
    |
help: consider importing one of these items
    |
 33 + use crate::__private::core::result::Result;
    |
 33 + use crate::parser::fmt::Result;
    |
 33 + use core::fmt::Result;
    |
 33 + use core::result::Result;
    |

error[E0425]: cannot find function, tuple struct or tuple variant `Ok` in this scope
   --> C:\Users\b_cer\.cargo\registry\src\index.crates.io-1949cf8c6b5b557f\bitflags-2.11.0\src\parser.rs:197:16
    |
197 |         return Ok(parsed_flags);
    |                ^^ not found in this scope
    |
help: consider importing one of these tuple variants
    |
 33 + use crate::__private::core::result::Result::Ok;
    |
 33 + use core::result::Result::Ok;
    |

error[E0425]: cannot find function, tuple struct or tuple variant `Err` in this scope
   --> C:\Users\b_cer\.cargo\registry\src\index.crates.io-1949cf8c6b5b557f\bitflags-2.11.0\src\parser.rs:205:20
    |
205 |             return Err(ParseError::empty_flag());
    |                    ^^^ not found in this scope
    |
help: consider importing one of these tuple variants
    |
 33 + use crate::__private::core::result::Result::Err;
    |
 33 + use core::result::Result::Err;
    |

error[E0425]: cannot find function, tuple struct or tuple variant `Err` in this scope
   --> C:\Users\b_cer\.cargo\registry\src\index.crates.io-1949cf8c6b5b557f\bitflags-2.11.0\src\parser.rs:211:20
    |
211 |             return Err(ParseError::invalid_hex_flag("unsupported hex flag value"));
    |                    ^^^ not found in this scope
    |
help: consider importing one of these tuple variants
    |
 33 + use crate::__private::core::result::Result::Err;
    |
 33 + use core::result::Result::Err;
    |

error[E0425]: cannot find function, tuple struct or tuple variant `Ok` in this scope
   --> C:\Users\b_cer\.cargo\registry\src\index.crates.io-1949cf8c6b5b557f\bitflags-2.11.0\src\parser.rs:219:5
    |
219 |     Ok(parsed_flags)
    |     ^^ not found in this scope
    |
help: consider importing one of these tuple variants
    |
 33 + use crate::__private::core::result::Result::Ok;
    |
 33 + use core::result::Result::Ok;
    |

error[E0405]: cannot find trait `Sized` in this scope
   --> C:\Users\b_cer\.cargo\registry\src\index.crates.io-1949cf8c6b5b557f\bitflags-2.11.0\src\parser.rs:239:15
    |
239 |         Self: Sized;
    |               ^^^^^ not found in this scope
    |
help: consider importing one of these traits
    |
 33 + use crate::__private::core::marker::Sized;
    |
 33 + use core::marker::Sized;
    |

error[E0425]: cannot find type `Result` in this scope
   --> C:\Users\b_cer\.cargo\registry\src\index.crates.io-1949cf8c6b5b557f\bitflags-2.11.0\src\parser.rs:237:34
    |
237 |     fn parse_hex(input: &str) -> Result<Self, ParseError>
    |                                  ^^^^^^ not found in this scope
    |
help: consider importing one of these items
    |
 33 + use crate::__private::core::result::Result;
    |
 33 + use crate::parser::fmt::Result;
    |
 33 + use core::fmt::Result;
    |
 33 + use core::result::Result;
    |

error[E0425]: cannot find function, tuple struct or tuple variant `Ok` in this scope
   --> C:\Users\b_cer\.cargo\registry\src\index.crates.io-1949cf8c6b5b557f\bitflags-2.11.0\src\parser.rs:327:9
    |
327 |         Ok(())
    |         ^^ not found in this scope
    |
help: consider importing one of these tuple variants
    |
 33 + use crate::__private::core::result::Result::Ok;
    |
 33 + use core::result::Result::Ok;
    |

error[E0405]: cannot find trait `Sized` in this scope
   --> C:\Users\b_cer\.cargo\registry\src\index.crates.io-1949cf8c6b5b557f\bitflags-2.11.0\src\traits.rs:132:18
    |
132 | pub trait Flags: Sized + 'static {
    |                  ^^^^^ not found in this scope
    |
help: consider importing one of these traits
    |
  1 + use crate::__private::core::marker::Sized;
    |
  1 + use core::marker::Sized;
    |

error[E0425]: cannot find type `Option` in this scope
   --> C:\Users\b_cer\.cargo\registry\src\index.crates.io-1949cf8c6b5b557f\bitflags-2.11.0\src\traits.rs:178:39
    |
178 |     fn from_bits(bits: Self::Bits) -> Option<Self> {
    |                                       ^^^^^^ not found in this scope
    |
help: consider importing one of these enums
    |
  1 + use crate::__private::core::option::Option;
    |
  1 + use core::option::Option;
    |

error[E0425]: cannot find function, tuple struct or tuple variant `Some` in this scope
   --> C:\Users\b_cer\.cargo\registry\src\index.crates.io-1949cf8c6b5b557f\bitflags-2.11.0\src\traits.rs:182:13
    |
182 |             Some(truncated)
    |             ^^^^ not found in this scope
    |
help: consider importing one of these tuple variants
    |
  1 + use crate::__private::core::option::Option::Some;
    |
  1 + use core::option::Option::Some;
    |

error[E0425]: cannot find value `None` in this scope
   --> C:\Users\b_cer\.cargo\registry\src\index.crates.io-1949cf8c6b5b557f\bitflags-2.11.0\src\traits.rs:184:13
    |
184 |             None
    |             ^^^^ not found in this scope
    |
help: consider importing one of these unit variants
    |
  1 + use crate::__private::core::option::Option::None;
    |
  1 + use core::option::Option::None;
    |

error[E0425]: cannot find type `Option` in this scope
   --> C:\Users\b_cer\.cargo\registry\src\index.crates.io-1949cf8c6b5b557f\bitflags-2.11.0\src\traits.rs:200:33
    |
200 |     fn from_name(name: &str) -> Option<Self> {
    |                                 ^^^^^^ not found in this scope
    |
help: consider importing one of these enums
    |
  1 + use crate::__private::core::option::Option;
    |
  1 + use core::option::Option;
    |

error[E0425]: cannot find value `None` in this scope
   --> C:\Users\b_cer\.cargo\registry\src\index.crates.io-1949cf8c6b5b557f\bitflags-2.11.0\src\traits.rs:203:20
    |
203 |             return None;
    |                    ^^^^ not found in this scope
    |
help: consider importing one of these unit variants
    |
  1 + use crate::__private::core::option::Option::None;
    |
  1 + use core::option::Option::None;
    |

error[E0425]: cannot find function, tuple struct or tuple variant `Some` in this scope
   --> C:\Users\b_cer\.cargo\registry\src\index.crates.io-1949cf8c6b5b557f\bitflags-2.11.0\src\traits.rs:208:24
    |
208 |                 return Some(Self::from_bits_retain(flag.value().bits()));
    |                        ^^^^ not found in this scope
    |
help: consider importing one of these tuple variants
    |
  1 + use crate::__private::core::option::Option::Some;
    |
  1 + use core::option::Option::Some;
    |

error[E0425]: cannot find value `None` in this scope
   --> C:\Users\b_cer\.cargo\registry\src\index.crates.io-1949cf8c6b5b557f\bitflags-2.11.0\src\traits.rs:212:9
    |
212 |         None
    |         ^^^^ not found in this scope
    |
help: consider importing one of these unit variants
    |
  1 + use crate::__private::core::option::Option::None;
    |
  1 + use core::option::Option::None;
    |

error[E0405]: cannot find trait `Sized` in this scope
   --> C:\Users\b_cer\.cargo\registry\src\index.crates.io-1949cf8c6b5b557f\bitflags-2.11.0\src\traits.rs:251:15
    |
251 |         Self: Sized,
    |               ^^^^^ not found in this scope
    |
help: consider importing one of these traits
    |
  1 + use crate::__private::core::marker::Sized;
    |
  1 + use core::marker::Sized;
    |

error[E0405]: cannot find trait `Sized` in this scope
   --> C:\Users\b_cer\.cargo\registry\src\index.crates.io-1949cf8c6b5b557f\bitflags-2.11.0\src\traits.rs:259:15
    |
259 |         Self: Sized,
    |               ^^^^^ not found in this scope
    |
help: consider importing one of these traits
    |
  1 + use crate::__private::core::marker::Sized;
    |
  1 + use core::marker::Sized;
    |

error[E0405]: cannot find trait `Sized` in this scope
   --> C:\Users\b_cer\.cargo\registry\src\index.crates.io-1949cf8c6b5b557f\bitflags-2.11.0\src\traits.rs:267:15
    |
267 |         Self: Sized,
    |               ^^^^^ not found in this scope
    |
help: consider importing one of these traits
    |
  1 + use crate::__private::core::marker::Sized;
    |
  1 + use core::marker::Sized;
    |

error[E0405]: cannot find trait `Sized` in this scope
   --> C:\Users\b_cer\.cargo\registry\src\index.crates.io-1949cf8c6b5b557f\bitflags-2.11.0\src\traits.rs:275:15
    |
275 |         Self: Sized,
    |               ^^^^^ not found in this scope
    |
help: consider importing one of these traits
    |
  1 + use crate::__private::core::marker::Sized;
    |
  1 + use core::marker::Sized;
    |

error[E0405]: cannot find trait `Sized` in this scope
   --> C:\Users\b_cer\.cargo\registry\src\index.crates.io-1949cf8c6b5b557f\bitflags-2.11.0\src\traits.rs:286:15
    |
286 |         Self: Sized,
    |               ^^^^^ not found in this scope
    |
help: consider importing one of these traits
    |
  1 + use crate::__private::core::marker::Sized;
    |
  1 + use core::marker::Sized;
    |

error[E0405]: cannot find trait `Sized` in this scope
   --> C:\Users\b_cer\.cargo\registry\src\index.crates.io-1949cf8c6b5b557f\bitflags-2.11.0\src\traits.rs:294:15
    |
294 |         Self: Sized,
    |               ^^^^^ not found in this scope
    |
help: consider importing one of these traits
    |
  1 + use crate::__private::core::marker::Sized;
    |
  1 + use core::marker::Sized;
    |

error[E0405]: cannot find trait `Sized` in this scope
   --> C:\Users\b_cer\.cargo\registry\src\index.crates.io-1949cf8c6b5b557f\bitflags-2.11.0\src\traits.rs:302:15
    |
302 |         Self: Sized,
    |               ^^^^^ not found in this scope
    |
help: consider importing one of these traits
    |
  1 + use crate::__private::core::marker::Sized;
    |
  1 + use core::marker::Sized;
    |

error[E0405]: cannot find trait `Sized` in this scope
   --> C:\Users\b_cer\.cargo\registry\src\index.crates.io-1949cf8c6b5b557f\bitflags-2.11.0\src\traits.rs:314:15
    |
314 |         Self: Sized,
    |               ^^^^^ not found in this scope
    |
help: consider importing one of these traits
    |
  1 + use crate::__private::core::marker::Sized;
    |
  1 + use core::marker::Sized;
    |

error[E0405]: cannot find trait `Clone` in this scope
   --> C:\Users\b_cer\.cargo\registry\src\index.crates.io-1949cf8c6b5b557f\bitflags-2.11.0\src\traits.rs:357:5
    |
357 |     Clone
    |     ^^^^^ not found in this scope
    |
help: consider importing one of these traits
    |
  1 + use crate::__private::core::clone::Clone;
    |
  1 + use core::clone::Clone;
    |

error[E0405]: cannot find trait `Copy` in this scope
   --> C:\Users\b_cer\.cargo\registry\src\index.crates.io-1949cf8c6b5b557f\bitflags-2.11.0\src\traits.rs:358:7
    |
358 |     + Copy
    |       ^^^^ not found in this scope
    |
help: consider importing one of these traits
    |
  1 + use crate::__private::core::marker::Copy;
    |
  1 + use core::marker::Copy;
    |

error[E0405]: cannot find trait `PartialEq` in this scope
   --> C:\Users\b_cer\.cargo\registry\src\index.crates.io-1949cf8c6b5b557f\bitflags-2.11.0\src\traits.rs:359:7
    |
359 |     + PartialEq
    |       ^^^^^^^^^ not found in this scope
    |
help: consider importing one of these traits
    |
  1 + use crate::__private::core::cmp::PartialEq;
    |
  1 + use core::cmp::PartialEq;
    |

error[E0405]: cannot find trait `Sized` in this scope
   --> C:\Users\b_cer\.cargo\registry\src\index.crates.io-1949cf8c6b5b557f\bitflags-2.11.0\src\traits.rs:364:7
    |
364 |     + Sized
    |       ^^^^^ not found in this scope
    |
help: consider importing one of these traits
    |
  1 + use crate::__private::core::marker::Sized;
    |
  1 + use core::marker::Sized;
    |

error[E0425]: cannot find type `Result` in this scope
   --> C:\Users\b_cer\.cargo\registry\src\index.crates.io-1949cf8c6b5b557f\bitflags-2.11.0\src\traits.rs:392:46
    |
392 |                   fn parse_hex(input: &str) -> Result<Self, ParseError> {
    |                                                ^^^^^^ not found in this scope
...
421 | / impl_bits! {
422 | |     u8, i8,
423 | |     u16, i16,
424 | |     u32, i32,
...   |
427 | |     usize, isize,
428 | | }
    | |_- in this macro invocation
    |
    = note: this error originates in the macro `impl_bits` (in Nightly builds, run with -Z macro-backtrace for more info)
help: consider importing one of these items
    |
  1 + use crate::__private::core::result::Result;
    |
  1 + use crate::traits::fmt::Result;
    |
  1 + use core::fmt::Result;
    |
  1 + use core::result::Result;
    |

error[E0425]: cannot find type `Result` in this scope
   --> C:\Users\b_cer\.cargo\registry\src\index.crates.io-1949cf8c6b5b557f\bitflags-2.11.0\src\traits.rs:398:46
    |
398 |                   fn parse_hex(input: &str) -> Result<Self, ParseError> {
    |                                                ^^^^^^ not found in this scope
...
421 | / impl_bits! {
422 | |     u8, i8,
423 | |     u16, i16,
424 | |     u32, i32,
...   |
427 | |     usize, isize,
428 | | }
    | |_- in this macro invocation
    |
    = note: this error originates in the macro `impl_bits` (in Nightly builds, run with -Z macro-backtrace for more info)
help: consider importing one of these items
    |
  1 + use crate::__private::core::result::Result;
    |
  1 + use crate::traits::fmt::Result;
    |
  1 + use core::fmt::Result;
    |
  1 + use core::result::Result;
    |

error[E0405]: cannot find trait `Iterator` in this scope
   --> C:\Users\b_cer\.cargo\registry\src\index.crates.io-1949cf8c6b5b557f\bitflags-2.11.0\src\traits.rs:444:16
    |
444 |     type Iter: Iterator<Item = Self>;
    |                ^^^^^^^^ not found in this scope
    |
help: consider importing one of these traits
    |
  1 + use crate::__private::core::iter::Iterator;
    |
  1 + use core::iter::Iterator;
    |

error[E0405]: cannot find trait `Iterator` in this scope
   --> C:\Users\b_cer\.cargo\registry\src\index.crates.io-1949cf8c6b5b557f\bitflags-2.11.0\src\traits.rs:447:21
    |
447 |     type IterNames: Iterator<Item = (&'static str, Self)>;
    |                     ^^^^^^^^ not found in this scope
    |
help: consider importing one of these traits
    |
  1 + use crate::__private::core::iter::Iterator;
    |
  1 + use core::iter::Iterator;
    |

error[E0425]: cannot find type `Result` in this scope
  --> C:\Users\b_cer\.cargo\registry\src\index.crates.io-1949cf8c6b5b557f\bitflags-2.11.0\src\external\serde.rs:18:72
   |
18 | pub fn serialize<B: Flags, S: Serializer>(flags: &B, serializer: S) -> Result<S::Ok, S::Error>
   |                                                                        ^^^^^^ not found in this scope
   |
help: consider importing one of these items
   |
 3 + use crate::__private::core::fmt::Result;
   |
 3 + use crate::__private::core::result::Result;
   |
 3 + use core::fmt::Result;
   |
 3 + use core::result::Result;
   |

error[E0425]: cannot find type `Result` in this scope
  --> C:\Users\b_cer\.cargo\registry\src\index.crates.io-1949cf8c6b5b557f\bitflags-2.11.0\src\external\serde.rs:37:77
   |
37 | pub fn deserialize<'de, B: Flags, D: Deserializer<'de>>(deserializer: D) -> Result<B, D::Error>
   |                                                                             ^^^^^^ not found in this scope
   |
help: consider importing one of these items
   |
 3 + use crate::__private::core::fmt::Result;
   |
 3 + use crate::__private::core::result::Result;
   |
 3 + use core::fmt::Result;
   |
 3 + use core::result::Result;
   |

error[E0425]: cannot find type `Result` in this scope
  --> C:\Users\b_cer\.cargo\registry\src\index.crates.io-1949cf8c6b5b557f\bitflags-2.11.0\src\external\serde.rs:55:58
   |
55 |             fn visit_str<E: Error>(self, flags: &str) -> Result<Self::Value, E> {
   |                                                          ^^^^^^ not found in this scope
   |
help: consider importing one of these items
   |
 3 + use crate::__private::core::fmt::Result;
   |
 3 + use crate::__private::core::result::Result;
   |
 3 + use core::fmt::Result;
   |
 3 + use core::result::Result;
   |

error[E0433]: failed to resolve: use of undeclared type `Default`
  --> C:\Users\b_cer\.cargo\registry\src\index.crates.io-1949cf8c6b5b557f\bitflags-2.11.0\src\external\serde.rs:60:51
   |
60 |         deserializer.deserialize_str(FlagsVisitor(Default::default()))
   |                                                   ^^^^^^^ use of undeclared type `Default`
   |
help: consider importing one of these traits
   |
 3 + use crate::__private::core::default::Default;
   |
 3 + use core::default::Default;
   |

error[E0425]: cannot find function, tuple struct or tuple variant `Ok` in this scope
  --> C:\Users\b_cer\.cargo\registry\src\index.crates.io-1949cf8c6b5b557f\bitflags-2.11.0\src\external\serde.rs:65:9
   |
65 |         Ok(B::from_bits_retain(bits))
   |         ^^ not found in this scope
   |
help: consider importing one of these tuple variants
   |
 3 + use crate::__private::core::result::Result::Ok;
   |
 3 + use core::result::Result::Ok;
   |

Some errors have detailed explanations: E0405, E0425, E0433, E0463, E0531.
error: could not compile `bitflags` (lib) due to 74 previous errors
error: cannot find macro `write` in this scope
    --> C:\Users\b_cer\.cargo\registry\src\index.crates.io-1949cf8c6b5b557f\proc-macro2-1.0.106\src\fallback.rs:1088:25
     |
1088 |                 let _ = write!(repr, r"\x{:02X}", byte);
     |                         ^^^^^
     |
help: consider importing this macro
     |
   1 + use core::write;
     |

error: cannot find macro `write` in this scope
    --> C:\Users\b_cer\.cargo\registry\src\index.crates.io-1949cf8c6b5b557f\proc-macro2-1.0.106\src\fallback.rs:1113:29
     |
1113 |                     let _ = write!(repr, r"\x{:02X}", b);
     |                             ^^^^^
     |
help: consider importing this macro
     |
   1 + use core::write;
     |

error: cannot find macro `write` in this scope
    --> C:\Users\b_cer\.cargo\registry\src\index.crates.io-1949cf8c6b5b557f\proc-macro2-1.0.106\src\fallback.rs:1142:25
     |
1142 |                 let _ = write!(repr, r"\x{:02X}", byte);
     |                         ^^^^^
     |
help: consider importing this macro
     |
   1 + use core::write;
     |

error: cannot find macro `format_args` in this scope
    --> C:\Users\b_cer\.cargo\registry\src\index.crates.io-1949cf8c6b5b557f\proc-macro2-1.0.106\src\fallback.rs:1208:29
     |
1208 |         debug.field("lit", &format_args!("{}", self.repr));
     |                             ^^^^^^^^^^^
     |
help: consider importing this macro
     |
   1 + use core::format_args;
     |

error: cannot find attribute `derive` in this scope
  --> C:\Users\b_cer\.cargo\registry\src\index.crates.io-1949cf8c6b5b557f\proc-macro2-1.0.106\src\extra.rs:81:3
   |
81 | #[derive(Copy, Clone)]
   |   ^^^^^^
   |
help: consider importing this attribute macro
   |
 4 + use core::prelude::rust_2024::derive;
   |

error: cannot find attribute `derive` in this scope
  --> C:\Users\b_cer\.cargo\registry\src\index.crates.io-1949cf8c6b5b557f\proc-macro2-1.0.106\src\extra.rs:87:3
   |
87 | #[derive(Copy, Clone)]
   |   ^^^^^^
   |
help: consider importing this attribute macro
   |
 4 + use core::prelude::rust_2024::derive;
   |

error: cannot find attribute `derive` in this scope
  --> C:\Users\b_cer\.cargo\registry\src\index.crates.io-1949cf8c6b5b557f\proc-macro2-1.0.106\src\wrapper.rs:24:3
   |
24 | #[derive(Clone)]
   |   ^^^^^^
   |
help: consider importing this attribute macro
   |
 1 + use core::prelude::rust_2024::derive;
   |

error: cannot find attribute `derive` in this scope
  --> C:\Users\b_cer\.cargo\registry\src\index.crates.io-1949cf8c6b5b557f\proc-macro2-1.0.106\src\wrapper.rs:34:3
   |
34 | #[derive(Clone)]
   |   ^^^^^^
   |
help: consider importing this attribute macro
   |
 1 + use core::prelude::rust_2024::derive;
   |

error: cannot find macro `panic` in this scope
  --> C:\Users\b_cer\.cargo\registry\src\index.crates.io-1949cf8c6b5b557f\proc-macro2-1.0.106\src\wrapper.rs:58:9
   |
58 |         panic!("compiler/fallback mismatch L{}", line)
   |         ^^^^^
   |
help: consider importing this macro
   |
 1 + use core::panic;
   |

error: cannot find macro `line` in this scope
   --> C:\Users\b_cer\.cargo\registry\src\index.crates.io-1949cf8c6b5b557f\proc-macro2-1.0.106\src\wrapper.rs:120:50
    |
120 |             TokenStream::Fallback(_) => mismatch(line!()),
    |                                                  ^^^^
    |
help: consider importing this macro
    |
  1 + use core::line;
    |

error: cannot find macro `line` in this scope
   --> C:\Users\b_cer\.cargo\registry\src\index.crates.io-1949cf8c6b5b557f\proc-macro2-1.0.106\src\wrapper.rs:126:50
    |
126 |             TokenStream::Compiler(_) => mismatch(line!()),
    |                                                  ^^^^
    |
help: consider importing this macro
    |
  1 + use core::line;
    |

error: cannot find macro `line` in this scope
   --> C:\Users\b_cer\.cargo\registry\src\index.crates.io-1949cf8c6b5b557f\proc-macro2-1.0.106\src\wrapper.rs:214:58
    |
214 |                     TokenStream::Fallback(_) => mismatch(line!()),
    |                                                          ^^^^
    |
help: consider importing this macro
    |
  1 + use core::line;
    |

error: cannot find macro `line` in this scope
   --> C:\Users\b_cer\.cargo\registry\src\index.crates.io-1949cf8c6b5b557f\proc-macro2-1.0.106\src\wrapper.rs:221:58
    |
221 |                     TokenStream::Compiler(_) => mismatch(line!()),
    |                                                          ^^^^
    |
help: consider importing this macro
    |
  1 + use core::line;
    |

error: cannot find attribute `derive` in this scope
   --> C:\Users\b_cer\.cargo\registry\src\index.crates.io-1949cf8c6b5b557f\proc-macro2-1.0.106\src\wrapper.rs:315:3
    |
315 | #[derive(Clone)]
    |   ^^^^^^
    |
help: consider importing this attribute macro
    |
  1 + use core::prelude::rust_2024::derive;
    |

error: cannot find attribute `derive` in this scope
   --> C:\Users\b_cer\.cargo\registry\src\index.crates.io-1949cf8c6b5b557f\proc-macro2-1.0.106\src\wrapper.rs:373:3
    |
373 | #[derive(Copy, Clone)]
    |   ^^^^^^
    |
help: consider importing this attribute macro
    |
  1 + use core::prelude::rust_2024::derive;
    |

error: cannot find macro `line` in this scope
   --> C:\Users\b_cer\.cargo\registry\src\index.crates.io-1949cf8c6b5b557f\proc-macro2-1.0.106\src\wrapper.rs:409:64
    |
409 |             (Span::Compiler(_), Span::Fallback(_)) => mismatch(line!()),
    |                                                                ^^^^
    |
help: consider importing this macro
    |
  1 + use core::line;
    |

error: cannot find macro `line` in this scope
   --> C:\Users\b_cer\.cargo\registry\src\index.crates.io-1949cf8c6b5b557f\proc-macro2-1.0.106\src\wrapper.rs:410:64
    |
410 |             (Span::Fallback(_), Span::Compiler(_)) => mismatch(line!()),
    |                                                                ^^^^
    |
help: consider importing this macro
    |
  1 + use core::line;
    |

error: cannot find macro `line` in this scope
   --> C:\Users\b_cer\.cargo\registry\src\index.crates.io-1949cf8c6b5b557f\proc-macro2-1.0.106\src\wrapper.rs:418:64
    |
418 |             (Span::Compiler(_), Span::Fallback(_)) => mismatch(line!()),
    |                                                                ^^^^
    |
help: consider importing this macro
    |
  1 + use core::line;
    |

error: cannot find macro `line` in this scope
   --> C:\Users\b_cer\.cargo\registry\src\index.crates.io-1949cf8c6b5b557f\proc-macro2-1.0.106\src\wrapper.rs:419:64
    |
419 |             (Span::Fallback(_), Span::Compiler(_)) => mismatch(line!()),
    |                                                                ^^^^
    |
help: consider importing this macro
    |
  1 + use core::line;
    |

error: cannot find macro `panic` in this scope
   --> C:\Users\b_cer\.cargo\registry\src\index.crates.io-1949cf8c6b5b557f\proc-macro2-1.0.106\src\wrapper.rs:426:34
    |
426 |             Span::Fallback(_) => panic!("proc_macro::Span is only available in procedural macros"),
    |                                  ^^^^^
    |
help: consider importing this macro
    |
  1 + use core::panic;
    |

error: cannot find macro `line` in this scope
   --> C:\Users\b_cer\.cargo\registry\src\index.crates.io-1949cf8c6b5b557f\proc-macro2-1.0.106\src\wrapper.rs:526:43
    |
526 |             Span::Fallback(_) => mismatch(line!()),
    |                                           ^^^^
    |
help: consider importing this macro
    |
  1 + use core::line;
    |

error: cannot find attribute `derive` in this scope
   --> C:\Users\b_cer\.cargo\registry\src\index.crates.io-1949cf8c6b5b557f\proc-macro2-1.0.106\src\wrapper.rs:561:3
    |
561 | #[derive(Clone)]
    |   ^^^^^^
    |
help: consider importing this attribute macro
    |
  1 + use core::prelude::rust_2024::derive;
    |

error: cannot find macro `line` in this scope
   --> C:\Users\b_cer\.cargo\registry\src\index.crates.io-1949cf8c6b5b557f\proc-macro2-1.0.106\src\wrapper.rs:629:65
    |
629 |             (Group::Compiler(_), Span::Fallback(_)) => mismatch(line!()),
    |                                                                 ^^^^
    |
help: consider importing this macro
    |
  1 + use core::line;
    |

error: cannot find macro `line` in this scope
   --> C:\Users\b_cer\.cargo\registry\src\index.crates.io-1949cf8c6b5b557f\proc-macro2-1.0.106\src\wrapper.rs:630:65
    |
630 |             (Group::Fallback(_), Span::Compiler(_)) => mismatch(line!()),
    |                                                                 ^^^^
    |
help: consider importing this macro
    |
  1 + use core::line;
    |

error: cannot find macro `line` in this scope
   --> C:\Users\b_cer\.cargo\registry\src\index.crates.io-1949cf8c6b5b557f\proc-macro2-1.0.106\src\wrapper.rs:637:44
    |
637 |             Group::Fallback(_) => mismatch(line!()),
    |                                            ^^^^
    |
help: consider importing this macro
    |
  1 + use core::line;
    |

error: cannot find attribute `derive` in this scope
   --> C:\Users\b_cer\.cargo\registry\src\index.crates.io-1949cf8c6b5b557f\proc-macro2-1.0.106\src\wrapper.rs:666:3
    |
666 | #[derive(Clone)]
    |   ^^^^^^
    |
help: consider importing this attribute macro
    |
  1 + use core::prelude::rust_2024::derive;
    |

error: cannot find macro `line` in this scope
   --> C:\Users\b_cer\.cargo\registry\src\index.crates.io-1949cf8c6b5b557f\proc-macro2-1.0.106\src\wrapper.rs:700:65
    |
700 |             (Ident::Compiler(_), Span::Fallback(_)) => mismatch(line!()),
    |                                                                 ^^^^
    |
help: consider importing this macro
    |
  1 + use core::line;
    |

error: cannot find macro `line` in this scope
   --> C:\Users\b_cer\.cargo\registry\src\index.crates.io-1949cf8c6b5b557f\proc-macro2-1.0.106\src\wrapper.rs:701:65
    |
701 |             (Ident::Fallback(_), Span::Compiler(_)) => mismatch(line!()),
    |                                                                 ^^^^
    |
help: consider importing this macro
    |
  1 + use core::line;
    |

error: cannot find macro `line` in this scope
   --> C:\Users\b_cer\.cargo\registry\src\index.crates.io-1949cf8c6b5b557f\proc-macro2-1.0.106\src\wrapper.rs:708:44
    |
708 |             Ident::Fallback(_) => mismatch(line!()),
    |                                            ^^^^
    |
help: consider importing this macro
    |
  1 + use core::line;
    |

error: cannot find macro `line` in this scope
   --> C:\Users\b_cer\.cargo\registry\src\index.crates.io-1949cf8c6b5b557f\proc-macro2-1.0.106\src\wrapper.rs:724:66
    |
724 |             (Ident::Compiler(_), Ident::Fallback(_)) => mismatch(line!()),
    |                                                                  ^^^^
    |
help: consider importing this macro
    |
  1 + use core::line;
    |

error: cannot find macro `line` in this scope
   --> C:\Users\b_cer\.cargo\registry\src\index.crates.io-1949cf8c6b5b557f\proc-macro2-1.0.106\src\wrapper.rs:725:66
    |
725 |             (Ident::Fallback(_), Ident::Compiler(_)) => mismatch(line!()),
    |                                                                  ^^^^
    |
help: consider importing this macro
    |
  1 + use core::line;
    |

error: cannot find attribute `derive` in this scope
   --> C:\Users\b_cer\.cargo\registry\src\index.crates.io-1949cf8c6b5b557f\proc-macro2-1.0.106\src\wrapper.rs:761:3
    |
761 | #[derive(Clone)]
    |   ^^^^^^
    |
help: consider importing this attribute macro
    |
  1 + use core::prelude::rust_2024::derive;
    |

error: cannot find macro `line` in this scope
   --> C:\Users\b_cer\.cargo\registry\src\index.crates.io-1949cf8c6b5b557f\proc-macro2-1.0.106\src\wrapper.rs:932:67
    |
932 |             (Literal::Compiler(_), Span::Fallback(_)) => mismatch(line!()),
    |                                                                   ^^^^
    |
help: consider importing this macro
    |
  1 + use core::line;
    |

error: cannot find macro `line` in this scope
   --> C:\Users\b_cer\.cargo\registry\src\index.crates.io-1949cf8c6b5b557f\proc-macro2-1.0.106\src\wrapper.rs:933:67
    |
933 |             (Literal::Fallback(_), Span::Compiler(_)) => mismatch(line!()),
    |                                                                   ^^^^
    |
help: consider importing this macro
    |
  1 + use core::line;
    |

error: cannot find macro `line` in this scope
   --> C:\Users\b_cer\.cargo\registry\src\index.crates.io-1949cf8c6b5b557f\proc-macro2-1.0.106\src\wrapper.rs:950:46
    |
950 |             Literal::Fallback(_) => mismatch(line!()),
    |                                              ^^^^
    |
help: consider importing this macro
    |
  1 + use core::line;
    |

error: cannot find macro `panic` in this scope
   --> C:\Users\b_cer\.cargo\registry\src\index.crates.io-1949cf8c6b5b557f\proc-macro2-1.0.106\src\wrapper.rs:982:9
    |
982 |         panic!(
    |         ^^^^^
    |
help: consider importing this macro
    |
  1 + use core::panic;
    |

error: cannot find attribute `derive` in this scope
 --> C:\Users\b_cer\.cargo\registry\src\index.crates.io-1949cf8c6b5b557f\proc-macro2-1.0.106\src\location.rs:7:3
  |
7 | #[derive(Copy, Clone, Debug, PartialEq, Eq, Hash)]
  |   ^^^^^^
  |
help: consider importing this attribute macro
  |
1 + use core::prelude::rust_2024::derive;
  |

error: cannot find attribute `derive` in this scope
   --> C:\Users\b_cer\.cargo\registry\src\index.crates.io-1949cf8c6b5b557f\proc-macro2-1.0.106\src\lib.rs:210:3
    |
210 | #[derive(Clone)]
    |   ^^^^^^
    |
help: consider importing this attribute macro
    |
174 + use core::prelude::rust_2024::derive;
    |

error: cannot find attribute `derive` in this scope
   --> C:\Users\b_cer\.cargo\registry\src\index.crates.io-1949cf8c6b5b557f\proc-macro2-1.0.106\src\lib.rs:389:3
    |
389 | #[derive(Copy, Clone)]
    |   ^^^^^^
    |
help: consider importing this attribute macro
    |
174 + use core::prelude::rust_2024::derive;
    |

error: cannot find attribute `derive` in this scope
   --> C:\Users\b_cer\.cargo\registry\src\index.crates.io-1949cf8c6b5b557f\proc-macro2-1.0.106\src\lib.rs:577:3
    |
577 | #[derive(Clone)]
    |   ^^^^^^
    |
help: consider importing this attribute macro
    |
174 + use core::prelude::rust_2024::derive;
    |

error: cannot find macro `format_args` in this scope
   --> C:\Users\b_cer\.cargo\registry\src\index.crates.io-1949cf8c6b5b557f\proc-macro2-1.0.106\src\lib.rs:664:37
    |
664 |                 debug.field("sym", &format_args!("{}", t));
    |                                     ^^^^^^^^^^^
    |
help: consider importing this macro
    |
174 + use core::format_args;
    |

error: cannot find attribute `derive` in this scope
   --> C:\Users\b_cer\.cargo\registry\src\index.crates.io-1949cf8c6b5b557f\proc-macro2-1.0.106\src\lib.rs:678:3
    |
678 | #[derive(Clone)]
    |   ^^^^^^
    |
help: consider importing this attribute macro
    |
174 + use core::prelude::rust_2024::derive;
    |

error: cannot find attribute `derive` in this scope
   --> C:\Users\b_cer\.cargo\registry\src\index.crates.io-1949cf8c6b5b557f\proc-macro2-1.0.106\src\lib.rs:684:3
    |
684 | #[derive(Copy, Clone, Debug, Eq, PartialEq)]
    |   ^^^^^^
    |
help: consider importing this attribute macro
    |
174 + use core::prelude::rust_2024::derive;
    |

error: cannot find attribute `derive` in this scope
   --> C:\Users\b_cer\.cargo\registry\src\index.crates.io-1949cf8c6b5b557f\proc-macro2-1.0.106\src\lib.rs:818:3
    |
818 | #[derive(Clone)]
    |   ^^^^^^
    |
help: consider importing this attribute macro
    |
174 + use core::prelude::rust_2024::derive;
    |

error: cannot find attribute `derive` in this scope
   --> C:\Users\b_cer\.cargo\registry\src\index.crates.io-1949cf8c6b5b557f\proc-macro2-1.0.106\src\lib.rs:827:3
    |
827 | #[derive(Copy, Clone, Debug, Eq, PartialEq)]
    |   ^^^^^^
    |
help: consider importing this attribute macro
    |
174 + use core::prelude::rust_2024::derive;
    |

error: cannot find macro `panic` in this scope
   --> C:\Users\b_cer\.cargo\registry\src\index.crates.io-1949cf8c6b5b557f\proc-macro2-1.0.106\src\lib.rs:856:13
    |
856 |             panic!("unsupported proc macro punctuation character {:?}", ch);
    |             ^^^^^
    |
help: consider importing this macro
    |
174 + use core::panic;
    |

error: cannot find attribute `derive` in this scope
   --> C:\Users\b_cer\.cargo\registry\src\index.crates.io-1949cf8c6b5b557f\proc-macro2-1.0.106\src\lib.rs:967:3
    |
967 | #[derive(Clone)]
    |   ^^^^^^
    |
help: consider importing this attribute macro
    |
174 + use core::prelude::rust_2024::derive;
    |

error: cannot find attribute `derive` in this scope
    --> C:\Users\b_cer\.cargo\registry\src\index.crates.io-1949cf8c6b5b557f\proc-macro2-1.0.106\src\lib.rs:1101:3
     |
1101 | #[derive(Clone)]
     |   ^^^^^^
     |
help: consider importing this attribute macro
     |
 174 + use core::prelude::rust_2024::derive;
     |

error: cannot find macro `assert` in this scope
    --> C:\Users\b_cer\.cargo\registry\src\index.crates.io-1949cf8c6b5b557f\proc-macro2-1.0.106\src\lib.rs:1206:9
     |
1206 |         assert!(f.is_finite());
     |         ^^^^^^
     |
help: consider importing this macro
     |
 174 + use core::assert;
     |

error: cannot find macro `assert` in this scope
    --> C:\Users\b_cer\.cargo\registry\src\index.crates.io-1949cf8c6b5b557f\proc-macro2-1.0.106\src\lib.rs:1224:9
     |
1224 |         assert!(f.is_finite());
     |         ^^^^^^
     |
help: consider importing this macro
     |
 174 + use core::assert;
     |

error: cannot find macro `assert` in this scope
    --> C:\Users\b_cer\.cargo\registry\src\index.crates.io-1949cf8c6b5b557f\proc-macro2-1.0.106\src\lib.rs:1242:9
     |
1242 |         assert!(f.is_finite());
     |         ^^^^^^
     |
help: consider importing this macro
     |
 174 + use core::assert;
     |

error[E0531]: cannot find tuple struct or tuple variant `Some` in this scope
  --> C:\Users\b_cer\.cargo\registry\src\index.crates.io-1949cf8c6b5b557f\jobserver-0.1.34\src\error.rs:67:45
   |
67 | ...   FromEnvErrorInner::NotAPipe(fd, Some(err)) => write!(f, "file descriptor {fd} from the jobserver environment variable value is...
   |                                       ^^^^ not found in this scope
   |
help: consider importing this tuple variant
   |
 1 + use std::option::Option::Some;
   |

error[E0425]: cannot find type `Option` in this scope
  --> C:\Users\b_cer\.cargo\registry\src\index.crates.io-1949cf8c6b5b557f\jobserver-0.1.34\src\error.rs:73:25
   |
73 |     fn source(&self) -> Option<&(dyn std::error::Error + 'static)> {
   |                         ^^^^^^ not found in this scope
   |
help: consider importing this enum
   |
 1 + use std::option::Option;
   |

error[E0425]: cannot find function, tuple struct or tuple variant `Some` in this scope
  --> C:\Users\b_cer\.cargo\registry\src\index.crates.io-1949cf8c6b5b557f\jobserver-0.1.34\src\error.rs:75:58
   |
75 |             FromEnvErrorInner::CannotOpenPath(_, err) => Some(err),
   |                                                          ^^^^ not found in this scope
   |
help: consider importing this tuple variant
   |
 1 + use std::option::Option::Some;
   |

error[E0531]: cannot find tuple struct or tuple variant `Some` in this scope
  --> C:\Users\b_cer\.cargo\registry\src\index.crates.io-1949cf8c6b5b557f\jobserver-0.1.34\src\error.rs:76:44
   |
76 |             FromEnvErrorInner::NotAPipe(_, Some(err)) | FromEnvErrorInner::CannotOpenFd(_, err) => {
   |                                            ^^^^ not found in this scope
   |
help: consider importing this tuple variant
   |
 1 + use std::option::Option::Some;
   |

error[E0425]: cannot find function, tuple struct or tuple variant `Some` in this scope
  --> C:\Users\b_cer\.cargo\registry\src\index.crates.io-1949cf8c6b5b557f\jobserver-0.1.34\src\error.rs:77:17
   |
77 |                 Some(err)
   |                 ^^^^ not found in this scope
   |
help: consider importing this tuple variant
   |
 1 + use std::option::Option::Some;
   |

error: cannot find macro `assert` in this scope
    --> C:\Users\b_cer\.cargo\registry\src\index.crates.io-1949cf8c6b5b557f\proc-macro2-1.0.106\src\lib.rs:1260:9
     |
1260 |         assert!(f.is_finite());
     |         ^^^^^^
     |
help: consider importing this macro
     |
 174 + use core::assert;
     |

error[E0425]: cannot find value `None` in this scope
  --> C:\Users\b_cer\.cargo\registry\src\index.crates.io-1949cf8c6b5b557f\jobserver-0.1.34\src\error.rs:79:18
   |
79 |             _ => None,
   |                  ^^^^ not found in this scope
   |
help: consider importing this unit variant
   |
 1 + use std::option::Option::None;
   |

error[E0425]: cannot find type `String` in this scope
  --> C:\Users\b_cer\.cargo\registry\src\index.crates.io-1949cf8c6b5b557f\jobserver-0.1.34\src\error.rs:89:17
   |
89 |     CannotParse(String),
   |                 ^^^^^^ not found in this scope
   |
help: consider importing this struct
   |
 1 + use std::string::String;
   |

error[E0425]: cannot find type `String` in this scope
  --> C:\Users\b_cer\.cargo\registry\src\index.crates.io-1949cf8c6b5b557f\jobserver-0.1.34\src\error.rs:90:20
   |
90 |     CannotOpenPath(String, std::io::Error),
   |                    ^^^^^^ not found in this scope
   |
help: consider importing this struct
   |
 1 + use std::string::String;
   |

error[E0425]: cannot find type `Option` in this scope
  --> C:\Users\b_cer\.cargo\registry\src\index.crates.io-1949cf8c6b5b557f\jobserver-0.1.34\src\error.rs:93:21
   |
93 |     NotAPipe(RawFd, Option<std::io::Error>),
   |                     ^^^^^^ not found in this scope
   |
help: consider importing this enum
   |
 1 + use std::option::Option;
   |

error[E0425]: cannot find type `String` in this scope
  --> C:\Users\b_cer\.cargo\registry\src\index.crates.io-1949cf8c6b5b557f\jobserver-0.1.34\src\windows.rs:12:11
   |
12 |     name: String,
   |           ^^^^^^
   |
  --> /rustc/4a4ef493e3a1488c6e321570238084b38948f6db/library\alloc\src\ffi\c_str.rs:107:0
   |
   = note: similarly named struct `CString` defined here
help: a struct with a similar name exists
   |
12 |     name: CString,
   |           +
help: consider importing this struct
   |
 1 + use std::string::String;
   |

error[E0425]: cannot find function, tuple struct or tuple variant `Err` in this scope
  --> C:\Users\b_cer\.cargo\registry\src\index.crates.io-1949cf8c6b5b557f\jobserver-0.1.34\src\windows.rs:92:28
   |
92 |                     return Err(io::Error::last_os_error());
   |                            ^^^ not found in this scope
   |
help: consider importing this tuple variant
   |
 1 + use std::result::Result::Err;
   |

error[E0425]: cannot find function, tuple struct or tuple variant `Some` in this scope
  --> C:\Users\b_cer\.cargo\registry\src\index.crates.io-1949cf8c6b5b557f\jobserver-0.1.34\src\windows.rs:97:42
   |
97 |                 if err.raw_os_error() == Some(ERROR_ALREADY_EXISTS as i32) {
   |                                          ^^^^ not found in this scope
   |
help: consider importing this tuple variant
   |
 1 + use std::option::Option::Some;
   |

error[E0425]: cannot find function, tuple struct or tuple variant `Ok` in this scope
   --> C:\Users\b_cer\.cargo\registry\src\index.crates.io-1949cf8c6b5b557f\jobserver-0.1.34\src\windows.rs:105:24
    |
105 |                 return Ok(client);
    |                        ^^ not found in this scope
    |
help: consider importing this tuple variant
    |
  1 + use std::result::Result::Ok;
    |

error[E0425]: cannot find function, tuple struct or tuple variant `Err` in this scope
   --> C:\Users\b_cer\.cargo\registry\src\index.crates.io-1949cf8c6b5b557f\jobserver-0.1.34\src\windows.rs:109:9
    |
109 |         Err(io::Error::new(
    |         ^^^ not found in this scope
    |
help: consider importing this tuple variant
    |
  1 + use std::result::Result::Err;
    |

error[E0425]: cannot find type `Result` in this scope
   --> C:\Users\b_cer\.cargo\registry\src\index.crates.io-1949cf8c6b5b557f\jobserver-0.1.34\src\windows.rs:115:62
    |
115 |     pub(crate) unsafe fn open(s: &str, _check_pipe: bool) -> Result<Client, FromEnvErrorInner> {
    |                                                              ^^^^^^ not found in this scope
    |
help: consider importing one of these items
    |
  1 + use crate::io::Result;
    |
  1 + use std::fmt::Result;
    |
  1 + use std::io::Result;
    |
  1 + use std::result::Result;
    |
    = and 3 other candidates

error[E0531]: cannot find tuple struct or tuple variant `Ok` in this scope
   --> C:\Users\b_cer\.cargo\registry\src\index.crates.io-1949cf8c6b5b557f\jobserver-0.1.34\src\windows.rs:117:13
    |
117 |             Ok(s) => s,
    |             ^^ not found in this scope
    |
help: consider importing this tuple variant
    |
  1 + use std::result::Result::Ok;
    |

error[E0531]: cannot find tuple struct or tuple variant `Err` in this scope
   --> C:\Users\b_cer\.cargo\registry\src\index.crates.io-1949cf8c6b5b557f\jobserver-0.1.34\src\windows.rs:118:13
    |
118 |             Err(e) => return Err(FromEnvErrorInner::CannotParse(e.to_string())),
    |             ^^^ not found in this scope
    |
help: consider importing this tuple variant
    |
  1 + use std::result::Result::Err;
    |

error[E0425]: cannot find function, tuple struct or tuple variant `Err` in this scope
   --> C:\Users\b_cer\.cargo\registry\src\index.crates.io-1949cf8c6b5b557f\jobserver-0.1.34\src\windows.rs:118:30
    |
118 |             Err(e) => return Err(FromEnvErrorInner::CannotParse(e.to_string())),
    |                              ^^^ not found in this scope
    |
help: consider importing this tuple variant
    |
  1 + use std::result::Result::Err;
    |

error[E0425]: cannot find function, tuple struct or tuple variant `Err` in this scope
   --> C:\Users\b_cer\.cargo\registry\src\index.crates.io-1949cf8c6b5b557f\jobserver-0.1.34\src\windows.rs:123:13
    |
123 |             Err(FromEnvErrorInner::CannotOpenPath(
    |             ^^^ not found in this scope
    |
help: consider importing this tuple variant
    |
  1 + use std::result::Result::Err;
    |

error[E0425]: cannot find function, tuple struct or tuple variant `Ok` in this scope
   --> C:\Users\b_cer\.cargo\registry\src\index.crates.io-1949cf8c6b5b557f\jobserver-0.1.34\src\windows.rs:128:13
    |
128 |             Ok(Client {
    |             ^^ not found in this scope
    |
help: consider importing this tuple variant
    |
  1 + use std::result::Result::Ok;
    |

error[E0425]: cannot find function, tuple struct or tuple variant `Ok` in this scope
   --> C:\Users\b_cer\.cargo\registry\src\index.crates.io-1949cf8c6b5b557f\jobserver-0.1.34\src\windows.rs:139:17
    |
139 |                 Ok(Acquired)
    |                 ^^ not found in this scope
    |
help: consider importing this tuple variant
    |
  1 + use std::result::Result::Ok;
    |

error[E0425]: cannot find function, tuple struct or tuple variant `Err` in this scope
   --> C:\Users\b_cer\.cargo\registry\src\index.crates.io-1949cf8c6b5b557f\jobserver-0.1.34\src\windows.rs:141:17
    |
141 |                 Err(io::Error::last_os_error())
    |                 ^^^ not found in this scope
    |
help: consider importing this tuple variant
    |
  1 + use std::result::Result::Err;
    |

error[E0425]: cannot find type `Option` in this scope
   --> C:\Users\b_cer\.cargo\registry\src\index.crates.io-1949cf8c6b5b557f\jobserver-0.1.34\src\windows.rs:146:45
    |
146 |     pub fn try_acquire(&self) -> io::Result<Option<Acquired>> {
    |                                             ^^^^^^ not found in this scope
    |
help: consider importing this enum
    |
  1 + use std::option::Option;
    |

error[E0425]: cannot find function, tuple struct or tuple variant `Ok` in this scope
   --> C:\Users\b_cer\.cargo\registry\src\index.crates.io-1949cf8c6b5b557f\jobserver-0.1.34\src\windows.rs:148:30
    |
148 |             WAIT_OBJECT_0 => Ok(Some(Acquired)),
    |                              ^^ not found in this scope
    |
help: consider importing this tuple variant
    |
  1 + use std::result::Result::Ok;
    |

error[E0425]: cannot find function, tuple struct or tuple variant `Some` in this scope
   --> C:\Users\b_cer\.cargo\registry\src\index.crates.io-1949cf8c6b5b557f\jobserver-0.1.34\src\windows.rs:148:33
    |
148 |             WAIT_OBJECT_0 => Ok(Some(Acquired)),
    |                                 ^^^^ not found in this scope
    |
help: consider importing this tuple variant
    |
  1 + use std::option::Option::Some;
    |

error[E0425]: cannot find function, tuple struct or tuple variant `Ok` in this scope
   --> C:\Users\b_cer\.cargo\registry\src\index.crates.io-1949cf8c6b5b557f\jobserver-0.1.34\src\windows.rs:149:29
    |
149 |             WAIT_TIMEOUT => Ok(None),
    |                             ^^ not found in this scope
    |
help: consider importing this tuple variant
    |
  1 + use std::result::Result::Ok;
    |

error[E0425]: cannot find value `None` in this scope
   --> C:\Users\b_cer\.cargo\registry\src\index.crates.io-1949cf8c6b5b557f\jobserver-0.1.34\src\windows.rs:149:32
    |
149 |             WAIT_TIMEOUT => Ok(None),
    |                                ^^^^ not found in this scope
    |
help: consider importing this unit variant
    |
  1 + use std::option::Option::None;
    |

error[E0425]: cannot find function, tuple struct or tuple variant `Err` in this scope
   --> C:\Users\b_cer\.cargo\registry\src\index.crates.io-1949cf8c6b5b557f\jobserver-0.1.34\src\windows.rs:150:28
    |
150 |             WAIT_FAILED => Err(io::Error::last_os_error()),
    |                            ^^^ not found in this scope
    |
help: consider importing this tuple variant
    |
  1 + use std::result::Result::Err;
    |

error[E0425]: cannot find function, tuple struct or tuple variant `Err` in this scope
   --> C:\Users\b_cer\.cargo\registry\src\index.crates.io-1949cf8c6b5b557f\jobserver-0.1.34\src\windows.rs:153:31
    |
153 |             WAIT_ABANDONED => Err(io::Error::new(
    |                               ^^^ not found in this scope
    |
help: consider importing this tuple variant
    |
  1 + use std::result::Result::Err;
    |

error[E0425]: cannot find type `Option` in this scope
   --> C:\Users\b_cer\.cargo\registry\src\index.crates.io-1949cf8c6b5b557f\jobserver-0.1.34\src\windows.rs:161:34
    |
161 |     pub fn release(&self, _data: Option<&Acquired>) -> io::Result<()> {
    |                                  ^^^^^^ not found in this scope
    |
help: consider importing this enum
    |
  1 + use std::option::Option;
    |

error[E0425]: cannot find function, tuple struct or tuple variant `Ok` in this scope
   --> C:\Users\b_cer\.cargo\registry\src\index.crates.io-1949cf8c6b5b557f\jobserver-0.1.34\src\windows.rs:165:17
    |
165 |                 Ok(())
    |                 ^^ not found in this scope
    |
help: consider importing this tuple variant
    |
  1 + use std::result::Result::Ok;
    |

error[E0425]: cannot find function, tuple struct or tuple variant `Err` in this scope
   --> C:\Users\b_cer\.cargo\registry\src\index.crates.io-1949cf8c6b5b557f\jobserver-0.1.34\src\windows.rs:167:17
    |
167 |                 Err(io::Error::last_os_error())
    |                 ^^^ not found in this scope
    |
help: consider importing this tuple variant
    |
  1 + use std::result::Result::Err;
    |

error[E0425]: cannot find type `String` in this scope
   --> C:\Users\b_cer\.cargo\registry\src\index.crates.io-1949cf8c6b5b557f\jobserver-0.1.34\src\windows.rs:172:33
    |
172 |     pub fn string_arg(&self) -> String {
    |                                 ^^^^^^
    |
   --> /rustc/4a4ef493e3a1488c6e321570238084b38948f6db/library\alloc\src\ffi\c_str.rs:107:0
    |
    = note: similarly named struct `CString` defined here
help: a struct with a similar name exists
    |
172 |     pub fn string_arg(&self) -> CString {
    |                                 +
help: consider importing this struct
    |
  1 + use std::string::String;
    |

error[E0425]: cannot find function, tuple struct or tuple variant `Ok` in this scope
   --> C:\Users\b_cer\.cargo\registry\src\index.crates.io-1949cf8c6b5b557f\jobserver-0.1.34\src\windows.rs:183:17
    |
183 |                 Ok(0)
    |                 ^^ not found in this scope
    |
help: consider importing this tuple variant
    |
  1 + use std::result::Result::Ok;
    |

error[E0425]: cannot find function, tuple struct or tuple variant `Ok` in this scope
   --> C:\Users\b_cer\.cargo\registry\src\index.crates.io-1949cf8c6b5b557f\jobserver-0.1.34\src\windows.rs:188:21
    |
188 |                     Ok(prev as usize + 1)
    |                     ^^ not found in this scope
    |
help: consider importing this tuple variant
    |
  1 + use std::result::Result::Ok;
    |

error[E0425]: cannot find function, tuple struct or tuple variant `Err` in this scope
   --> C:\Users\b_cer\.cargo\registry\src\index.crates.io-1949cf8c6b5b557f\jobserver-0.1.34\src\windows.rs:190:21
    |
190 |                     Err(io::Error::last_os_error())
    |                     ^^^ not found in this scope
    |
help: consider importing this tuple variant
    |
  1 + use std::result::Result::Err;
    |

error[E0405]: cannot find trait `Sync` in this scope
   --> C:\Users\b_cer\.cargo\registry\src\index.crates.io-1949cf8c6b5b557f\jobserver-0.1.34\src\windows.rs:205:13
    |
205 | unsafe impl Sync for Handle {}
    |             ^^^^ not found in this scope
    |
help: consider importing this trait
    |
  1 + use std::marker::Sync;
    |

error[E0405]: cannot find trait `Send` in this scope
   --> C:\Users\b_cer\.cargo\registry\src\index.crates.io-1949cf8c6b5b557f\jobserver-0.1.34\src\windows.rs:206:13
    |
206 | unsafe impl Send for Handle {}
    |             ^^^^ not found in this scope
    |
help: consider importing this trait
    |
  1 + use std::marker::Send;
    |

error[E0405]: cannot find trait `Drop` in this scope
   --> C:\Users\b_cer\.cargo\registry\src\index.crates.io-1949cf8c6b5b557f\jobserver-0.1.34\src\windows.rs:208:6
    |
208 | impl Drop for Handle {
    |      ^^^^ not found in this scope
    |
help: consider importing this trait
    |
  1 + use std::ops::Drop;
    |

error[E0425]: cannot find type `Box` in this scope
   --> C:\Users\b_cer\.cargo\registry\src\index.crates.io-1949cf8c6b5b557f\jobserver-0.1.34\src\windows.rs:225:12
    |
225 |     mut f: Box<dyn FnMut(io::Result<crate::Acquired>) + Send>,
    |            ^^^ not found in this scope
    |
help: consider importing this struct
    |
  1 + use std::boxed::Box;
    |

error[E0405]: cannot find trait `FnMut` in this scope
   --> C:\Users\b_cer\.cargo\registry\src\index.crates.io-1949cf8c6b5b557f\jobserver-0.1.34\src\windows.rs:225:20
    |
225 |     mut f: Box<dyn FnMut(io::Result<crate::Acquired>) + Send>,
    |                    ^^^^^ not found in this scope
    |
help: consider importing this trait
    |
  1 + use std::ops::FnMut;
    |

error[E0405]: cannot find trait `Send` in this scope
   --> C:\Users\b_cer\.cargo\registry\src\index.crates.io-1949cf8c6b5b557f\jobserver-0.1.34\src\windows.rs:225:57
    |
225 |     mut f: Box<dyn FnMut(io::Result<crate::Acquired>) + Send>,
    |                                                         ^^^^ not found in this scope
    |
help: consider importing this trait
    |
  1 + use std::marker::Send;
    |

error[E0425]: cannot find function, tuple struct or tuple variant `Err` in this scope
   --> C:\Users\b_cer\.cargo\registry\src\index.crates.io-1949cf8c6b5b557f\jobserver-0.1.34\src\windows.rs:230:20
    |
230 |             return Err(io::Error::last_os_error());
    |                    ^^^ not found in this scope
    |
help: consider importing this tuple variant
    |
  1 + use std::result::Result::Err;
    |

error[E0425]: cannot find function, tuple struct or tuple variant `Ok` in this scope
   --> C:\Users\b_cer\.cargo\registry\src\index.crates.io-1949cf8c6b5b557f\jobserver-0.1.34\src\windows.rs:243:36
    |
243 |                 WAIT_OBJECT_1 => f(Ok(crate::Acquired {
    |                                    ^^ not found in this scope
    |
help: consider importing this tuple variant
    |
  1 + use std::result::Result::Ok;
    |

error[E0425]: cannot find function, tuple struct or tuple variant `Err` in this scope
   --> C:\Users\b_cer\.cargo\registry\src\index.crates.io-1949cf8c6b5b557f\jobserver-0.1.34\src\windows.rs:248:24
    |
248 |                 _ => f(Err(io::Error::last_os_error())),
    |                        ^^^ not found in this scope
    |
help: consider importing this tuple variant
    |
  1 + use std::result::Result::Err;
    |

error[E0425]: cannot find function, tuple struct or tuple variant `Ok` in this scope
   --> C:\Users\b_cer\.cargo\registry\src\index.crates.io-1949cf8c6b5b557f\jobserver-0.1.34\src\windows.rs:252:5
    |
252 |     Ok(Helper { thread, event })
    |     ^^ not found in this scope
    |
help: consider importing this tuple variant
    |
  1 + use std::result::Result::Ok;
    |

error[E0425]: cannot find function `drop` in this scope
   --> C:\Users\b_cer\.cargo\registry\src\index.crates.io-1949cf8c6b5b557f\jobserver-0.1.34\src\windows.rs:267:9
    |
267 |         drop(self.thread.join());
    |         ^^^^ not found in this scope
    |
help: consider importing this function
    |
  1 + use std::mem::drop;
    |

error[E0425]: cannot find type `Result` in this scope
   --> C:\Users\b_cer\.cargo\registry\src\index.crates.io-1949cf8c6b5b557f\jobserver-0.1.34\src\lib.rs:163:17
    |
163 |     pub client: Result<Client, FromEnvError>,
    |                 ^^^^^^ not found in this scope
    |
help: consider importing one of these items
    |
 84 + use crate::io::Result;
    |
 84 + use std::fmt::Result;
    |
 84 + use std::io::Result;
    |
 84 + use std::result::Result;
    |
    = and 3 other candidates

error[E0425]: cannot find type `Option` in this scope
   --> C:\Users\b_cer\.cargo\registry\src\index.crates.io-1949cf8c6b5b557f\jobserver-0.1.34\src\lib.rs:166:14
    |
166 |     pub var: Option<(&'static str, OsString)>,
    |              ^^^^^^ not found in this scope
    |
help: consider importing this enum
    |
 84 + use std::option::Option;
    |

error[E0425]: cannot find function, tuple struct or tuple variant `Ok` in this scope
   --> C:\Users\b_cer\.cargo\registry\src\index.crates.io-1949cf8c6b5b557f\jobserver-0.1.34\src\lib.rs:172:21
    |
172 |             client: Ok(client),
    |                     ^^ not found in this scope
    |
help: consider importing this tuple variant
    |
 84 + use std::result::Result::Ok;
    |

error[E0425]: cannot find function, tuple struct or tuple variant `Some` in this scope
   --> C:\Users\b_cer\.cargo\registry\src\index.crates.io-1949cf8c6b5b557f\jobserver-0.1.34\src\lib.rs:173:18
    |
173 |             var: Some((var_name, var_value)),
    |                  ^^^^ not found in this scope
    |
help: consider importing this tuple variant
    |
 84 + use std::option::Option::Some;
    |

error[E0425]: cannot find function, tuple struct or tuple variant `Err` in this scope
   --> C:\Users\b_cer\.cargo\registry\src\index.crates.io-1949cf8c6b5b557f\jobserver-0.1.34\src\lib.rs:178:21
    |
178 |             client: Err(FromEnvError { inner: kind }),
    |                     ^^^ not found in this scope
    |
help: consider importing this tuple variant
    |
 84 + use std::result::Result::Err;
    |

error[E0425]: cannot find function, tuple struct or tuple variant `Some` in this scope
   --> C:\Users\b_cer\.cargo\registry\src\index.crates.io-1949cf8c6b5b557f\jobserver-0.1.34\src\lib.rs:179:18
    |
179 |             var: Some((var_name, var_value)),
    |                  ^^^^ not found in this scope
    |
help: consider importing this tuple variant
    |
 84 + use std::option::Option::Some;
    |

error[E0425]: cannot find function, tuple struct or tuple variant `Ok` in this scope
   --> C:\Users\b_cer\.cargo\registry\src\index.crates.io-1949cf8c6b5b557f\jobserver-0.1.34\src\lib.rs:209:9
    |
209 |         Ok(Client {
    |         ^^ not found in this scope
    |
help: consider importing this tuple variant
    |
 84 + use std::result::Result::Ok;
    |

error[E0531]: cannot find tuple struct or tuple variant `Some` in this scope
   --> C:\Users\b_cer\.cargo\registry\src\index.crates.io-1949cf8c6b5b557f\jobserver-0.1.34\src\lib.rs:259:13
    |
259 |             Some((env, var_os)) => (env, var_os),
    |             ^^^^ not found in this scope
    |
help: consider importing this tuple variant
    |
 84 + use std::option::Option::Some;
    |

error[E0433]: failed to resolve: use of undeclared type `Default`
   --> C:\Users\b_cer\.cargo\registry\src\index.crates.io-1949cf8c6b5b557f\jobserver-0.1.34\src\lib.rs:260:78
    |
260 |             None => return FromEnv::new_err(FromEnvErrorInner::NoEnvVar, "", Default::default()),
    |                                                                              ^^^^^^^ use of undeclared type `Default`
    |
help: consider importing this trait
    |
 84 + use std::default::Default;
    |

error[E0531]: cannot find tuple struct or tuple variant `Some` in this scope
   --> C:\Users\b_cer\.cargo\registry\src\index.crates.io-1949cf8c6b5b557f\jobserver-0.1.34\src\lib.rs:264:13
    |
264 |             Some(var) => var,
    |             ^^^^ not found in this scope
    |
help: consider importing this tuple variant
    |
 84 + use std::option::Option::Some;
    |

error[E0531]: cannot find tuple struct or tuple variant `Some` in this scope
   --> C:\Users\b_cer\.cargo\registry\src\index.crates.io-1949cf8c6b5b557f\jobserver-0.1.34\src\lib.rs:272:13
    |
272 |             Some(s) => s,
    |             ^^^^ not found in this scope
    |
help: consider importing this tuple variant
    |
 84 + use std::option::Option::Some;
    |

error[E0531]: cannot find tuple struct or tuple variant `Ok` in this scope
   --> C:\Users\b_cer\.cargo\registry\src\index.crates.io-1949cf8c6b5b557f\jobserver-0.1.34\src\lib.rs:276:13
    |
276 |             Ok(c) => FromEnv::new_ok(Client { inner: Arc::new(c) }, env, var_os),
    |             ^^ not found in this scope
    |
help: consider importing this tuple variant
    |
 84 + use std::result::Result::Ok;
    |

error[E0531]: cannot find tuple struct or tuple variant `Err` in this scope
   --> C:\Users\b_cer\.cargo\registry\src\index.crates.io-1949cf8c6b5b557f\jobserver-0.1.34\src\lib.rs:277:13
    |
277 |             Err(err) => FromEnv::new_err(err, env, var_os),
    |             ^^^ not found in this scope
    |
help: consider importing this tuple variant
    |
 84 + use std::result::Result::Err;
    |

error[E0425]: cannot find type `Option` in this scope
   --> C:\Users\b_cer\.cargo\registry\src\index.crates.io-1949cf8c6b5b557f\jobserver-0.1.34\src\lib.rs:298:33
    |
298 |     pub unsafe fn from_env() -> Option<Client> {
    |                                 ^^^^^^ not found in this scope
    |
help: consider importing this enum
    |
 84 + use std::option::Option;
    |

error[E0425]: cannot find function, tuple struct or tuple variant `Ok` in this scope
   --> C:\Users\b_cer\.cargo\registry\src\index.crates.io-1949cf8c6b5b557f\jobserver-0.1.34\src\lib.rs:320:9
    |
320 |         Ok(Acquired {
    |         ^^ not found in this scope
    |
help: consider importing this tuple variant
    |
 84 + use std::result::Result::Ok;
    |

error[E0425]: cannot find type `Option` in this scope
   --> C:\Users\b_cer\.cargo\registry\src\index.crates.io-1949cf8c6b5b557f\jobserver-0.1.34\src\lib.rs:343:45
    |
343 |     pub fn try_acquire(&self) -> io::Result<Option<Acquired>> {
    |                                             ^^^^^^ not found in this scope
    |
help: consider importing this enum
    |
 84 + use std::option::Option;
    |

error[E0425]: cannot find function, tuple struct or tuple variant `Ok` in this scope
   --> C:\Users\b_cer\.cargo\registry\src\index.crates.io-1949cf8c6b5b557f\jobserver-0.1.34\src\lib.rs:346:9
    |
346 |         Ok(ret.map(|data| Acquired {
    |         ^^ not found in this scope
    |
help: consider importing this tuple variant
    |
 84 + use std::result::Result::Ok;
    |

error[E0425]: cannot find type `String` in this scope
   --> C:\Users\b_cer\.cargo\registry\src\index.crates.io-1949cf8c6b5b557f\jobserver-0.1.34\src\lib.rs:414:29
    |
414 |     fn mflags_env(&self) -> String {
    |                             ^^^^^^
    |
   --> /rustc/4a4ef493e3a1488c6e321570238084b38948f6db/library\std\src\ffi\os_str.rs:93:0
    |
    = note: similarly named struct `OsString` defined here
help: a struct with a similar name exists
    |
414 |     fn mflags_env(&self) -> OsString {
    |                             ++
help: consider importing this struct
    |
 84 + use std::string::String;
    |

error[E0405]: cannot find trait `FnMut` in this scope
   --> C:\Users\b_cer\.cargo\registry\src\index.crates.io-1949cf8c6b5b557f\jobserver-0.1.34\src\lib.rs:501:12
    |
501 |         F: FnMut(io::Result<Acquired>) + Send + 'static,
    |            ^^^^^ not found in this scope
    |
help: consider importing this trait
    |
 84 + use std::ops::FnMut;
    |

error[E0405]: cannot find trait `Send` in this scope
   --> C:\Users\b_cer\.cargo\registry\src\index.crates.io-1949cf8c6b5b557f\jobserver-0.1.34\src\lib.rs:501:42
    |
501 |         F: FnMut(io::Result<Acquired>) + Send + 'static,
    |                                          ^^^^ not found in this scope
    |
help: consider importing this trait
    |
 84 + use std::marker::Send;
    |

error[E0425]: cannot find function, tuple struct or tuple variant `Ok` in this scope
   --> C:\Users\b_cer\.cargo\registry\src\index.crates.io-1949cf8c6b5b557f\jobserver-0.1.34\src\lib.rs:504:9
    |
504 |         Ok(HelperThread {
    |         ^^ not found in this scope
    |
help: consider importing this tuple variant
    |
 84 + use std::result::Result::Ok;
    |

error[E0425]: cannot find function, tuple struct or tuple variant `Some` in this scope
   --> C:\Users\b_cer\.cargo\registry\src\index.crates.io-1949cf8c6b5b557f\jobserver-0.1.34\src\lib.rs:505:20
    |
505 |             inner: Some(imp::spawn_helper(self, state.clone(), Box::new(f))?),
    |                    ^^^^ not found in this scope
    |
help: consider importing this tuple variant
    |
 84 + use std::option::Option::Some;
    |

error[E0433]: failed to resolve: use of undeclared type `Box`
   --> C:\Users\b_cer\.cargo\registry\src\index.crates.io-1949cf8c6b5b557f\jobserver-0.1.34\src\lib.rs:505:64
    |
505 |             inner: Some(imp::spawn_helper(self, state.clone(), Box::new(f))?),
    |                                                                ^^^ use of undeclared type `Box`
    |
help: consider importing this struct
    |
 84 + use std::boxed::Box;
    |

error[E0425]: cannot find function, tuple struct or tuple variant `Ok` in this scope
   --> C:\Users\b_cer\.cargo\registry\src\index.crates.io-1949cf8c6b5b557f\jobserver-0.1.34\src\lib.rs:517:9
    |
517 |         Ok(())
    |         ^^ not found in this scope
    |
help: consider importing this tuple variant
    |
 84 + use std::result::Result::Ok;
    |

error[E0425]: cannot find value `None` in this scope
   --> C:\Users\b_cer\.cargo\registry\src\index.crates.io-1949cf8c6b5b557f\jobserver-0.1.34\src\lib.rs:526:28
    |
526 |         self.inner.release(None)?;
    |                            ^^^^ not found in this scope
    |
help: consider importing this unit variant
    |
 84 + use std::option::Option::None;
    |

error[E0425]: cannot find function, tuple struct or tuple variant `Ok` in this scope
   --> C:\Users\b_cer\.cargo\registry\src\index.crates.io-1949cf8c6b5b557f\jobserver-0.1.34\src\lib.rs:527:9
    |
527 |         Ok(())
    |         ^^ not found in this scope
    |
help: consider importing this tuple variant
    |
 84 + use std::result::Result::Ok;
    |

error[E0405]: cannot find trait `Drop` in this scope
   --> C:\Users\b_cer\.cargo\registry\src\index.crates.io-1949cf8c6b5b557f\jobserver-0.1.34\src\lib.rs:531:6
    |
531 | impl Drop for Acquired {
    |      ^^^^ not found in this scope
    |
help: consider importing this trait
    |
 84 + use std::ops::Drop;
    |

error[E0425]: cannot find function `drop` in this scope
   --> C:\Users\b_cer\.cargo\registry\src\index.crates.io-1949cf8c6b5b557f\jobserver-0.1.34\src\lib.rs:534:13
    |
534 |             drop(self.client.release(Some(&self.data)));
    |             ^^^^ not found in this scope
    |
help: consider using the method on `Self`
    |
534 |             self.drop(self.client.release(Some(&self.data)));
    |             +++++
help: consider importing this function
    |
 84 + use std::mem::drop;
    |

error[E0425]: cannot find function, tuple struct or tuple variant `Some` in this scope
   --> C:\Users\b_cer\.cargo\registry\src\index.crates.io-1949cf8c6b5b557f\jobserver-0.1.34\src\lib.rs:534:38
    |
534 |             drop(self.client.release(Some(&self.data)));
    |                                      ^^^^ not found in this scope
    |
help: consider importing this tuple variant
    |
 84 + use std::option::Option::Some;
    |

error[E0425]: cannot find type `Option` in this scope
   --> C:\Users\b_cer\.cargo\registry\src\index.crates.io-1949cf8c6b5b557f\jobserver-0.1.34\src\lib.rs:543:12
    |
543 |     inner: Option<imp::Helper>,
    |            ^^^^^^ not found in this scope
    |
help: consider importing this enum
    |
 84 + use std::option::Option;
    |

error[E0405]: cannot find trait `Drop` in this scope
   --> C:\Users\b_cer\.cargo\registry\src\index.crates.io-1949cf8c6b5b557f\jobserver-0.1.34\src\lib.rs:560:6
    |
560 | impl Drop for HelperThread {
    |      ^^^^ not found in this scope
    |
help: consider importing this trait
    |
 84 + use std::ops::Drop;
    |

error[E0405]: cannot find trait `FnMut` in this scope
   --> C:\Users\b_cer\.cargo\registry\src\index.crates.io-1949cf8c6b5b557f\jobserver-0.1.34\src\lib.rs:583:44
    |
583 |     fn for_each_request(&self, mut f: impl FnMut(&HelperState)) {
    |                                            ^^^^^ not found in this scope
    |
help: consider importing this trait
    |
 84 + use std::ops::FnMut;
    |

error[E0425]: cannot find function `drop` in this scope
   --> C:\Users\b_cer\.cargo\registry\src\index.crates.io-1949cf8c6b5b557f\jobserver-0.1.34\src\lib.rs:601:13
    |
601 |             drop(lock);
    |             ^^^^ not found in this scope
    |
help: consider importing this function
    |
 84 + use std::mem::drop;
    |

error[E0425]: cannot find type `Option` in this scope
   --> C:\Users\b_cer\.cargo\registry\src\index.crates.io-1949cf8c6b5b557f\jobserver-0.1.34\src\lib.rs:625:38
    |
625 | fn find_jobserver_auth(var: &str) -> Option<&str> {
    |                                      ^^^^^^ not found in this scope
    |
help: consider importing this enum
    |
 84 + use std::option::Option;
    |

error: cannot find attribute `derive` in this scope
    --> C:\Users\b_cer\.cargo\registry\src\index.crates.io-1949cf8c6b5b557f\proc-macro2-1.0.106\src\lib.rs:1491:7
     |
1491 |     #[derive(Clone)]
     |       ^^^^^^
     |
help: consider importing this attribute macro
     |
1481 +     use core::prelude::rust_2024::derive;
     |

error[E0277]: `FromEnvError` doesn't implement `Debug`
  --> C:\Users\b_cer\.cargo\registry\src\index.crates.io-1949cf8c6b5b557f\jobserver-0.1.34\src\error.rs:72:28
   |
72 | impl std::error::Error for FromEnvError {
   |                            ^^^^^^^^^^^^ unsatisfied trait bound
   |
help: the trait `Debug` is not implemented for `FromEnvError`
  --> C:\Users\b_cer\.cargo\registry\src\index.crates.io-1949cf8c6b5b557f\jobserver-0.1.34\src\error.rs:10:1
   |
10 | pub struct FromEnvError {
   | ^^^^^^^^^^^^^^^^^^^^^^^
   = note: add `#[derive(Debug)]` to `FromEnvError` or manually `impl Debug for FromEnvError`
note: required by a bound in `std::error::Error`
  --> /rustc/4a4ef493e3a1488c6e321570238084b38948f6db/library\core\src\error.rs:59:0

Some errors have detailed explanations: E0277, E0405, E0425, E0433, E0531.
For more information about an error, try `rustc --explain E0277`.
error: could not compile `jobserver` (lib) due to 110 previous errors
error[E0408]: variable `None` is not bound in all patterns
   --> C:\Users\b_cer\.cargo\registry\src\index.crates.io-1949cf8c6b5b557f\proc-macro2-1.0.106\src\parse.rs:163:9
    |
163 |         Some(_) | None => Ok(input),
    |         ^^^^^^^   ---- variable not in all patterns
    |         |
    |         pattern doesn't bind `None`
    |
help: if you meant to match on unit variants, use the full path in the pattern
    |
163 |         Some(_) | crate::Delimiter::None => Ok(input),
    |                   ++++++++++++++++++
163 |         Some(_) | core::option::Option::None => Ok(input),
    |                   ++++++++++++++++++++++

error[E0405]: cannot find trait `FnMut` in this scope
  --> C:\Users\b_cer\.cargo\registry\src\index.crates.io-1949cf8c6b5b557f\proc-macro2-1.0.106\src\parse.rs:39:18
   |
39 |         Pattern: FnMut(char) -> bool,
   |                  ^^^^^ not found in this scope
   |
help: consider importing this trait
   |
 1 + use core::ops::FnMut;
   |

error[E0425]: cannot find type `Result` in this scope
  --> C:\Users\b_cer\.cargo\registry\src\index.crates.io-1949cf8c6b5b557f\proc-macro2-1.0.106\src\parse.rs:68:35
   |
68 |     fn parse(&self, tag: &str) -> Result<Cursor<'a>, Reject> {
   |                                   ^^^^^^
...
78 | type PResult<'a, O> = Result<(Cursor<'a>, O), Reject>;
   | ------------------------------------------------------ similarly named type alias `PResult` defined here
   |
help: a type alias with a similar name exists
   |
68 |     fn parse(&self, tag: &str) -> PResult<Cursor<'a>, Reject> {
   |                                   +
help: consider importing one of these items
   |
 1 + use crate::fmt::Result;
   |
 1 + use core::fmt::Result;
   |
 1 + use core::result::Result;
   |
 1 + use alloc::fmt::Result;
   |

error[E0425]: cannot find function, tuple struct or tuple variant `Ok` in this scope
  --> C:\Users\b_cer\.cargo\registry\src\index.crates.io-1949cf8c6b5b557f\proc-macro2-1.0.106\src\parse.rs:70:13
   |
70 |             Ok(self.advance(tag.len()))
   |             ^^ not found in this scope
   |
help: consider importing this tuple variant
   |
 1 + use core::result::Result::Ok;
   |

error[E0425]: cannot find function, tuple struct or tuple variant `Err` in this scope
  --> C:\Users\b_cer\.cargo\registry\src\index.crates.io-1949cf8c6b5b557f\proc-macro2-1.0.106\src\parse.rs:72:13
   |
72 |             Err(Reject)
   |             ^^^ not found in this scope
   |
help: consider importing this tuple variant
   |
 1 + use core::result::Result::Err;
   |

error[E0425]: cannot find type `Result` in this scope
  --> C:\Users\b_cer\.cargo\registry\src\index.crates.io-1949cf8c6b5b557f\proc-macro2-1.0.106\src\parse.rs:78:23
   |
78 | type PResult<'a, O> = Result<(Cursor<'a>, O), Reject>;
   |                       ^^^^^^ not found in this scope
   |
help: consider importing one of these items
   |
 1 + use crate::fmt::Result;
   |
 1 + use core::fmt::Result;
   |
 1 + use core::result::Result;
   |
 1 + use alloc::fmt::Result;
   |

error[E0531]: cannot find tuple struct or tuple variant `Ok` in this scope
   --> C:\Users\b_cer\.cargo\registry\src\index.crates.io-1949cf8c6b5b557f\proc-macro2-1.0.106\src\parse.rs:101:21
    |
101 |                     Ok((rest, _)) => {
    |                     ^^ not found in this scope
    |
help: consider importing this tuple variant
    |
  1 + use core::result::Result::Ok;
    |

error[E0531]: cannot find tuple struct or tuple variant `Err` in this scope
   --> C:\Users\b_cer\.cargo\registry\src\index.crates.io-1949cf8c6b5b557f\proc-macro2-1.0.106\src\parse.rs:105:21
    |
105 |                     Err(Reject) => return s,
    |                     ^^^ not found in this scope
    |
help: consider importing this tuple variant
    |
  1 + use core::result::Result::Err;
    |

error[E0425]: cannot find function, tuple struct or tuple variant `Err` in this scope
   --> C:\Users\b_cer\.cargo\registry\src\index.crates.io-1949cf8c6b5b557f\proc-macro2-1.0.106\src\parse.rs:130:16
    |
130 |         return Err(Reject);
    |                ^^^ not found in this scope
    |
help: consider importing this tuple variant
    |
  1 + use core::result::Result::Err;
    |

error[E0425]: cannot find function, tuple struct or tuple variant `Ok` in this scope
   --> C:\Users\b_cer\.cargo\registry\src\index.crates.io-1949cf8c6b5b557f\proc-macro2-1.0.106\src\parse.rs:145:24
    |
145 |                 return Ok((input.advance(i + 2), &input.rest[..i + 2]));
    |                        ^^ not found in this scope
    |
help: consider importing this tuple variant
    |
  1 + use core::result::Result::Ok;
    |

error[E0425]: cannot find function, tuple struct or tuple variant `Err` in this scope
   --> C:\Users\b_cer\.cargo\registry\src\index.crates.io-1949cf8c6b5b557f\proc-macro2-1.0.106\src\parse.rs:152:5
    |
152 |     Err(Reject)
    |     ^^^ not found in this scope
    |
help: consider importing this tuple variant
    |
  1 + use core::result::Result::Err;
    |

error[E0425]: cannot find type `Result` in this scope
   --> C:\Users\b_cer\.cargo\registry\src\index.crates.io-1949cf8c6b5b557f\proc-macro2-1.0.106\src\parse.rs:160:33
    |
 78 | type PResult<'a, O> = Result<(Cursor<'a>, O), Reject>;
    | ------------------------------------------------------ similarly named type alias `PResult` defined here
...
160 | fn word_break(input: Cursor) -> Result<Cursor, Reject> {
    |                                 ^^^^^^
    |
help: a type alias with a similar name exists
    |
160 | fn word_break(input: Cursor) -> PResult<Cursor, Reject> {
    |                                 +
help: consider importing one of these items
    |
  1 + use crate::fmt::Result;
    |
  1 + use core::fmt::Result;
    |
  1 + use core::result::Result;
    |
  1 + use alloc::fmt::Result;
    |

error[E0531]: cannot find tuple struct or tuple variant `Some` in this scope
   --> C:\Users\b_cer\.cargo\registry\src\index.crates.io-1949cf8c6b5b557f\proc-macro2-1.0.106\src\parse.rs:162:9
    |
162 |         Some(ch) if is_ident_continue(ch) => Err(Reject),
    |         ^^^^ not found in this scope
    |
help: consider importing this tuple variant
    |
  1 + use core::option::Option::Some;
    |

error[E0425]: cannot find function, tuple struct or tuple variant `Err` in this scope
   --> C:\Users\b_cer\.cargo\registry\src\index.crates.io-1949cf8c6b5b557f\proc-macro2-1.0.106\src\parse.rs:162:46
    |
162 |         Some(ch) if is_ident_continue(ch) => Err(Reject),
    |                                              ^^^ not found in this scope
    |
help: consider importing this tuple variant
    |
  1 + use core::result::Result::Err;
    |

error[E0531]: cannot find tuple struct or tuple variant `Some` in this scope
   --> C:\Users\b_cer\.cargo\registry\src\index.crates.io-1949cf8c6b5b557f\proc-macro2-1.0.106\src\parse.rs:163:9
    |
163 |         Some(_) | None => Ok(input),
    |         ^^^^ not found in this scope
    |
help: consider importing this tuple variant
    |
  1 + use core::option::Option::Some;
    |

error[E0425]: cannot find function, tuple struct or tuple variant `Ok` in this scope
   --> C:\Users\b_cer\.cargo\registry\src\index.crates.io-1949cf8c6b5b557f\proc-macro2-1.0.106\src\parse.rs:163:27
    |
163 |         Some(_) | None => Ok(input),
    |                           ^^ not found in this scope
    |
help: consider importing this tuple variant
    |
  1 + use core::result::Result::Ok;
    |

error[E0425]: cannot find type `Result` in this scope
   --> C:\Users\b_cer\.cargo\registry\src\index.crates.io-1949cf8c6b5b557f\proc-macro2-1.0.106\src\parse.rs:171:50
    |
 78 | type PResult<'a, O> = Result<(Cursor<'a>, O), Reject>;
    | ------------------------------------------------------ similarly named type alias `PResult` defined here
...
171 | pub(crate) fn token_stream(mut input: Cursor) -> Result<TokenStream, LexError> {
    |                                                  ^^^^^^
    |
help: a type alias with a similar name exists
    |
171 | pub(crate) fn token_stream(mut input: Cursor) -> PResult<TokenStream, LexError> {
    |                                                  +
help: consider importing one of these items
    |
  1 + use crate::fmt::Result;
    |
  1 + use core::fmt::Result;
    |
  1 + use core::result::Result;
    |
  1 + use alloc::fmt::Result;
    |

error[E0531]: cannot find tuple struct or tuple variant `Ok` in this scope
   --> C:\Users\b_cer\.cargo\registry\src\index.crates.io-1949cf8c6b5b557f\proc-macro2-1.0.106\src\parse.rs:178:16
    |
178 |         if let Ok((rest, ())) = doc_comment(input, &mut tokens) {
    |                ^^ not found in this scope
    |
help: consider importing this tuple variant
    |
  1 + use core::result::Result::Ok;
    |

error[E0425]: cannot find function, tuple struct or tuple variant `Ok` in this scope
   --> C:\Users\b_cer\.cargo\registry\src\index.crates.io-1949cf8c6b5b557f\proc-macro2-1.0.106\src\parse.rs:188:25
    |
188 |                 None => Ok(tokens.build()),
    |                         ^^ not found in this scope
    |
help: consider importing this tuple variant
    |
  1 + use core::result::Result::Ok;
    |

error[E0531]: cannot find tuple struct or tuple variant `Some` in this scope
   --> C:\Users\b_cer\.cargo\registry\src\index.crates.io-1949cf8c6b5b557f\proc-macro2-1.0.106\src\parse.rs:190:17
    |
190 |                 Some((lo, _frame)) => Err(LexError {
    |                 ^^^^ not found in this scope
    |
help: consider importing this tuple variant
    |
  1 + use core::option::Option::Some;
    |

error[E0425]: cannot find function, tuple struct or tuple variant `Err` in this scope
   --> C:\Users\b_cer\.cargo\registry\src\index.crates.io-1949cf8c6b5b557f\proc-macro2-1.0.106\src\parse.rs:190:39
    |
190 |                 Some((lo, _frame)) => Err(LexError {
    |                                       ^^^ not found in this scope
    |
help: consider importing this tuple variant
    |
  1 + use core::result::Result::Err;
    |

error[E0531]: cannot find tuple struct or tuple variant `Some` in this scope
   --> C:\Users\b_cer\.cargo\registry\src\index.crates.io-1949cf8c6b5b557f\proc-macro2-1.0.106\src\parse.rs:186:13
    |
186 |         let Some(first) = input.bytes().next() else {
    |             ^^^^ not found in this scope
    |
help: consider importing this tuple variant
    |
  1 + use core::option::Option::Some;
    |

error[E0425]: cannot find function, tuple struct or tuple variant `Some` in this scope
   --> C:\Users\b_cer\.cargo\registry\src\index.crates.io-1949cf8c6b5b557f\proc-macro2-1.0.106\src\parse.rs:199:50
    |
199 |             b'(' if !input.starts_with(ERROR) => Some(Delimiter::Parenthesis),
    |                                                  ^^^^ not found in this scope
    |
help: consider importing this tuple variant
    |
  1 + use core::option::Option::Some;
    |

error[E0425]: cannot find function, tuple struct or tuple variant `Some` in this scope
   --> C:\Users\b_cer\.cargo\registry\src\index.crates.io-1949cf8c6b5b557f\proc-macro2-1.0.106\src\parse.rs:200:21
    |
200 |             b'[' => Some(Delimiter::Bracket),
    |                     ^^^^ not found in this scope
    |
help: consider importing this tuple variant
    |
  1 + use core::option::Option::Some;
    |

error[E0425]: cannot find function, tuple struct or tuple variant `Some` in this scope
   --> C:\Users\b_cer\.cargo\registry\src\index.crates.io-1949cf8c6b5b557f\proc-macro2-1.0.106\src\parse.rs:201:21
    |
201 |             b'{' => Some(Delimiter::Brace),
    |                     ^^^^ not found in this scope
    |
help: consider importing this tuple variant
    |
  1 + use core::option::Option::Some;
    |

error[E0425]: cannot find value `None` in this scope
   --> C:\Users\b_cer\.cargo\registry\src\index.crates.io-1949cf8c6b5b557f\proc-macro2-1.0.106\src\parse.rs:202:18
    |
202 |             _ => None,
    |                  ^^^^ not found in this scope
    |
help: consider importing one of these unit variants
    |
  1 + use crate::Delimiter::None;
    |
  1 + use core::option::Option::None;
    |

error[E0531]: cannot find tuple struct or tuple variant `Some` in this scope
   --> C:\Users\b_cer\.cargo\registry\src\index.crates.io-1949cf8c6b5b557f\proc-macro2-1.0.106\src\parse.rs:198:16
    |
198 |         if let Some(open_delimiter) = match first {
    |                ^^^^ not found in this scope
    |
help: consider importing this tuple variant
    |
  1 + use core::option::Option::Some;
    |

error[E0425]: cannot find function, tuple struct or tuple variant `Some` in this scope
   --> C:\Users\b_cer\.cargo\registry\src\index.crates.io-1949cf8c6b5b557f\proc-macro2-1.0.106\src\parse.rs:211:21
    |
211 |             b')' => Some(Delimiter::Parenthesis),
    |                     ^^^^ not found in this scope
    |
help: consider importing this tuple variant
    |
  1 + use core::option::Option::Some;
    |

error[E0425]: cannot find function, tuple struct or tuple variant `Some` in this scope
   --> C:\Users\b_cer\.cargo\registry\src\index.crates.io-1949cf8c6b5b557f\proc-macro2-1.0.106\src\parse.rs:212:21
    |
212 |             b']' => Some(Delimiter::Bracket),
    |                     ^^^^ not found in this scope
    |
help: consider importing this tuple variant
    |
  1 + use core::option::Option::Some;
    |

error[E0425]: cannot find function, tuple struct or tuple variant `Some` in this scope
   --> C:\Users\b_cer\.cargo\registry\src\index.crates.io-1949cf8c6b5b557f\proc-macro2-1.0.106\src\parse.rs:213:21
    |
213 |             b'}' => Some(Delimiter::Brace),
    |                     ^^^^ not found in this scope
    |
help: consider importing this tuple variant
    |
  1 + use core::option::Option::Some;
    |

error[E0425]: cannot find value `None` in this scope
   --> C:\Users\b_cer\.cargo\registry\src\index.crates.io-1949cf8c6b5b557f\proc-macro2-1.0.106\src\parse.rs:214:18
    |
214 |             _ => None,
    |                  ^^^^ not found in this scope
    |
help: consider importing one of these unit variants
    |
  1 + use crate::Delimiter::None;
    |
  1 + use core::option::Option::None;
    |

error[E0531]: cannot find tuple struct or tuple variant `Some` in this scope
   --> C:\Users\b_cer\.cargo\registry\src\index.crates.io-1949cf8c6b5b557f\proc-macro2-1.0.106\src\parse.rs:210:23
    |
210 |         } else if let Some(close_delimiter) = match first {
    |                       ^^^^ not found in this scope
    |
help: consider importing this tuple variant
    |
  1 + use core::option::Option::Some;
    |

error[E0425]: cannot find function, tuple struct or tuple variant `Err` in this scope
   --> C:\Users\b_cer\.cargo\registry\src\index.crates.io-1949cf8c6b5b557f\proc-macro2-1.0.106\src\parse.rs:217:24
    |
217 |                 return Err(lex_error(input));
    |                        ^^^ not found in this scope
    |
help: consider importing this tuple variant
    |
  1 + use core::result::Result::Err;
    |

error[E0531]: cannot find tuple struct or tuple variant `Some` in this scope
   --> C:\Users\b_cer\.cargo\registry\src\index.crates.io-1949cf8c6b5b557f\proc-macro2-1.0.106\src\parse.rs:216:17
    |
216 |             let Some(frame) = stack.pop() else {
    |                 ^^^^ not found in this scope
    |
help: consider importing this tuple variant
    |
  1 + use core::option::Option::Some;
    |

error[E0425]: cannot find function, tuple struct or tuple variant `Err` in this scope
   --> C:\Users\b_cer\.cargo\registry\src\index.crates.io-1949cf8c6b5b557f\proc-macro2-1.0.106\src\parse.rs:223:24
    |
223 |                 return Err(lex_error(input));
    |                        ^^^ not found in this scope
    |
help: consider importing this tuple variant
    |
  1 + use core::result::Result::Err;
    |

error[E0531]: cannot find tuple struct or tuple variant `Ok` in this scope
   --> C:\Users\b_cer\.cargo\registry\src\index.crates.io-1949cf8c6b5b557f\proc-macro2-1.0.106\src\parse.rs:237:17
    |
237 |                 Ok((rest, tt)) => (rest, tt),
    |                 ^^ not found in this scope
    |
help: consider importing this tuple variant
    |
  1 + use core::result::Result::Ok;
    |

error[E0531]: cannot find tuple struct or tuple variant `Err` in this scope
   --> C:\Users\b_cer\.cargo\registry\src\index.crates.io-1949cf8c6b5b557f\proc-macro2-1.0.106\src\parse.rs:238:17
    |
238 |                 Err(Reject) => return Err(lex_error(input)),
    |                 ^^^ not found in this scope
    |
help: consider importing this tuple variant
    |
  1 + use core::result::Result::Err;
    |

error[E0425]: cannot find function, tuple struct or tuple variant `Err` in this scope
   --> C:\Users\b_cer\.cargo\registry\src\index.crates.io-1949cf8c6b5b557f\proc-macro2-1.0.106\src\parse.rs:238:39
    |
238 |                 Err(Reject) => return Err(lex_error(input)),
    |                                       ^^^ not found in this scope
    |
help: consider importing this tuple variant
    |
  1 + use core::result::Result::Err;
    |

error[E0531]: cannot find tuple struct or tuple variant `Ok` in this scope
   --> C:\Users\b_cer\.cargo\registry\src\index.crates.io-1949cf8c6b5b557f\proc-macro2-1.0.106\src\parse.rs:266:12
    |
266 |     if let Ok((input, l)) = literal(input) {
    |            ^^ not found in this scope
    |
help: consider importing this tuple variant
    |
  1 + use core::result::Result::Ok;
    |

error[E0425]: cannot find function, tuple struct or tuple variant `Ok` in this scope
   --> C:\Users\b_cer\.cargo\registry\src\index.crates.io-1949cf8c6b5b557f\proc-macro2-1.0.106\src\parse.rs:268:9
    |
268 |         Ok((input, TokenTree::Literal(crate::Literal::_new_fallback(l))))
    |         ^^ not found in this scope
    |
help: consider importing this tuple variant
    |
  1 + use core::result::Result::Ok;
    |

error[E0531]: cannot find tuple struct or tuple variant `Ok` in this scope
   --> C:\Users\b_cer\.cargo\registry\src\index.crates.io-1949cf8c6b5b557f\proc-macro2-1.0.106\src\parse.rs:269:19
    |
269 |     } else if let Ok((input, p)) = punct(input) {
    |                   ^^ not found in this scope
    |
help: consider importing this tuple variant
    |
  1 + use core::result::Result::Ok;
    |

error[E0425]: cannot find function, tuple struct or tuple variant `Ok` in this scope
   --> C:\Users\b_cer\.cargo\registry\src\index.crates.io-1949cf8c6b5b557f\proc-macro2-1.0.106\src\parse.rs:270:9
    |
270 |         Ok((input, TokenTree::Punct(p)))
    |         ^^ not found in this scope
    |
help: consider importing this tuple variant
    |
  1 + use core::result::Result::Ok;
    |

error[E0531]: cannot find tuple struct or tuple variant `Ok` in this scope
   --> C:\Users\b_cer\.cargo\registry\src\index.crates.io-1949cf8c6b5b557f\proc-macro2-1.0.106\src\parse.rs:271:19
    |
271 |     } else if let Ok((input, i)) = ident(input) {
    |                   ^^ not found in this scope
    |
help: consider importing this tuple variant
    |
  1 + use core::result::Result::Ok;
    |

error[E0425]: cannot find function, tuple struct or tuple variant `Ok` in this scope
   --> C:\Users\b_cer\.cargo\registry\src\index.crates.io-1949cf8c6b5b557f\proc-macro2-1.0.106\src\parse.rs:272:9
    |
272 |         Ok((input, TokenTree::Ident(i)))
    |         ^^ not found in this scope
    |
help: consider importing this tuple variant
    |
  1 + use core::result::Result::Ok;
    |

error[E0425]: cannot find function, tuple struct or tuple variant `Ok` in this scope
   --> C:\Users\b_cer\.cargo\registry\src\index.crates.io-1949cf8c6b5b557f\proc-macro2-1.0.106\src\parse.rs:276:9
    |
276 |         Ok((rest, TokenTree::Literal(repr)))
    |         ^^ not found in this scope
    |
help: consider importing this tuple variant
    |
  1 + use core::result::Result::Ok;
    |

error[E0425]: cannot find function, tuple struct or tuple variant `Err` in this scope
   --> C:\Users\b_cer\.cargo\registry\src\index.crates.io-1949cf8c6b5b557f\proc-macro2-1.0.106\src\parse.rs:278:9
    |
278 |         Err(Reject)
    |         ^^^ not found in this scope
    |
help: consider importing this tuple variant
    |
  1 + use core::result::Result::Err;
    |

error[E0425]: cannot find function, tuple struct or tuple variant `Err` in this scope
   --> C:\Users\b_cer\.cargo\registry\src\index.crates.io-1949cf8c6b5b557f\proc-macro2-1.0.106\src\parse.rs:289:9
    |
289 |         Err(Reject)
    |         ^^^ not found in this scope
    |
help: consider importing this tuple variant
    |
  1 + use core::result::Result::Err;
    |

error[E0425]: cannot find function, tuple struct or tuple variant `Ok` in this scope
   --> C:\Users\b_cer\.cargo\registry\src\index.crates.io-1949cf8c6b5b557f\proc-macro2-1.0.106\src\parse.rs:304:16
    |
304 |         return Ok((rest, ident));
    |                ^^ not found in this scope
    |
help: consider importing this tuple variant
    |
  1 + use core::result::Result::Ok;
    |

error[E0425]: cannot find function, tuple struct or tuple variant `Err` in this scope
   --> C:\Users\b_cer\.cargo\registry\src\index.crates.io-1949cf8c6b5b557f\proc-macro2-1.0.106\src\parse.rs:308:61
    |
308 |         "_" | "super" | "self" | "Self" | "crate" => return Err(Reject),
    |                                                             ^^^ not found in this scope
    |
help: consider importing this tuple variant
    |
  1 + use core::result::Result::Err;
    |

error[E0425]: cannot find function, tuple struct or tuple variant `Ok` in this scope
   --> C:\Users\b_cer\.cargo\registry\src\index.crates.io-1949cf8c6b5b557f\proc-macro2-1.0.106\src\parse.rs:314:5
    |
314 |     Ok((rest, ident))
    |     ^^ not found in this scope
    |
help: consider importing this tuple variant
    |
  1 + use core::result::Result::Ok;
    |

error[E0531]: cannot find tuple struct or tuple variant `Some` in this scope
   --> C:\Users\b_cer\.cargo\registry\src\index.crates.io-1949cf8c6b5b557f\proc-macro2-1.0.106\src\parse.rs:321:9
    |
321 |         Some((_, ch)) if is_ident_start(ch) => {}
    |         ^^^^ not found in this scope
    |
help: consider importing this tuple variant
    |
  1 + use core::option::Option::Some;
    |

error[E0425]: cannot find function, tuple struct or tuple variant `Err` in this scope
   --> C:\Users\b_cer\.cargo\registry\src\index.crates.io-1949cf8c6b5b557f\proc-macro2-1.0.106\src\parse.rs:322:21
    |
322 |         _ => return Err(Reject),
    |                     ^^^ not found in this scope
    |
help: consider importing this tuple variant
    |
  1 + use core::result::Result::Err;
    |

error[E0425]: cannot find function, tuple struct or tuple variant `Ok` in this scope
   --> C:\Users\b_cer\.cargo\registry\src\index.crates.io-1949cf8c6b5b557f\proc-macro2-1.0.106\src\parse.rs:333:5
    |
333 |     Ok((input.advance(end), &input.rest[..end]))
    |     ^^ not found in this scope
    |
help: consider importing this tuple variant
    |
  1 + use core::result::Result::Ok;
    |

error[E0425]: cannot find function, tuple struct or tuple variant `Ok` in this scope
   --> C:\Users\b_cer\.cargo\registry\src\index.crates.io-1949cf8c6b5b557f\proc-macro2-1.0.106\src\parse.rs:339:5
    |
339 |     Ok((rest, Literal::_new(input.rest[..end].to_string())))
    |     ^^ not found in this scope
    |
help: consider importing this tuple variant
    |
  1 + use core::result::Result::Ok;
    |

error[E0425]: cannot find type `Result` in this scope
   --> C:\Users\b_cer\.cargo\registry\src\index.crates.io-1949cf8c6b5b557f\proc-macro2-1.0.106\src\parse.rs:342:40
    |
 78 | type PResult<'a, O> = Result<(Cursor<'a>, O), Reject>;
    | ------------------------------------------------------ similarly named type alias `PResult` defined here
...
342 | fn literal_nocapture(input: Cursor) -> Result<Cursor, Reject> {
    |                                        ^^^^^^
    |
help: a type alias with a similar name exists
    |
342 | fn literal_nocapture(input: Cursor) -> PResult<Cursor, Reject> {
    |                                        +
help: consider importing one of these items
    |
  1 + use crate::fmt::Result;
    |
  1 + use core::fmt::Result;
    |
  1 + use core::result::Result;
    |
  1 + use alloc::fmt::Result;
    |

error[E0531]: cannot find tuple struct or tuple variant `Ok` in this scope
   --> C:\Users\b_cer\.cargo\registry\src\index.crates.io-1949cf8c6b5b557f\proc-macro2-1.0.106\src\parse.rs:343:12
    |
343 |     if let Ok(ok) = string(input) {
    |            ^^ not found in this scope
    |
help: consider importing this tuple variant
    |
  1 + use core::result::Result::Ok;
    |

error[E0425]: cannot find function, tuple struct or tuple variant `Ok` in this scope
   --> C:\Users\b_cer\.cargo\registry\src\index.crates.io-1949cf8c6b5b557f\proc-macro2-1.0.106\src\parse.rs:344:9
    |
344 |         Ok(ok)
    |         ^^
    |
help: a local variable with a similar name exists (notice the capitalization)
    |
344 -         Ok(ok)
344 +         ok(ok)
    |
help: consider importing this tuple variant
    |
  1 + use core::result::Result::Ok;
    |

error[E0531]: cannot find tuple struct or tuple variant `Ok` in this scope
   --> C:\Users\b_cer\.cargo\registry\src\index.crates.io-1949cf8c6b5b557f\proc-macro2-1.0.106\src\parse.rs:345:19
    |
345 |     } else if let Ok(ok) = byte_string(input) {
    |                   ^^ not found in this scope
    |
help: consider importing this tuple variant
    |
  1 + use core::result::Result::Ok;
    |

error[E0425]: cannot find function, tuple struct or tuple variant `Ok` in this scope
   --> C:\Users\b_cer\.cargo\registry\src\index.crates.io-1949cf8c6b5b557f\proc-macro2-1.0.106\src\parse.rs:346:9
    |
346 |         Ok(ok)
    |         ^^
    |
help: a local variable with a similar name exists (notice the capitalization)
    |
346 -         Ok(ok)
346 +         ok(ok)
    |
help: consider importing this tuple variant
    |
  1 + use core::result::Result::Ok;
    |

error[E0531]: cannot find tuple struct or tuple variant `Ok` in this scope
   --> C:\Users\b_cer\.cargo\registry\src\index.crates.io-1949cf8c6b5b557f\proc-macro2-1.0.106\src\parse.rs:347:19
    |
347 |     } else if let Ok(ok) = c_string(input) {
    |                   ^^ not found in this scope
    |
help: consider importing this tuple variant
    |
  1 + use core::result::Result::Ok;
    |

error[E0425]: cannot find function, tuple struct or tuple variant `Ok` in this scope
   --> C:\Users\b_cer\.cargo\registry\src\index.crates.io-1949cf8c6b5b557f\proc-macro2-1.0.106\src\parse.rs:348:9
    |
348 |         Ok(ok)
    |         ^^
    |
help: a local variable with a similar name exists (notice the capitalization)
    |
348 -         Ok(ok)
348 +         ok(ok)
    |
help: consider importing this tuple variant
    |
  1 + use core::result::Result::Ok;
    |

error[E0531]: cannot find tuple struct or tuple variant `Ok` in this scope
   --> C:\Users\b_cer\.cargo\registry\src\index.crates.io-1949cf8c6b5b557f\proc-macro2-1.0.106\src\parse.rs:349:19
    |
349 |     } else if let Ok(ok) = byte(input) {
    |                   ^^ not found in this scope
    |
help: consider importing this tuple variant
    |
  1 + use core::result::Result::Ok;
    |

error[E0425]: cannot find function, tuple struct or tuple variant `Ok` in this scope
   --> C:\Users\b_cer\.cargo\registry\src\index.crates.io-1949cf8c6b5b557f\proc-macro2-1.0.106\src\parse.rs:350:9
    |
350 |         Ok(ok)
    |         ^^
    |
help: a local variable with a similar name exists (notice the capitalization)
    |
350 -         Ok(ok)
350 +         ok(ok)
    |
help: consider importing this tuple variant
    |
  1 + use core::result::Result::Ok;
    |

error[E0531]: cannot find tuple struct or tuple variant `Ok` in this scope
   --> C:\Users\b_cer\.cargo\registry\src\index.crates.io-1949cf8c6b5b557f\proc-macro2-1.0.106\src\parse.rs:351:19
    |
351 |     } else if let Ok(ok) = character(input) {
    |                   ^^ not found in this scope
    |
help: consider importing this tuple variant
    |
  1 + use core::result::Result::Ok;
    |

error[E0425]: cannot find function, tuple struct or tuple variant `Ok` in this scope
   --> C:\Users\b_cer\.cargo\registry\src\index.crates.io-1949cf8c6b5b557f\proc-macro2-1.0.106\src\parse.rs:352:9
    |
352 |         Ok(ok)
    |         ^^
    |
help: a local variable with a similar name exists (notice the capitalization)
    |
352 -         Ok(ok)
352 +         ok(ok)
    |
help: consider importing this tuple variant
    |
  1 + use core::result::Result::Ok;
    |

error[E0531]: cannot find tuple struct or tuple variant `Ok` in this scope
   --> C:\Users\b_cer\.cargo\registry\src\index.crates.io-1949cf8c6b5b557f\proc-macro2-1.0.106\src\parse.rs:353:19
    |
353 |     } else if let Ok(ok) = float(input) {
    |                   ^^ not found in this scope
    |
help: consider importing this tuple variant
    |
  1 + use core::result::Result::Ok;
    |

error[E0425]: cannot find function, tuple struct or tuple variant `Ok` in this scope
   --> C:\Users\b_cer\.cargo\registry\src\index.crates.io-1949cf8c6b5b557f\proc-macro2-1.0.106\src\parse.rs:354:9
    |
354 |         Ok(ok)
    |         ^^
    |
help: a local variable with a similar name exists (notice the capitalization)
    |
354 -         Ok(ok)
354 +         ok(ok)
    |
help: consider importing this tuple variant
    |
  1 + use core::result::Result::Ok;
    |

error[E0531]: cannot find tuple struct or tuple variant `Ok` in this scope
   --> C:\Users\b_cer\.cargo\registry\src\index.crates.io-1949cf8c6b5b557f\proc-macro2-1.0.106\src\parse.rs:355:19
    |
355 |     } else if let Ok(ok) = int(input) {
    |                   ^^ not found in this scope
    |
help: consider importing this tuple variant
    |
  1 + use core::result::Result::Ok;
    |

error[E0425]: cannot find function, tuple struct or tuple variant `Ok` in this scope
   --> C:\Users\b_cer\.cargo\registry\src\index.crates.io-1949cf8c6b5b557f\proc-macro2-1.0.106\src\parse.rs:356:9
    |
356 |         Ok(ok)
    |         ^^
    |
help: a local variable with a similar name exists (notice the capitalization)
    |
356 -         Ok(ok)
356 +         ok(ok)
    |
help: consider importing this tuple variant
    |
  1 + use core::result::Result::Ok;
    |

error[E0425]: cannot find function, tuple struct or tuple variant `Err` in this scope
   --> C:\Users\b_cer\.cargo\registry\src\index.crates.io-1949cf8c6b5b557f\proc-macro2-1.0.106\src\parse.rs:358:9
    |
358 |         Err(Reject)
    |         ^^^ not found in this scope
    |
help: consider importing this tuple variant
    |
  1 + use core::result::Result::Err;
    |

error[E0531]: cannot find tuple struct or tuple variant `Ok` in this scope
   --> C:\Users\b_cer\.cargo\registry\src\index.crates.io-1949cf8c6b5b557f\proc-macro2-1.0.106\src\parse.rs:364:9
    |
364 |         Ok((input, _)) => input,
    |         ^^ not found in this scope
    |
help: consider importing this tuple variant
    |
  1 + use core::result::Result::Ok;
    |

error[E0531]: cannot find tuple struct or tuple variant `Err` in this scope
   --> C:\Users\b_cer\.cargo\registry\src\index.crates.io-1949cf8c6b5b557f\proc-macro2-1.0.106\src\parse.rs:365:9
    |
365 |         Err(Reject) => input,
    |         ^^^ not found in this scope
    |
help: consider importing this tuple variant
    |
  1 + use core::result::Result::Err;
    |

error[E0425]: cannot find type `Result` in this scope
   --> C:\Users\b_cer\.cargo\registry\src\index.crates.io-1949cf8c6b5b557f\proc-macro2-1.0.106\src\parse.rs:369:29
    |
 78 | type PResult<'a, O> = Result<(Cursor<'a>, O), Reject>;
    | ------------------------------------------------------ similarly named type alias `PResult` defined here
...
369 | fn string(input: Cursor) -> Result<Cursor, Reject> {
    |                             ^^^^^^
    |
help: a type alias with a similar name exists
    |
369 | fn string(input: Cursor) -> PResult<Cursor, Reject> {
    |                             +
help: consider importing one of these items
    |
  1 + use crate::fmt::Result;
    |
  1 + use core::fmt::Result;
    |
  1 + use core::result::Result;
    |
  1 + use alloc::fmt::Result;
    |

error[E0531]: cannot find tuple struct or tuple variant `Ok` in this scope
   --> C:\Users\b_cer\.cargo\registry\src\index.crates.io-1949cf8c6b5b557f\proc-macro2-1.0.106\src\parse.rs:370:12
    |
370 |     if let Ok(input) = input.parse("\"") {
    |            ^^ not found in this scope
    |
help: consider importing this tuple variant
    |
  1 + use core::result::Result::Ok;
    |

error[E0531]: cannot find tuple struct or tuple variant `Ok` in this scope
   --> C:\Users\b_cer\.cargo\registry\src\index.crates.io-1949cf8c6b5b557f\proc-macro2-1.0.106\src\parse.rs:372:19
    |
372 |     } else if let Ok(input) = input.parse("r") {
    |                   ^^ not found in this scope
    |
help: consider importing this tuple variant
    |
  1 + use core::result::Result::Ok;
    |

error[E0425]: cannot find function, tuple struct or tuple variant `Err` in this scope
   --> C:\Users\b_cer\.cargo\registry\src\index.crates.io-1949cf8c6b5b557f\proc-macro2-1.0.106\src\parse.rs:375:9
    |
375 |         Err(Reject)
    |         ^^^ not found in this scope
    |
help: consider importing this tuple variant
    |
  1 + use core::result::Result::Err;
    |

error[E0425]: cannot find type `Result` in this scope
   --> C:\Users\b_cer\.cargo\registry\src\index.crates.io-1949cf8c6b5b557f\proc-macro2-1.0.106\src\parse.rs:379:40
    |
 78 | type PResult<'a, O> = Result<(Cursor<'a>, O), Reject>;
    | ------------------------------------------------------ similarly named type alias `PResult` defined here
...
379 | fn cooked_string(mut input: Cursor) -> Result<Cursor, Reject> {
    |                                        ^^^^^^
    |
help: a type alias with a similar name exists
    |
379 | fn cooked_string(mut input: Cursor) -> PResult<Cursor, Reject> {
    |                                        +
help: consider importing one of these items
    |
  1 + use crate::fmt::Result;
    |
  1 + use core::fmt::Result;
    |
  1 + use core::result::Result;
    |
  1 + use alloc::fmt::Result;
    |

error[E0531]: cannot find tuple struct or tuple variant `Some` in this scope
   --> C:\Users\b_cer\.cargo\registry\src\index.crates.io-1949cf8c6b5b557f\proc-macro2-1.0.106\src\parse.rs:382:15
    |
382 |     while let Some((i, ch)) = chars.next() {
    |               ^^^^ not found in this scope
    |
help: consider importing this tuple variant
    |
  1 + use core::option::Option::Some;
    |

error[E0425]: cannot find function, tuple struct or tuple variant `Ok` in this scope
   --> C:\Users\b_cer\.cargo\registry\src\index.crates.io-1949cf8c6b5b557f\proc-macro2-1.0.106\src\parse.rs:386:24
    |
386 |                 return Ok(literal_suffix(input));
    |                        ^^ not found in this scope
    |
help: consider importing this tuple variant
    |
  1 + use core::result::Result::Ok;
    |

error[E0531]: cannot find tuple struct or tuple variant `Some` in this scope
   --> C:\Users\b_cer\.cargo\registry\src\index.crates.io-1949cf8c6b5b557f\proc-macro2-1.0.106\src\parse.rs:389:17
    |
389 |                 Some((_, '\n')) => {}
    |                 ^^^^ not found in this scope
    |
help: consider importing this tuple variant
    |
  1 + use core::option::Option::Some;
    |

error[E0531]: cannot find tuple struct or tuple variant `Some` in this scope
   --> C:\Users\b_cer\.cargo\registry\src\index.crates.io-1949cf8c6b5b557f\proc-macro2-1.0.106\src\parse.rs:393:17
    |
393 |                 Some((_, 'x')) => {
    |                 ^^^^ not found in this scope
    |
help: consider importing this tuple variant
    |
  1 + use core::option::Option::Some;
    |

error[E0531]: cannot find tuple struct or tuple variant `Some` in this scope
   --> C:\Users\b_cer\.cargo\registry\src\index.crates.io-1949cf8c6b5b557f\proc-macro2-1.0.106\src\parse.rs:396:17
    |
396 |                 Some((_, 'n' | 'r' | 't' | '\\' | '\'' | '"' | '0')) => {}
    |                 ^^^^ not found in this scope
    |
help: consider importing this tuple variant
    |
  1 + use core::option::Option::Some;
    |

error[E0531]: cannot find tuple struct or tuple variant `Some` in this scope
   --> C:\Users\b_cer\.cargo\registry\src\index.crates.io-1949cf8c6b5b557f\proc-macro2-1.0.106\src\parse.rs:397:17
    |
397 |                 Some((_, 'u')) => {
    |                 ^^^^ not found in this scope
    |
help: consider importing this tuple variant
    |
  1 + use core::option::Option::Some;
    |

error[E0531]: cannot find tuple struct or tuple variant `Some` in this scope
   --> C:\Users\b_cer\.cargo\registry\src\index.crates.io-1949cf8c6b5b557f\proc-macro2-1.0.106\src\parse.rs:400:17
    |
400 |                 Some((newline, ch @ ('\n' | '\r'))) => {
    |                 ^^^^ not found in this scope
    |
help: consider importing this tuple variant
    |
  1 + use core::option::Option::Some;
    |

error[E0425]: cannot find function, tuple struct or tuple variant `Err` in this scope
   --> C:\Users\b_cer\.cargo\registry\src\index.crates.io-1949cf8c6b5b557f\proc-macro2-1.0.106\src\parse.rs:410:5
    |
410 |     Err(Reject)
    |     ^^^ not found in this scope
    |
help: consider importing this tuple variant
    |
  1 + use core::result::Result::Err;
    |

error[E0425]: cannot find type `Result` in this scope
   --> C:\Users\b_cer\.cargo\registry\src\index.crates.io-1949cf8c6b5b557f\proc-macro2-1.0.106\src\parse.rs:413:33
    |
 78 | type PResult<'a, O> = Result<(Cursor<'a>, O), Reject>;
    | ------------------------------------------------------ similarly named type alias `PResult` defined here
...
413 | fn raw_string(input: Cursor) -> Result<Cursor, Reject> {
    |                                 ^^^^^^
    |
help: a type alias with a similar name exists
    |
413 | fn raw_string(input: Cursor) -> PResult<Cursor, Reject> {
    |                                 +
help: consider importing one of these items
    |
  1 + use crate::fmt::Result;
    |
  1 + use core::fmt::Result;
    |
  1 + use core::result::Result;
    |
  1 + use alloc::fmt::Result;
    |

error[E0531]: cannot find tuple struct or tuple variant `Some` in this scope
   --> C:\Users\b_cer\.cargo\registry\src\index.crates.io-1949cf8c6b5b557f\proc-macro2-1.0.106\src\parse.rs:416:15
    |
416 |     while let Some((i, byte)) = bytes.next() {
    |               ^^^^ not found in this scope
    |
help: consider importing this tuple variant
    |
  1 + use core::option::Option::Some;
    |

error[E0425]: cannot find function, tuple struct or tuple variant `Ok` in this scope
   --> C:\Users\b_cer\.cargo\registry\src\index.crates.io-1949cf8c6b5b557f\proc-macro2-1.0.106\src\parse.rs:420:24
    |
420 |                 return Ok(literal_suffix(rest));
    |                        ^^ not found in this scope
    |
help: consider importing this tuple variant
    |
  1 + use core::result::Result::Ok;
    |

error[E0531]: cannot find tuple struct or tuple variant `Some` in this scope
   --> C:\Users\b_cer\.cargo\registry\src\index.crates.io-1949cf8c6b5b557f\proc-macro2-1.0.106\src\parse.rs:423:17
    |
423 |                 Some((_, b'\n')) => {}
    |                 ^^^^ not found in this scope
    |
help: consider importing this tuple variant
    |
  1 + use core::option::Option::Some;
    |

error[E0425]: cannot find function, tuple struct or tuple variant `Err` in this scope
   --> C:\Users\b_cer\.cargo\registry\src\index.crates.io-1949cf8c6b5b557f\proc-macro2-1.0.106\src\parse.rs:429:5
    |
429 |     Err(Reject)
    |     ^^^ not found in this scope
    |
help: consider importing this tuple variant
    |
  1 + use core::result::Result::Err;
    |

error[E0425]: cannot find type `Result` in this scope
   --> C:\Users\b_cer\.cargo\registry\src\index.crates.io-1949cf8c6b5b557f\proc-macro2-1.0.106\src\parse.rs:432:34
    |
 78 | type PResult<'a, O> = Result<(Cursor<'a>, O), Reject>;
    | ------------------------------------------------------ similarly named type alias `PResult` defined here
...
432 | fn byte_string(input: Cursor) -> Result<Cursor, Reject> {
    |                                  ^^^^^^
    |
help: a type alias with a similar name exists
    |
432 | fn byte_string(input: Cursor) -> PResult<Cursor, Reject> {
    |                                  +
help: consider importing one of these items
    |
  1 + use crate::fmt::Result;
    |
  1 + use core::fmt::Result;
    |
  1 + use core::result::Result;
    |
  1 + use alloc::fmt::Result;
    |

error[E0531]: cannot find tuple struct or tuple variant `Ok` in this scope
   --> C:\Users\b_cer\.cargo\registry\src\index.crates.io-1949cf8c6b5b557f\proc-macro2-1.0.106\src\parse.rs:433:12
    |
433 |     if let Ok(input) = input.parse("b\"") {
    |            ^^ not found in this scope
    |
help: consider importing this tuple variant
    |
  1 + use core::result::Result::Ok;
    |

error[E0531]: cannot find tuple struct or tuple variant `Ok` in this scope
   --> C:\Users\b_cer\.cargo\registry\src\index.crates.io-1949cf8c6b5b557f\proc-macro2-1.0.106\src\parse.rs:435:19
    |
435 |     } else if let Ok(input) = input.parse("br") {
    |                   ^^ not found in this scope
    |
help: consider importing this tuple variant
    |
  1 + use core::result::Result::Ok;
    |

error[E0425]: cannot find function, tuple struct or tuple variant `Err` in this scope
   --> C:\Users\b_cer\.cargo\registry\src\index.crates.io-1949cf8c6b5b557f\proc-macro2-1.0.106\src\parse.rs:438:9
    |
438 |         Err(Reject)
    |         ^^^ not found in this scope
    |
help: consider importing this tuple variant
    |
  1 + use core::result::Result::Err;
    |

error[E0425]: cannot find type `Result` in this scope
   --> C:\Users\b_cer\.cargo\registry\src\index.crates.io-1949cf8c6b5b557f\proc-macro2-1.0.106\src\parse.rs:442:45
    |
 78 | type PResult<'a, O> = Result<(Cursor<'a>, O), Reject>;
    | ------------------------------------------------------ similarly named type alias `PResult` defined here
...
442 | fn cooked_byte_string(mut input: Cursor) -> Result<Cursor, Reject> {
    |                                             ^^^^^^
    |
help: a type alias with a similar name exists
    |
442 | fn cooked_byte_string(mut input: Cursor) -> PResult<Cursor, Reject> {
    |                                             +
help: consider importing one of these items
    |
  1 + use crate::fmt::Result;
    |
  1 + use core::fmt::Result;
    |
  1 + use core::result::Result;
    |
  1 + use alloc::fmt::Result;
    |

error[E0531]: cannot find tuple struct or tuple variant `Some` in this scope
   --> C:\Users\b_cer\.cargo\registry\src\index.crates.io-1949cf8c6b5b557f\proc-macro2-1.0.106\src\parse.rs:444:15
    |
444 |     while let Some((offset, b)) = bytes.next() {
    |               ^^^^ not found in this scope
    |
help: consider importing this tuple variant
    |
  1 + use core::option::Option::Some;
    |

error[E0425]: cannot find function, tuple struct or tuple variant `Ok` in this scope
   --> C:\Users\b_cer\.cargo\registry\src\index.crates.io-1949cf8c6b5b557f\proc-macro2-1.0.106\src\parse.rs:448:24
    |
448 |                 return Ok(literal_suffix(input));
    |                        ^^ not found in this scope
    |
help: consider importing this tuple variant
    |
  1 + use core::result::Result::Ok;
    |

error[E0531]: cannot find tuple struct or tuple variant `Some` in this scope
   --> C:\Users\b_cer\.cargo\registry\src\index.crates.io-1949cf8c6b5b557f\proc-macro2-1.0.106\src\parse.rs:451:17
    |
451 |                 Some((_, b'\n')) => {}
    |                 ^^^^ not found in this scope
    |
help: consider importing this tuple variant
    |
  1 + use core::option::Option::Some;
    |

error[E0531]: cannot find tuple struct or tuple variant `Some` in this scope
   --> C:\Users\b_cer\.cargo\registry\src\index.crates.io-1949cf8c6b5b557f\proc-macro2-1.0.106\src\parse.rs:455:17
    |
455 |                 Some((_, b'x')) => {
    |                 ^^^^ not found in this scope
    |
help: consider importing this tuple variant
    |
  1 + use core::option::Option::Some;
    |

error[E0531]: cannot find tuple struct or tuple variant `Some` in this scope
   --> C:\Users\b_cer\.cargo\registry\src\index.crates.io-1949cf8c6b5b557f\proc-macro2-1.0.106\src\parse.rs:458:17
    |
458 |                 Some((_, b'n' | b'r' | b't' | b'\\' | b'0' | b'\'' | b'"')) => {}
    |                 ^^^^ not found in this scope
    |
help: consider importing this tuple variant
    |
  1 + use core::option::Option::Some;
    |

error[E0531]: cannot find tuple struct or tuple variant `Some` in this scope
   --> C:\Users\b_cer\.cargo\registry\src\index.crates.io-1949cf8c6b5b557f\proc-macro2-1.0.106\src\parse.rs:459:17
    |
459 |                 Some((newline, b @ (b'\n' | b'\r'))) => {
    |                 ^^^^ not found in this scope
    |
help: consider importing this tuple variant
    |
  1 + use core::option::Option::Some;
    |

error[E0425]: cannot find function, tuple struct or tuple variant `Err` in this scope
   --> C:\Users\b_cer\.cargo\registry\src\index.crates.io-1949cf8c6b5b557f\proc-macro2-1.0.106\src\parse.rs:470:5
    |
470 |     Err(Reject)
    |     ^^^ not found in this scope
    |
help: consider importing this tuple variant
    |
  1 + use core::result::Result::Err;
    |

error[E0425]: cannot find function, tuple struct or tuple variant `Err` in this scope
   --> C:\Users\b_cer\.cargo\registry\src\index.crates.io-1949cf8c6b5b557f\proc-macro2-1.0.106\src\parse.rs:479:28
    |
479 |                     return Err(Reject);
    |                            ^^^ not found in this scope
    |
help: consider importing this tuple variant
    |
  1 + use core::result::Result::Err;
    |

error[E0425]: cannot find function, tuple struct or tuple variant `Ok` in this scope
   --> C:\Users\b_cer\.cargo\registry\src\index.crates.io-1949cf8c6b5b557f\proc-macro2-1.0.106\src\parse.rs:481:24
    |
481 |                 return Ok((input.advance(i + 1), &input.rest[..i]));
    |                        ^^ not found in this scope
    |
help: consider importing this tuple variant
    |
  1 + use core::result::Result::Ok;
    |

error[E0425]: cannot find function, tuple struct or tuple variant `Err` in this scope
   --> C:\Users\b_cer\.cargo\registry\src\index.crates.io-1949cf8c6b5b557f\proc-macro2-1.0.106\src\parse.rs:487:5
    |
487 |     Err(Reject)
    |     ^^^ not found in this scope
    |
help: consider importing this tuple variant
    |
  1 + use core::result::Result::Err;
    |

error[E0425]: cannot find type `Result` in this scope
   --> C:\Users\b_cer\.cargo\registry\src\index.crates.io-1949cf8c6b5b557f\proc-macro2-1.0.106\src\parse.rs:490:38
    |
 78 | type PResult<'a, O> = Result<(Cursor<'a>, O), Reject>;
    | ------------------------------------------------------ similarly named type alias `PResult` defined here
...
490 | fn raw_byte_string(input: Cursor) -> Result<Cursor, Reject> {
    |                                      ^^^^^^
    |
help: a type alias with a similar name exists
    |
490 | fn raw_byte_string(input: Cursor) -> PResult<Cursor, Reject> {
    |                                      +
help: consider importing one of these items
    |
  1 + use crate::fmt::Result;
    |
  1 + use core::fmt::Result;
    |
  1 + use core::result::Result;
    |
  1 + use alloc::fmt::Result;
    |

error[E0531]: cannot find tuple struct or tuple variant `Some` in this scope
   --> C:\Users\b_cer\.cargo\registry\src\index.crates.io-1949cf8c6b5b557f\proc-macro2-1.0.106\src\parse.rs:493:15
    |
493 |     while let Some((i, byte)) = bytes.next() {
    |               ^^^^ not found in this scope
    |
help: consider importing this tuple variant
    |
  1 + use core::option::Option::Some;
    |

error[E0425]: cannot find function, tuple struct or tuple variant `Ok` in this scope
   --> C:\Users\b_cer\.cargo\registry\src\index.crates.io-1949cf8c6b5b557f\proc-macro2-1.0.106\src\parse.rs:497:24
    |
497 |                 return Ok(literal_suffix(rest));
    |                        ^^ not found in this scope
    |
help: consider importing this tuple variant
    |
  1 + use core::result::Result::Ok;
    |

error[E0531]: cannot find tuple struct or tuple variant `Some` in this scope
   --> C:\Users\b_cer\.cargo\registry\src\index.crates.io-1949cf8c6b5b557f\proc-macro2-1.0.106\src\parse.rs:500:17
    |
500 |                 Some((_, b'\n')) => {}
    |                 ^^^^ not found in this scope
    |
help: consider importing this tuple variant
    |
  1 + use core::option::Option::Some;
    |

error[E0425]: cannot find function, tuple struct or tuple variant `Err` in this scope
   --> C:\Users\b_cer\.cargo\registry\src\index.crates.io-1949cf8c6b5b557f\proc-macro2-1.0.106\src\parse.rs:510:5
    |
510 |     Err(Reject)
    |     ^^^ not found in this scope
    |
help: consider importing this tuple variant
    |
  1 + use core::result::Result::Err;
    |

error[E0425]: cannot find type `Result` in this scope
   --> C:\Users\b_cer\.cargo\registry\src\index.crates.io-1949cf8c6b5b557f\proc-macro2-1.0.106\src\parse.rs:513:31
    |
 78 | type PResult<'a, O> = Result<(Cursor<'a>, O), Reject>;
    | ------------------------------------------------------ similarly named type alias `PResult` defined here
...
513 | fn c_string(input: Cursor) -> Result<Cursor, Reject> {
    |                               ^^^^^^
    |
help: a type alias with a similar name exists
    |
513 | fn c_string(input: Cursor) -> PResult<Cursor, Reject> {
    |                               +
help: consider importing one of these items
    |
  1 + use crate::fmt::Result;
    |
  1 + use core::fmt::Result;
    |
  1 + use core::result::Result;
    |
  1 + use alloc::fmt::Result;
    |

error[E0531]: cannot find tuple struct or tuple variant `Ok` in this scope
   --> C:\Users\b_cer\.cargo\registry\src\index.crates.io-1949cf8c6b5b557f\proc-macro2-1.0.106\src\parse.rs:514:12
    |
514 |     if let Ok(input) = input.parse("c\"") {
    |            ^^ not found in this scope
    |
help: consider importing this tuple variant
    |
  1 + use core::result::Result::Ok;
    |

error[E0531]: cannot find tuple struct or tuple variant `Ok` in this scope
   --> C:\Users\b_cer\.cargo\registry\src\index.crates.io-1949cf8c6b5b557f\proc-macro2-1.0.106\src\parse.rs:516:19
    |
516 |     } else if let Ok(input) = input.parse("cr") {
    |                   ^^ not found in this scope
    |
help: consider importing this tuple variant
    |
  1 + use core::result::Result::Ok;
    |

error[E0425]: cannot find function, tuple struct or tuple variant `Err` in this scope
   --> C:\Users\b_cer\.cargo\registry\src\index.crates.io-1949cf8c6b5b557f\proc-macro2-1.0.106\src\parse.rs:519:9
    |
519 |         Err(Reject)
    |         ^^^ not found in this scope
    |
help: consider importing this tuple variant
    |
  1 + use core::result::Result::Err;
    |

error[E0425]: cannot find type `Result` in this scope
   --> C:\Users\b_cer\.cargo\registry\src\index.crates.io-1949cf8c6b5b557f\proc-macro2-1.0.106\src\parse.rs:523:35
    |
 78 | type PResult<'a, O> = Result<(Cursor<'a>, O), Reject>;
    | ------------------------------------------------------ similarly named type alias `PResult` defined here
...
523 | fn raw_c_string(input: Cursor) -> Result<Cursor, Reject> {
    |                                   ^^^^^^
    |
help: a type alias with a similar name exists
    |
523 | fn raw_c_string(input: Cursor) -> PResult<Cursor, Reject> {
    |                                   +
help: consider importing one of these items
    |
  1 + use crate::fmt::Result;
    |
  1 + use core::fmt::Result;
    |
  1 + use core::result::Result;
    |
  1 + use alloc::fmt::Result;
    |

error[E0531]: cannot find tuple struct or tuple variant `Some` in this scope
   --> C:\Users\b_cer\.cargo\registry\src\index.crates.io-1949cf8c6b5b557f\proc-macro2-1.0.106\src\parse.rs:526:15
    |
526 |     while let Some((i, byte)) = bytes.next() {
    |               ^^^^ not found in this scope
    |
help: consider importing this tuple variant
    |
  1 + use core::option::Option::Some;
    |

error[E0425]: cannot find function, tuple struct or tuple variant `Ok` in this scope
   --> C:\Users\b_cer\.cargo\registry\src\index.crates.io-1949cf8c6b5b557f\proc-macro2-1.0.106\src\parse.rs:530:24
    |
530 |                 return Ok(literal_suffix(rest));
    |                        ^^ not found in this scope
    |
help: consider importing this tuple variant
    |
  1 + use core::result::Result::Ok;
    |

error[E0531]: cannot find tuple struct or tuple variant `Some` in this scope
   --> C:\Users\b_cer\.cargo\registry\src\index.crates.io-1949cf8c6b5b557f\proc-macro2-1.0.106\src\parse.rs:533:17
    |
533 |                 Some((_, b'\n')) => {}
    |                 ^^^^ not found in this scope
    |
help: consider importing this tuple variant
    |
  1 + use core::option::Option::Some;
    |

error[E0425]: cannot find function, tuple struct or tuple variant `Err` in this scope
   --> C:\Users\b_cer\.cargo\registry\src\index.crates.io-1949cf8c6b5b557f\proc-macro2-1.0.106\src\parse.rs:540:5
    |
540 |     Err(Reject)
    |     ^^^ not found in this scope
    |
help: consider importing this tuple variant
    |
  1 + use core::result::Result::Err;
    |

error[E0425]: cannot find type `Result` in this scope
   --> C:\Users\b_cer\.cargo\registry\src\index.crates.io-1949cf8c6b5b557f\proc-macro2-1.0.106\src\parse.rs:543:42
    |
 78 | type PResult<'a, O> = Result<(Cursor<'a>, O), Reject>;
    | ------------------------------------------------------ similarly named type alias `PResult` defined here
...
543 | fn cooked_c_string(mut input: Cursor) -> Result<Cursor, Reject> {
    |                                          ^^^^^^
    |
help: a type alias with a similar name exists
    |
543 | fn cooked_c_string(mut input: Cursor) -> PResult<Cursor, Reject> {
    |                                          +
help: consider importing one of these items
    |
  1 + use crate::fmt::Result;
    |
  1 + use core::fmt::Result;
    |
  1 + use core::result::Result;
    |
  1 + use alloc::fmt::Result;
    |

error[E0531]: cannot find tuple struct or tuple variant `Some` in this scope
   --> C:\Users\b_cer\.cargo\registry\src\index.crates.io-1949cf8c6b5b557f\proc-macro2-1.0.106\src\parse.rs:546:15
    |
546 |     while let Some((i, ch)) = chars.next() {
    |               ^^^^ not found in this scope
    |
help: consider importing this tuple variant
    |
  1 + use core::option::Option::Some;
    |

error[E0425]: cannot find function, tuple struct or tuple variant `Ok` in this scope
   --> C:\Users\b_cer\.cargo\registry\src\index.crates.io-1949cf8c6b5b557f\proc-macro2-1.0.106\src\parse.rs:550:24
    |
550 |                 return Ok(literal_suffix(input));
    |                        ^^ not found in this scope
    |
help: consider importing this tuple variant
    |
  1 + use core::result::Result::Ok;
    |

error[E0531]: cannot find tuple struct or tuple variant `Some` in this scope
   --> C:\Users\b_cer\.cargo\registry\src\index.crates.io-1949cf8c6b5b557f\proc-macro2-1.0.106\src\parse.rs:553:17
    |
553 |                 Some((_, '\n')) => {}
    |                 ^^^^ not found in this scope
    |
help: consider importing this tuple variant
    |
  1 + use core::option::Option::Some;
    |

error[E0531]: cannot find tuple struct or tuple variant `Some` in this scope
   --> C:\Users\b_cer\.cargo\registry\src\index.crates.io-1949cf8c6b5b557f\proc-macro2-1.0.106\src\parse.rs:557:17
    |
557 |                 Some((_, 'x')) => {
    |                 ^^^^ not found in this scope
    |
help: consider importing this tuple variant
    |
  1 + use core::option::Option::Some;
    |

error[E0531]: cannot find tuple struct or tuple variant `Some` in this scope
   --> C:\Users\b_cer\.cargo\registry\src\index.crates.io-1949cf8c6b5b557f\proc-macro2-1.0.106\src\parse.rs:560:17
    |
560 |                 Some((_, 'n' | 'r' | 't' | '\\' | '\'' | '"')) => {}
    |                 ^^^^ not found in this scope
    |
help: consider importing this tuple variant
    |
  1 + use core::option::Option::Some;
    |

error[E0531]: cannot find tuple struct or tuple variant `Some` in this scope
   --> C:\Users\b_cer\.cargo\registry\src\index.crates.io-1949cf8c6b5b557f\proc-macro2-1.0.106\src\parse.rs:561:17
    |
561 |                 Some((_, 'u')) => {
    |                 ^^^^ not found in this scope
    |
help: consider importing this tuple variant
    |
  1 + use core::option::Option::Some;
    |

error[E0531]: cannot find tuple struct or tuple variant `Some` in this scope
   --> C:\Users\b_cer\.cargo\registry\src\index.crates.io-1949cf8c6b5b557f\proc-macro2-1.0.106\src\parse.rs:566:17
    |
566 |                 Some((newline, ch @ ('\n' | '\r'))) => {
    |                 ^^^^ not found in this scope
    |
help: consider importing this tuple variant
    |
  1 + use core::option::Option::Some;
    |

error[E0425]: cannot find function, tuple struct or tuple variant `Err` in this scope
   --> C:\Users\b_cer\.cargo\registry\src\index.crates.io-1949cf8c6b5b557f\proc-macro2-1.0.106\src\parse.rs:577:5
    |
577 |     Err(Reject)
    |     ^^^ not found in this scope
    |
help: consider importing this tuple variant
    |
  1 + use core::result::Result::Err;
    |

error[E0425]: cannot find type `Result` in this scope
   --> C:\Users\b_cer\.cargo\registry\src\index.crates.io-1949cf8c6b5b557f\proc-macro2-1.0.106\src\parse.rs:580:27
    |
 78 | type PResult<'a, O> = Result<(Cursor<'a>, O), Reject>;
    | ------------------------------------------------------ similarly named type alias `PResult` defined here
...
580 | fn byte(input: Cursor) -> Result<Cursor, Reject> {
    |                           ^^^^^^
    |
help: a type alias with a similar name exists
    |
580 | fn byte(input: Cursor) -> PResult<Cursor, Reject> {
    |                           +
help: consider importing one of these items
    |
  1 + use crate::fmt::Result;
    |
  1 + use core::fmt::Result;
    |
  1 + use core::result::Result;
    |
  1 + use alloc::fmt::Result;
    |

error[E0531]: cannot find tuple struct or tuple variant `Some` in this scope
   --> C:\Users\b_cer\.cargo\registry\src\index.crates.io-1949cf8c6b5b557f\proc-macro2-1.0.106\src\parse.rs:584:9
    |
584 |         Some(b'\\') => match bytes.next().map(|(_, b)| b) {
    |         ^^^^ not found in this scope
    |
help: consider importing this tuple variant
    |
  1 + use core::option::Option::Some;
    |

error[E0531]: cannot find tuple struct or tuple variant `Some` in this scope
   --> C:\Users\b_cer\.cargo\registry\src\index.crates.io-1949cf8c6b5b557f\proc-macro2-1.0.106\src\parse.rs:585:13
    |
585 |             Some(b'x') => backslash_x_byte(&mut bytes).is_ok(),
    |             ^^^^ not found in this scope
    |
help: consider importing this tuple variant
    |
  1 + use core::option::Option::Some;
    |

error[E0531]: cannot find tuple struct or tuple variant `Some` in this scope
   --> C:\Users\b_cer\.cargo\registry\src\index.crates.io-1949cf8c6b5b557f\proc-macro2-1.0.106\src\parse.rs:586:13
    |
586 |             Some(b'n' | b'r' | b't' | b'\\' | b'0' | b'\'' | b'"') => true,
    |             ^^^^ not found in this scope
    |
help: consider importing this tuple variant
    |
  1 + use core::option::Option::Some;
    |

error[E0425]: cannot find function, tuple struct or tuple variant `Err` in this scope
   --> C:\Users\b_cer\.cargo\registry\src\index.crates.io-1949cf8c6b5b557f\proc-macro2-1.0.106\src\parse.rs:592:16
    |
592 |         return Err(Reject);
    |                ^^^ not found in this scope
    |
help: consider importing this tuple variant
    |
  1 + use core::result::Result::Err;
    |

error[E0425]: cannot find function, tuple struct or tuple variant `Err` in this scope
   --> C:\Users\b_cer\.cargo\registry\src\index.crates.io-1949cf8c6b5b557f\proc-macro2-1.0.106\src\parse.rs:596:16
    |
596 |         return Err(Reject);
    |                ^^^ not found in this scope
    |
help: consider importing this tuple variant
    |
  1 + use core::result::Result::Err;
    |

error[E0425]: cannot find function, tuple struct or tuple variant `Ok` in this scope
   --> C:\Users\b_cer\.cargo\registry\src\index.crates.io-1949cf8c6b5b557f\proc-macro2-1.0.106\src\parse.rs:599:5
    |
599 |     Ok(literal_suffix(input))
    |     ^^
    |
help: a local variable with a similar name exists (notice the capitalization)
    |
599 -     Ok(literal_suffix(input))
599 +     ok(literal_suffix(input))
    |
help: consider importing this tuple variant
    |
  1 + use core::result::Result::Ok;
    |

error[E0425]: cannot find type `Result` in this scope
   --> C:\Users\b_cer\.cargo\registry\src\index.crates.io-1949cf8c6b5b557f\proc-macro2-1.0.106\src\parse.rs:602:32
    |
 78 | type PResult<'a, O> = Result<(Cursor<'a>, O), Reject>;
    | ------------------------------------------------------ similarly named type alias `PResult` defined here
...
602 | fn character(input: Cursor) -> Result<Cursor, Reject> {
    |                                ^^^^^^
    |
help: a type alias with a similar name exists
    |
602 | fn character(input: Cursor) -> PResult<Cursor, Reject> {
    |                                +
help: consider importing one of these items
    |
  1 + use crate::fmt::Result;
    |
  1 + use core::fmt::Result;
    |
  1 + use core::result::Result;
    |
  1 + use alloc::fmt::Result;
    |

error[E0531]: cannot find tuple struct or tuple variant `Some` in this scope
   --> C:\Users\b_cer\.cargo\registry\src\index.crates.io-1949cf8c6b5b557f\proc-macro2-1.0.106\src\parse.rs:606:9
    |
606 |         Some('\\') => match chars.next().map(|(_, ch)| ch) {
    |         ^^^^ not found in this scope
    |
help: consider importing this tuple variant
    |
  1 + use core::option::Option::Some;
    |

error[E0531]: cannot find tuple struct or tuple variant `Some` in this scope
   --> C:\Users\b_cer\.cargo\registry\src\index.crates.io-1949cf8c6b5b557f\proc-macro2-1.0.106\src\parse.rs:607:13
    |
607 |             Some('x') => backslash_x_char(&mut chars).is_ok(),
    |             ^^^^ not found in this scope
    |
help: consider importing this tuple variant
    |
  1 + use core::option::Option::Some;
    |

error[E0531]: cannot find tuple struct or tuple variant `Some` in this scope
   --> C:\Users\b_cer\.cargo\registry\src\index.crates.io-1949cf8c6b5b557f\proc-macro2-1.0.106\src\parse.rs:608:13
    |
608 |             Some('u') => backslash_u(&mut chars).is_ok(),
    |             ^^^^ not found in this scope
    |
help: consider importing this tuple variant
    |
  1 + use core::option::Option::Some;
    |

error[E0531]: cannot find tuple struct or tuple variant `Some` in this scope
   --> C:\Users\b_cer\.cargo\registry\src\index.crates.io-1949cf8c6b5b557f\proc-macro2-1.0.106\src\parse.rs:609:13
    |
609 |             Some('n' | 'r' | 't' | '\\' | '0' | '\'' | '"') => true,
    |             ^^^^ not found in this scope
    |
help: consider importing this tuple variant
    |
  1 + use core::option::Option::Some;
    |

error[E0425]: cannot find function, tuple struct or tuple variant `Err` in this scope
   --> C:\Users\b_cer\.cargo\registry\src\index.crates.io-1949cf8c6b5b557f\proc-macro2-1.0.106\src\parse.rs:615:16
    |
615 |         return Err(Reject);
    |                ^^^ not found in this scope
    |
help: consider importing this tuple variant
    |
  1 + use core::result::Result::Err;
    |

error[E0425]: cannot find function, tuple struct or tuple variant `Ok` in this scope
   --> C:\Users\b_cer\.cargo\registry\src\index.crates.io-1949cf8c6b5b557f\proc-macro2-1.0.106\src\parse.rs:619:5
    |
619 |     Ok(literal_suffix(input))
    |     ^^
    |
help: a local variable with a similar name exists (notice the capitalization)
    |
619 -     Ok(literal_suffix(input))
619 +     ok(literal_suffix(input))
    |
help: consider importing this tuple variant
    |
  1 + use core::result::Result::Ok;
    |

error[E0405]: cannot find trait `Iterator` in this scope
   --> C:\Users\b_cer\.cargo\registry\src\index.crates.io-1949cf8c6b5b557f\proc-macro2-1.0.106\src\parse.rs:636:8
    |
636 |     I: Iterator<Item = (usize, char)>,
    |        ^^^^^^^^ not found in this scope
    |
help: consider importing this trait
    |
  1 + use core::iter::Iterator;
    |

error[E0425]: cannot find type `Result` in this scope
   --> C:\Users\b_cer\.cargo\registry\src\index.crates.io-1949cf8c6b5b557f\proc-macro2-1.0.106\src\parse.rs:634:42
    |
 78 | type PResult<'a, O> = Result<(Cursor<'a>, O), Reject>;
    | ------------------------------------------------------ similarly named type alias `PResult` defined here
...
634 | fn backslash_x_char<I>(chars: &mut I) -> Result<(), Reject>
    |                                          ^^^^^^
    |
help: a type alias with a similar name exists
    |
634 | fn backslash_x_char<I>(chars: &mut I) -> PResult<(), Reject>
    |                                          +
help: consider importing one of these items
    |
  1 + use crate::fmt::Result;
    |
  1 + use core::fmt::Result;
    |
  1 + use core::result::Result;
    |
  1 + use alloc::fmt::Result;
    |

error[E0531]: cannot find tuple struct or tuple variant `Some` in this scope
   --> C:\Users\b_cer\.cargo\registry\src\index.crates.io-1949cf8c6b5b557f\proc-macro2-1.0.106\src\parse.rs:625:13
    |
625 |             Some((_, ch)) => match ch {
    |             ^^^^ not found in this scope
...
638 |     next_ch!(chars @ '0'..='7');
    |     --------------------------- in this macro invocation
    |
    = note: this error originates in the macro `next_ch` (in Nightly builds, run with -Z macro-backtrace for more info)
help: consider importing this tuple variant
    |
  1 + use core::option::Option::Some;
    |

error[E0425]: cannot find function, tuple struct or tuple variant `Err` in this scope
   --> C:\Users\b_cer\.cargo\registry\src\index.crates.io-1949cf8c6b5b557f\proc-macro2-1.0.106\src\parse.rs:627:29
    |
627 |                 _ => return Err(Reject),
    |                             ^^^ not found in this scope
...
638 |     next_ch!(chars @ '0'..='7');
    |     --------------------------- in this macro invocation
    |
    = note: this error originates in the macro `next_ch` (in Nightly builds, run with -Z macro-backtrace for more info)
help: consider importing this tuple variant
    |
  1 + use core::result::Result::Err;
    |

error[E0425]: cannot find function, tuple struct or tuple variant `Err` in this scope
   --> C:\Users\b_cer\.cargo\registry\src\index.crates.io-1949cf8c6b5b557f\proc-macro2-1.0.106\src\parse.rs:629:28
    |
629 |             None => return Err(Reject),
    |                            ^^^ not found in this scope
...
638 |     next_ch!(chars @ '0'..='7');
    |     --------------------------- in this macro invocation
    |
    = note: this error originates in the macro `next_ch` (in Nightly builds, run with -Z macro-backtrace for more info)
help: consider importing this tuple variant
    |
  1 + use core::result::Result::Err;
    |

error[E0531]: cannot find tuple struct or tuple variant `Some` in this scope
   --> C:\Users\b_cer\.cargo\registry\src\index.crates.io-1949cf8c6b5b557f\proc-macro2-1.0.106\src\parse.rs:625:13
    |
625 |             Some((_, ch)) => match ch {
    |             ^^^^ not found in this scope
...
639 |     next_ch!(chars @ '0'..='9' | 'a'..='f' | 'A'..='F');
    |     --------------------------------------------------- in this macro invocation
    |
    = note: this error originates in the macro `next_ch` (in Nightly builds, run with -Z macro-backtrace for more info)
help: consider importing this tuple variant
    |
  1 + use core::option::Option::Some;
    |

error[E0425]: cannot find function, tuple struct or tuple variant `Err` in this scope
   --> C:\Users\b_cer\.cargo\registry\src\index.crates.io-1949cf8c6b5b557f\proc-macro2-1.0.106\src\parse.rs:627:29
    |
627 |                 _ => return Err(Reject),
    |                             ^^^ not found in this scope
...
639 |     next_ch!(chars @ '0'..='9' | 'a'..='f' | 'A'..='F');
    |     --------------------------------------------------- in this macro invocation
    |
    = note: this error originates in the macro `next_ch` (in Nightly builds, run with -Z macro-backtrace for more info)
help: consider importing this tuple variant
    |
  1 + use core::result::Result::Err;
    |

error[E0425]: cannot find function, tuple struct or tuple variant `Err` in this scope
   --> C:\Users\b_cer\.cargo\registry\src\index.crates.io-1949cf8c6b5b557f\proc-macro2-1.0.106\src\parse.rs:629:28
    |
629 |             None => return Err(Reject),
    |                            ^^^ not found in this scope
...
639 |     next_ch!(chars @ '0'..='9' | 'a'..='f' | 'A'..='F');
    |     --------------------------------------------------- in this macro invocation
    |
    = note: this error originates in the macro `next_ch` (in Nightly builds, run with -Z macro-backtrace for more info)
help: consider importing this tuple variant
    |
  1 + use core::result::Result::Err;
    |

error[E0425]: cannot find function, tuple struct or tuple variant `Ok` in this scope
   --> C:\Users\b_cer\.cargo\registry\src\index.crates.io-1949cf8c6b5b557f\proc-macro2-1.0.106\src\parse.rs:640:5
    |
640 |     Ok(())
    |     ^^ not found in this scope
    |
help: consider importing this tuple variant
    |
  1 + use core::result::Result::Ok;
    |

error[E0405]: cannot find trait `Iterator` in this scope
   --> C:\Users\b_cer\.cargo\registry\src\index.crates.io-1949cf8c6b5b557f\proc-macro2-1.0.106\src\parse.rs:645:8
    |
645 |     I: Iterator<Item = (usize, u8)>,
    |        ^^^^^^^^ not found in this scope
    |
help: consider importing this trait
    |
  1 + use core::iter::Iterator;
    |

error[E0425]: cannot find type `Result` in this scope
   --> C:\Users\b_cer\.cargo\registry\src\index.crates.io-1949cf8c6b5b557f\proc-macro2-1.0.106\src\parse.rs:643:42
    |
 78 | type PResult<'a, O> = Result<(Cursor<'a>, O), Reject>;
    | ------------------------------------------------------ similarly named type alias `PResult` defined here
...
643 | fn backslash_x_byte<I>(chars: &mut I) -> Result<(), Reject>
    |                                          ^^^^^^
    |
help: a type alias with a similar name exists
    |
643 | fn backslash_x_byte<I>(chars: &mut I) -> PResult<(), Reject>
    |                                          +
help: consider importing one of these items
    |
  1 + use crate::fmt::Result;
    |
  1 + use core::fmt::Result;
    |
  1 + use core::result::Result;
    |
  1 + use alloc::fmt::Result;
    |

error[E0531]: cannot find tuple struct or tuple variant `Some` in this scope
   --> C:\Users\b_cer\.cargo\registry\src\index.crates.io-1949cf8c6b5b557f\proc-macro2-1.0.106\src\parse.rs:625:13
    |
625 |             Some((_, ch)) => match ch {
    |             ^^^^ not found in this scope
...
647 |     next_ch!(chars @ b'0'..=b'9' | b'a'..=b'f' | b'A'..=b'F');
    |     --------------------------------------------------------- in this macro invocation
    |
    = note: this error originates in the macro `next_ch` (in Nightly builds, run with -Z macro-backtrace for more info)
help: consider importing this tuple variant
    |
  1 + use core::option::Option::Some;
    |

error[E0425]: cannot find function, tuple struct or tuple variant `Err` in this scope
   --> C:\Users\b_cer\.cargo\registry\src\index.crates.io-1949cf8c6b5b557f\proc-macro2-1.0.106\src\parse.rs:627:29
    |
627 |                 _ => return Err(Reject),
    |                             ^^^ not found in this scope
...
647 |     next_ch!(chars @ b'0'..=b'9' | b'a'..=b'f' | b'A'..=b'F');
    |     --------------------------------------------------------- in this macro invocation
    |
    = note: this error originates in the macro `next_ch` (in Nightly builds, run with -Z macro-backtrace for more info)
help: consider importing this tuple variant
    |
  1 + use core::result::Result::Err;
    |

error[E0425]: cannot find function, tuple struct or tuple variant `Err` in this scope
   --> C:\Users\b_cer\.cargo\registry\src\index.crates.io-1949cf8c6b5b557f\proc-macro2-1.0.106\src\parse.rs:629:28
    |
629 |             None => return Err(Reject),
    |                            ^^^ not found in this scope
...
647 |     next_ch!(chars @ b'0'..=b'9' | b'a'..=b'f' | b'A'..=b'F');
    |     --------------------------------------------------------- in this macro invocation
    |
    = note: this error originates in the macro `next_ch` (in Nightly builds, run with -Z macro-backtrace for more info)
help: consider importing this tuple variant
    |
  1 + use core::result::Result::Err;
    |

error[E0531]: cannot find tuple struct or tuple variant `Some` in this scope
   --> C:\Users\b_cer\.cargo\registry\src\index.crates.io-1949cf8c6b5b557f\proc-macro2-1.0.106\src\parse.rs:625:13
    |
625 |             Some((_, ch)) => match ch {
    |             ^^^^ not found in this scope
...
648 |     next_ch!(chars @ b'0'..=b'9' | b'a'..=b'f' | b'A'..=b'F');
    |     --------------------------------------------------------- in this macro invocation
    |
    = note: this error originates in the macro `next_ch` (in Nightly builds, run with -Z macro-backtrace for more info)
help: consider importing this tuple variant
    |
  1 + use core::option::Option::Some;
    |

error[E0425]: cannot find function, tuple struct or tuple variant `Err` in this scope
   --> C:\Users\b_cer\.cargo\registry\src\index.crates.io-1949cf8c6b5b557f\proc-macro2-1.0.106\src\parse.rs:627:29
    |
627 |                 _ => return Err(Reject),
    |                             ^^^ not found in this scope
...
648 |     next_ch!(chars @ b'0'..=b'9' | b'a'..=b'f' | b'A'..=b'F');
    |     --------------------------------------------------------- in this macro invocation
    |
    = note: this error originates in the macro `next_ch` (in Nightly builds, run with -Z macro-backtrace for more info)
help: consider importing this tuple variant
    |
  1 + use core::result::Result::Err;
    |

error[E0425]: cannot find function, tuple struct or tuple variant `Err` in this scope
   --> C:\Users\b_cer\.cargo\registry\src\index.crates.io-1949cf8c6b5b557f\proc-macro2-1.0.106\src\parse.rs:629:28
    |
629 |             None => return Err(Reject),
    |                            ^^^ not found in this scope
...
648 |     next_ch!(chars @ b'0'..=b'9' | b'a'..=b'f' | b'A'..=b'F');
    |     --------------------------------------------------------- in this macro invocation
    |
    = note: this error originates in the macro `next_ch` (in Nightly builds, run with -Z macro-backtrace for more info)
help: consider importing this tuple variant
    |
  1 + use core::result::Result::Err;
    |

error[E0425]: cannot find function, tuple struct or tuple variant `Ok` in this scope
   --> C:\Users\b_cer\.cargo\registry\src\index.crates.io-1949cf8c6b5b557f\proc-macro2-1.0.106\src\parse.rs:649:5
    |
649 |     Ok(())
    |     ^^ not found in this scope
    |
help: consider importing this tuple variant
    |
  1 + use core::result::Result::Ok;
    |

error[E0405]: cannot find trait `Iterator` in this scope
   --> C:\Users\b_cer\.cargo\registry\src\index.crates.io-1949cf8c6b5b557f\proc-macro2-1.0.106\src\parse.rs:654:8
    |
654 |     I: Iterator<Item = (usize, char)>,
    |        ^^^^^^^^ not found in this scope
    |
help: consider importing this trait
    |
  1 + use core::iter::Iterator;
    |

error[E0425]: cannot find type `Result` in this scope
   --> C:\Users\b_cer\.cargo\registry\src\index.crates.io-1949cf8c6b5b557f\proc-macro2-1.0.106\src\parse.rs:652:45
    |
 78 | type PResult<'a, O> = Result<(Cursor<'a>, O), Reject>;
    | ------------------------------------------------------ similarly named type alias `PResult` defined here
...
652 | fn backslash_x_nonzero<I>(chars: &mut I) -> Result<(), Reject>
    |                                             ^^^^^^
    |
help: a type alias with a similar name exists
    |
652 | fn backslash_x_nonzero<I>(chars: &mut I) -> PResult<(), Reject>
    |                                             +
help: consider importing one of these items
    |
  1 + use crate::fmt::Result;
    |
  1 + use core::fmt::Result;
    |
  1 + use core::result::Result;
    |
  1 + use alloc::fmt::Result;
    |

error[E0531]: cannot find tuple struct or tuple variant `Some` in this scope
   --> C:\Users\b_cer\.cargo\registry\src\index.crates.io-1949cf8c6b5b557f\proc-macro2-1.0.106\src\parse.rs:625:13
    |
625 |             Some((_, ch)) => match ch {
    |             ^^^^ not found in this scope
...
656 |     let first = next_ch!(chars @ '0'..='9' | 'a'..='f' | 'A'..='F');
    |                 --------------------------------------------------- in this macro invocation
    |
    = note: this error originates in the macro `next_ch` (in Nightly builds, run with -Z macro-backtrace for more info)
help: consider importing this tuple variant
    |
  1 + use core::option::Option::Some;
    |

error[E0425]: cannot find function, tuple struct or tuple variant `Err` in this scope
   --> C:\Users\b_cer\.cargo\registry\src\index.crates.io-1949cf8c6b5b557f\proc-macro2-1.0.106\src\parse.rs:627:29
    |
627 |                 _ => return Err(Reject),
    |                             ^^^ not found in this scope
...
656 |     let first = next_ch!(chars @ '0'..='9' | 'a'..='f' | 'A'..='F');
    |                 --------------------------------------------------- in this macro invocation
    |
    = note: this error originates in the macro `next_ch` (in Nightly builds, run with -Z macro-backtrace for more info)
help: consider importing this tuple variant
    |
  1 + use core::result::Result::Err;
    |

error[E0425]: cannot find function, tuple struct or tuple variant `Err` in this scope
   --> C:\Users\b_cer\.cargo\registry\src\index.crates.io-1949cf8c6b5b557f\proc-macro2-1.0.106\src\parse.rs:629:28
    |
629 |             None => return Err(Reject),
    |                            ^^^ not found in this scope
...
656 |     let first = next_ch!(chars @ '0'..='9' | 'a'..='f' | 'A'..='F');
    |                 --------------------------------------------------- in this macro invocation
    |
    = note: this error originates in the macro `next_ch` (in Nightly builds, run with -Z macro-backtrace for more info)
help: consider importing this tuple variant
    |
  1 + use core::result::Result::Err;
    |

error[E0531]: cannot find tuple struct or tuple variant `Some` in this scope
   --> C:\Users\b_cer\.cargo\registry\src\index.crates.io-1949cf8c6b5b557f\proc-macro2-1.0.106\src\parse.rs:625:13
    |
625 |             Some((_, ch)) => match ch {
    |             ^^^^ not found in this scope
...
657 |     let second = next_ch!(chars @ '0'..='9' | 'a'..='f' | 'A'..='F');
    |                  --------------------------------------------------- in this macro invocation
    |
    = note: this error originates in the macro `next_ch` (in Nightly builds, run with -Z macro-backtrace for more info)
help: consider importing this tuple variant
    |
  1 + use core::option::Option::Some;
    |

error[E0425]: cannot find function, tuple struct or tuple variant `Err` in this scope
   --> C:\Users\b_cer\.cargo\registry\src\index.crates.io-1949cf8c6b5b557f\proc-macro2-1.0.106\src\parse.rs:627:29
    |
627 |                 _ => return Err(Reject),
    |                             ^^^ not found in this scope
...
657 |     let second = next_ch!(chars @ '0'..='9' | 'a'..='f' | 'A'..='F');
    |                  --------------------------------------------------- in this macro invocation
    |
    = note: this error originates in the macro `next_ch` (in Nightly builds, run with -Z macro-backtrace for more info)
help: consider importing this tuple variant
    |
  1 + use core::result::Result::Err;
    |

error[E0425]: cannot find function, tuple struct or tuple variant `Err` in this scope
   --> C:\Users\b_cer\.cargo\registry\src\index.crates.io-1949cf8c6b5b557f\proc-macro2-1.0.106\src\parse.rs:629:28
    |
629 |             None => return Err(Reject),
    |                            ^^^ not found in this scope
...
657 |     let second = next_ch!(chars @ '0'..='9' | 'a'..='f' | 'A'..='F');
    |                  --------------------------------------------------- in this macro invocation
    |
    = note: this error originates in the macro `next_ch` (in Nightly builds, run with -Z macro-backtrace for more info)
help: consider importing this tuple variant
    |
  1 + use core::result::Result::Err;
    |

error[E0425]: cannot find function, tuple struct or tuple variant `Err` in this scope
   --> C:\Users\b_cer\.cargo\registry\src\index.crates.io-1949cf8c6b5b557f\proc-macro2-1.0.106\src\parse.rs:659:9
    |
659 |         Err(Reject)
    |         ^^^ not found in this scope
    |
help: consider importing this tuple variant
    |
  1 + use core::result::Result::Err;
    |

error[E0425]: cannot find function, tuple struct or tuple variant `Ok` in this scope
   --> C:\Users\b_cer\.cargo\registry\src\index.crates.io-1949cf8c6b5b557f\proc-macro2-1.0.106\src\parse.rs:661:9
    |
661 |         Ok(())
    |         ^^ not found in this scope
    |
help: consider importing this tuple variant
    |
  1 + use core::result::Result::Ok;
    |

error[E0405]: cannot find trait `Iterator` in this scope
   --> C:\Users\b_cer\.cargo\registry\src\index.crates.io-1949cf8c6b5b557f\proc-macro2-1.0.106\src\parse.rs:667:8
    |
667 |     I: Iterator<Item = (usize, char)>,
    |        ^^^^^^^^ not found in this scope
    |
help: consider importing this trait
    |
  1 + use core::iter::Iterator;
    |

error[E0425]: cannot find type `Result` in this scope
   --> C:\Users\b_cer\.cargo\registry\src\index.crates.io-1949cf8c6b5b557f\proc-macro2-1.0.106\src\parse.rs:665:37
    |
 78 | type PResult<'a, O> = Result<(Cursor<'a>, O), Reject>;
    | ------------------------------------------------------ similarly named type alias `PResult` defined here
...
665 | fn backslash_u<I>(chars: &mut I) -> Result<char, Reject>
    |                                     ^^^^^^
    |
help: a type alias with a similar name exists
    |
665 | fn backslash_u<I>(chars: &mut I) -> PResult<char, Reject>
    |                                     +
help: consider importing one of these items
    |
  1 + use crate::fmt::Result;
    |
  1 + use core::fmt::Result;
    |
  1 + use core::result::Result;
    |
  1 + use alloc::fmt::Result;
    |

error[E0531]: cannot find tuple struct or tuple variant `Some` in this scope
   --> C:\Users\b_cer\.cargo\registry\src\index.crates.io-1949cf8c6b5b557f\proc-macro2-1.0.106\src\parse.rs:625:13
    |
625 |             Some((_, ch)) => match ch {
    |             ^^^^ not found in this scope
...
669 |     next_ch!(chars @ '{');
    |     --------------------- in this macro invocation
    |
    = note: this error originates in the macro `next_ch` (in Nightly builds, run with -Z macro-backtrace for more info)
help: consider importing this tuple variant
    |
  1 + use core::option::Option::Some;
    |

error[E0425]: cannot find function, tuple struct or tuple variant `Err` in this scope
   --> C:\Users\b_cer\.cargo\registry\src\index.crates.io-1949cf8c6b5b557f\proc-macro2-1.0.106\src\parse.rs:627:29
    |
627 |                 _ => return Err(Reject),
    |                             ^^^ not found in this scope
...
669 |     next_ch!(chars @ '{');
    |     --------------------- in this macro invocation
    |
    = note: this error originates in the macro `next_ch` (in Nightly builds, run with -Z macro-backtrace for more info)
help: consider importing this tuple variant
    |
  1 + use core::result::Result::Err;
    |

error[E0425]: cannot find function, tuple struct or tuple variant `Err` in this scope
   --> C:\Users\b_cer\.cargo\registry\src\index.crates.io-1949cf8c6b5b557f\proc-macro2-1.0.106\src\parse.rs:629:28
    |
629 |             None => return Err(Reject),
    |                            ^^^ not found in this scope
...
669 |     next_ch!(chars @ '{');
    |     --------------------- in this macro invocation
    |
    = note: this error originates in the macro `next_ch` (in Nightly builds, run with -Z macro-backtrace for more info)
help: consider importing this tuple variant
    |
  1 + use core::result::Result::Err;
    |

error[E0425]: cannot find function, tuple struct or tuple variant `Err` in this scope
   --> C:\Users\b_cer\.cargo\registry\src\index.crates.io-1949cf8c6b5b557f\proc-macro2-1.0.106\src\parse.rs:688:5
    |
688 |     Err(Reject)
    |     ^^^ not found in this scope
    |
help: consider importing this tuple variant
    |
  1 + use core::result::Result::Err;
    |

error[E0425]: cannot find type `Result` in this scope
   --> C:\Users\b_cer\.cargo\registry\src\index.crates.io-1949cf8c6b5b557f\proc-macro2-1.0.106\src\parse.rs:691:60
    |
 78 | type PResult<'a, O> = Result<(Cursor<'a>, O), Reject>;
    | ------------------------------------------------------ similarly named type alias `PResult` defined here
...
691 | fn trailing_backslash(input: &mut Cursor, mut last: u8) -> Result<(), Reject> {
    |                                                            ^^^^^^
    |
help: a type alias with a similar name exists
    |
691 | fn trailing_backslash(input: &mut Cursor, mut last: u8) -> PResult<(), Reject> {
    |                                                            +
help: consider importing one of these items
    |
  1 + use crate::fmt::Result;
    |
  1 + use core::fmt::Result;
    |
  1 + use core::result::Result;
    |
  1 + use alloc::fmt::Result;
    |

error[E0425]: cannot find function, tuple struct or tuple variant `Err` in this scope
   --> C:\Users\b_cer\.cargo\registry\src\index.crates.io-1949cf8c6b5b557f\proc-macro2-1.0.106\src\parse.rs:695:20
    |
695 |             return Err(Reject);
    |                    ^^^ not found in this scope
    |
help: consider importing this tuple variant
    |
  1 + use core::result::Result::Err;
    |

error[E0531]: cannot find tuple struct or tuple variant `Some` in this scope
   --> C:\Users\b_cer\.cargo\registry\src\index.crates.io-1949cf8c6b5b557f\proc-macro2-1.0.106\src\parse.rs:698:13
    |
698 |             Some((_, b @ (b' ' | b'\t' | b'\n' | b'\r'))) => {
    |             ^^^^ not found in this scope
    |
help: consider importing this tuple variant
    |
  1 + use core::option::Option::Some;
    |

error[E0531]: cannot find tuple struct or tuple variant `Some` in this scope
   --> C:\Users\b_cer\.cargo\registry\src\index.crates.io-1949cf8c6b5b557f\proc-macro2-1.0.106\src\parse.rs:701:13
    |
701 |             Some((offset, _)) => {
    |             ^^^^ not found in this scope
    |
help: consider importing this tuple variant
    |
  1 + use core::option::Option::Some;
    |

error[E0425]: cannot find function, tuple struct or tuple variant `Ok` in this scope
   --> C:\Users\b_cer\.cargo\registry\src\index.crates.io-1949cf8c6b5b557f\proc-macro2-1.0.106\src\parse.rs:703:24
    |
703 |                 return Ok(());
    |                        ^^ not found in this scope
    |
help: consider importing this tuple variant
    |
  1 + use core::result::Result::Ok;
    |

error[E0425]: cannot find function, tuple struct or tuple variant `Err` in this scope
   --> C:\Users\b_cer\.cargo\registry\src\index.crates.io-1949cf8c6b5b557f\proc-macro2-1.0.106\src\parse.rs:705:28
    |
705 |             None => return Err(Reject),
    |                            ^^^ not found in this scope
    |
help: consider importing this tuple variant
    |
  1 + use core::result::Result::Err;
    |

error[E0425]: cannot find type `Result` in this scope
   --> C:\Users\b_cer\.cargo\registry\src\index.crates.io-1949cf8c6b5b557f\proc-macro2-1.0.106\src\parse.rs:710:28
    |
 78 | type PResult<'a, O> = Result<(Cursor<'a>, O), Reject>;
    | ------------------------------------------------------ similarly named type alias `PResult` defined here
...
710 | fn float(input: Cursor) -> Result<Cursor, Reject> {
    |                            ^^^^^^
    |
help: a type alias with a similar name exists
    |
710 | fn float(input: Cursor) -> PResult<Cursor, Reject> {
    |                            +
help: consider importing one of these items
    |
  1 + use crate::fmt::Result;
    |
  1 + use core::fmt::Result;
    |
  1 + use core::result::Result;
    |
  1 + use alloc::fmt::Result;
    |

error[E0531]: cannot find tuple struct or tuple variant `Some` in this scope
   --> C:\Users\b_cer\.cargo\registry\src\index.crates.io-1949cf8c6b5b557f\proc-macro2-1.0.106\src\parse.rs:712:12
    |
712 |     if let Some(ch) = rest.chars().next() {
    |            ^^^^ not found in this scope
    |
help: consider importing this tuple variant
    |
  1 + use core::option::Option::Some;
    |

error[E0425]: cannot find type `Result` in this scope
   --> C:\Users\b_cer\.cargo\registry\src\index.crates.io-1949cf8c6b5b557f\proc-macro2-1.0.106\src\parse.rs:720:35
    |
 78 | type PResult<'a, O> = Result<(Cursor<'a>, O), Reject>;
    | ------------------------------------------------------ similarly named type alias `PResult` defined here
...
720 | fn float_digits(input: Cursor) -> Result<Cursor, Reject> {
    |                                   ^^^^^^
    |
help: a type alias with a similar name exists
    |
720 | fn float_digits(input: Cursor) -> PResult<Cursor, Reject> {
    |                                   +
help: consider importing one of these items
    |
  1 + use crate::fmt::Result;
    |
  1 + use core::fmt::Result;
    |
  1 + use core::result::Result;
    |
  1 + use alloc::fmt::Result;
    |

error[E0531]: cannot find tuple struct or tuple variant `Some` in this scope
   --> C:\Users\b_cer\.cargo\registry\src\index.crates.io-1949cf8c6b5b557f\proc-macro2-1.0.106\src\parse.rs:723:9
    |
723 |         Some(ch) if '0' <= ch && ch <= '9' => {}
    |         ^^^^ not found in this scope
    |
help: consider importing this tuple variant
    |
  1 + use core::option::Option::Some;
    |

error[E0425]: cannot find function, tuple struct or tuple variant `Err` in this scope
   --> C:\Users\b_cer\.cargo\registry\src\index.crates.io-1949cf8c6b5b557f\proc-macro2-1.0.106\src\parse.rs:724:21
    |
724 |         _ => return Err(Reject),
    |                     ^^^ not found in this scope
    |
help: consider importing this tuple variant
    |
  1 + use core::result::Result::Err;
    |

error[E0531]: cannot find tuple struct or tuple variant `Some` in this scope
   --> C:\Users\b_cer\.cargo\registry\src\index.crates.io-1949cf8c6b5b557f\proc-macro2-1.0.106\src\parse.rs:730:15
    |
730 |     while let Some(&ch) = chars.peek() {
    |               ^^^^ not found in this scope
    |
help: consider importing this tuple variant
    |
  1 + use core::option::Option::Some;
    |

error[E0425]: cannot find function, tuple struct or tuple variant `Err` in this scope
   --> C:\Users\b_cer\.cargo\registry\src\index.crates.io-1949cf8c6b5b557f\proc-macro2-1.0.106\src\parse.rs:745:28
    |
745 |                     return Err(Reject);
    |                            ^^^ not found in this scope
    |
help: consider importing this tuple variant
    |
  1 + use core::result::Result::Err;
    |

error[E0425]: cannot find function, tuple struct or tuple variant `Err` in this scope
   --> C:\Users\b_cer\.cargo\registry\src\index.crates.io-1949cf8c6b5b557f\proc-macro2-1.0.106\src\parse.rs:761:16
    |
761 |         return Err(Reject);
    |                ^^^ not found in this scope
    |
help: consider importing this tuple variant
    |
  1 + use core::result::Result::Err;
    |

error[E0425]: cannot find function, tuple struct or tuple variant `Ok` in this scope
   --> C:\Users\b_cer\.cargo\registry\src\index.crates.io-1949cf8c6b5b557f\proc-macro2-1.0.106\src\parse.rs:766:13
    |
766 |             Ok(input.advance(len - 1))
    |             ^^ not found in this scope
    |
help: consider importing this tuple variant
    |
  1 + use core::result::Result::Ok;
    |

error[E0425]: cannot find function, tuple struct or tuple variant `Err` in this scope
   --> C:\Users\b_cer\.cargo\registry\src\index.crates.io-1949cf8c6b5b557f\proc-macro2-1.0.106\src\parse.rs:768:13
    |
768 |             Err(Reject)
    |             ^^^ not found in this scope
    |
help: consider importing this tuple variant
    |
  1 + use core::result::Result::Err;
    |

error[E0531]: cannot find tuple struct or tuple variant `Some` in this scope
   --> C:\Users\b_cer\.cargo\registry\src\index.crates.io-1949cf8c6b5b557f\proc-macro2-1.0.106\src\parse.rs:772:19
    |
772 |         while let Some(&ch) = chars.peek() {
    |                   ^^^^ not found in this scope
    |
help: consider importing this tuple variant
    |
  1 + use core::option::Option::Some;
    |

error[E0425]: cannot find function, tuple struct or tuple variant `Ok` in this scope
   --> C:\Users\b_cer\.cargo\registry\src\index.crates.io-1949cf8c6b5b557f\proc-macro2-1.0.106\src\parse.rs:802:5
    |
802 |     Ok(input.advance(len))
    |     ^^ not found in this scope
    |
help: consider importing this tuple variant
    |
  1 + use core::result::Result::Ok;
    |

error[E0425]: cannot find type `Result` in this scope
   --> C:\Users\b_cer\.cargo\registry\src\index.crates.io-1949cf8c6b5b557f\proc-macro2-1.0.106\src\parse.rs:805:26
    |
 78 | type PResult<'a, O> = Result<(Cursor<'a>, O), Reject>;
    | ------------------------------------------------------ similarly named type alias `PResult` defined here
...
805 | fn int(input: Cursor) -> Result<Cursor, Reject> {
    |                          ^^^^^^
    |
help: a type alias with a similar name exists
    |
805 | fn int(input: Cursor) -> PResult<Cursor, Reject> {
    |                          +
help: consider importing one of these items
    |
  1 + use crate::fmt::Result;
    |
  1 + use core::fmt::Result;
    |
  1 + use core::result::Result;
    |
  1 + use alloc::fmt::Result;
    |

error[E0531]: cannot find tuple struct or tuple variant `Some` in this scope
   --> C:\Users\b_cer\.cargo\registry\src\index.crates.io-1949cf8c6b5b557f\proc-macro2-1.0.106\src\parse.rs:807:12
    |
807 |     if let Some(ch) = rest.chars().next() {
    |            ^^^^ not found in this scope
    |
help: consider importing this tuple variant
    |
  1 + use core::option::Option::Some;
    |

error[E0425]: cannot find type `Result` in this scope
   --> C:\Users\b_cer\.cargo\registry\src\index.crates.io-1949cf8c6b5b557f\proc-macro2-1.0.106\src\parse.rs:815:33
    |
 78 | type PResult<'a, O> = Result<(Cursor<'a>, O), Reject>;
    | ------------------------------------------------------ similarly named type alias `PResult` defined here
...
815 | fn digits(mut input: Cursor) -> Result<Cursor, Reject> {
    |                                 ^^^^^^
    |
help: a type alias with a similar name exists
    |
815 | fn digits(mut input: Cursor) -> PResult<Cursor, Reject> {
    |                                 +
help: consider importing one of these items
    |
  1 + use crate::fmt::Result;
    |
  1 + use core::fmt::Result;
    |
  1 + use core::result::Result;
    |
  1 + use alloc::fmt::Result;
    |

error[E0425]: cannot find function, tuple struct or tuple variant `Err` in this scope
   --> C:\Users\b_cer\.cargo\registry\src\index.crates.io-1949cf8c6b5b557f\proc-macro2-1.0.106\src\parse.rs:836:28
    |
836 |                     return Err(Reject);
    |                            ^^^ not found in this scope
    |
help: consider importing this tuple variant
    |
  1 + use core::result::Result::Err;
    |

error[E0425]: cannot find function, tuple struct or tuple variant `Err` in this scope
   --> C:\Users\b_cer\.cargo\registry\src\index.crates.io-1949cf8c6b5b557f\proc-macro2-1.0.106\src\parse.rs:853:28
    |
853 |                     return Err(Reject);
    |                            ^^^ not found in this scope
    |
help: consider importing this tuple variant
    |
  1 + use core::result::Result::Err;
    |

error[E0425]: cannot find function, tuple struct or tuple variant `Err` in this scope
   --> C:\Users\b_cer\.cargo\registry\src\index.crates.io-1949cf8c6b5b557f\proc-macro2-1.0.106\src\parse.rs:864:9
    |
864 |         Err(Reject)
    |         ^^^ not found in this scope
    |
help: consider importing this tuple variant
    |
  1 + use core::result::Result::Err;
    |

error[E0425]: cannot find function, tuple struct or tuple variant `Ok` in this scope
   --> C:\Users\b_cer\.cargo\registry\src\index.crates.io-1949cf8c6b5b557f\proc-macro2-1.0.106\src\parse.rs:866:9
    |
866 |         Ok(input.advance(len))
    |         ^^ not found in this scope
    |
help: consider importing this tuple variant
    |
  1 + use core::result::Result::Ok;
    |

error[E0425]: cannot find function, tuple struct or tuple variant `Err` in this scope
   --> C:\Users\b_cer\.cargo\registry\src\index.crates.io-1949cf8c6b5b557f\proc-macro2-1.0.106\src\parse.rs:877:13
    |
877 |             Err(Reject)
    |             ^^^ not found in this scope
    |
help: consider importing this tuple variant
    |
  1 + use core::result::Result::Err;
    |

error[E0425]: cannot find function, tuple struct or tuple variant `Ok` in this scope
   --> C:\Users\b_cer\.cargo\registry\src\index.crates.io-1949cf8c6b5b557f\proc-macro2-1.0.106\src\parse.rs:879:13
    |
879 |             Ok((rest, Punct::new('\'', Spacing::Joint)))
    |             ^^ not found in this scope
    |
help: consider importing this tuple variant
    |
  1 + use core::result::Result::Ok;
    |

error[E0531]: cannot find tuple struct or tuple variant `Ok` in this scope
   --> C:\Users\b_cer\.cargo\registry\src\index.crates.io-1949cf8c6b5b557f\proc-macro2-1.0.106\src\parse.rs:883:13
    |
883 |             Ok(_) => Spacing::Joint,
    |             ^^ not found in this scope
    |
help: consider importing this tuple variant
    |
  1 + use core::result::Result::Ok;
    |

error[E0531]: cannot find tuple struct or tuple variant `Err` in this scope
   --> C:\Users\b_cer\.cargo\registry\src\index.crates.io-1949cf8c6b5b557f\proc-macro2-1.0.106\src\parse.rs:884:13
    |
884 |             Err(Reject) => Spacing::Alone,
    |             ^^^ not found in this scope
    |
help: consider importing this tuple variant
    |
  1 + use core::result::Result::Err;
    |

error[E0425]: cannot find function, tuple struct or tuple variant `Ok` in this scope
   --> C:\Users\b_cer\.cargo\registry\src\index.crates.io-1949cf8c6b5b557f\proc-macro2-1.0.106\src\parse.rs:886:9
    |
886 |         Ok((rest, Punct::new(ch, kind)))
    |         ^^ not found in this scope
    |
help: consider importing this tuple variant
    |
  1 + use core::result::Result::Ok;
    |

error[E0425]: cannot find function, tuple struct or tuple variant `Err` in this scope
   --> C:\Users\b_cer\.cargo\registry\src\index.crates.io-1949cf8c6b5b557f\proc-macro2-1.0.106\src\parse.rs:893:16
    |
893 |         return Err(Reject);
    |                ^^^ not found in this scope
    |
help: consider importing this tuple variant
    |
  1 + use core::result::Result::Err;
    |

error[E0425]: cannot find function, tuple struct or tuple variant `Err` in this scope
   --> C:\Users\b_cer\.cargo\registry\src\index.crates.io-1949cf8c6b5b557f\proc-macro2-1.0.106\src\parse.rs:898:16
    |
898 |         return Err(Reject);
    |                ^^^ not found in this scope
    |
help: consider importing this tuple variant
    |
  1 + use core::result::Result::Err;
    |

error[E0531]: cannot find tuple struct or tuple variant `Some` in this scope
   --> C:\Users\b_cer\.cargo\registry\src\index.crates.io-1949cf8c6b5b557f\proc-macro2-1.0.106\src\parse.rs:897:9
    |
897 |     let Some(first) = chars.next() else {
    |         ^^^^ not found in this scope
    |
help: consider importing this tuple variant
    |
  1 + use core::option::Option::Some;
    |

error[E0425]: cannot find function, tuple struct or tuple variant `Ok` in this scope
   --> C:\Users\b_cer\.cargo\registry\src\index.crates.io-1949cf8c6b5b557f\proc-macro2-1.0.106\src\parse.rs:902:9
    |
902 |         Ok((input.advance(first.len_utf8()), first))
    |         ^^ not found in this scope
    |
help: consider importing this tuple variant
    |
  1 + use core::result::Result::Ok;
    |

error[E0425]: cannot find function, tuple struct or tuple variant `Err` in this scope
   --> C:\Users\b_cer\.cargo\registry\src\index.crates.io-1949cf8c6b5b557f\proc-macro2-1.0.106\src\parse.rs:904:9
    |
904 |         Err(Reject)
    |         ^^^ not found in this scope
    |
help: consider importing this tuple variant
    |
  1 + use core::result::Result::Err;
    |

error[E0531]: cannot find tuple struct or tuple variant `Some` in this scope
   --> C:\Users\b_cer\.cargo\registry\src\index.crates.io-1949cf8c6b5b557f\proc-macro2-1.0.106\src\parse.rs:921:15
    |
921 |     while let Some(cr) = scan_for_bare_cr.find('\r') {
    |               ^^^^ not found in this scope
    |
help: consider importing this tuple variant
    |
  1 + use core::option::Option::Some;
    |

error[E0425]: cannot find function, tuple struct or tuple variant `Err` in this scope
   --> C:\Users\b_cer\.cargo\registry\src\index.crates.io-1949cf8c6b5b557f\proc-macro2-1.0.106\src\parse.rs:924:20
    |
924 |             return Err(Reject);
    |                    ^^^ not found in this scope
    |
help: consider importing this tuple variant
    |
  1 + use core::result::Result::Err;
    |

error[E0425]: cannot find function, tuple struct or tuple variant `Ok` in this scope
   --> C:\Users\b_cer\.cargo\registry\src\index.crates.io-1949cf8c6b5b557f\proc-macro2-1.0.106\src\parse.rs:953:5
    |
953 |     Ok((rest, ()))
    |     ^^ not found in this scope
    |
help: consider importing this tuple variant
    |
  1 + use core::result::Result::Ok;
    |

error[E0425]: cannot find function, tuple struct or tuple variant `Ok` in this scope
   --> C:\Users\b_cer\.cargo\registry\src\index.crates.io-1949cf8c6b5b557f\proc-macro2-1.0.106\src\parse.rs:960:9
    |
960 |         Ok((input, (s, true)))
    |         ^^ not found in this scope
    |
help: consider importing this tuple variant
    |
  1 + use core::result::Result::Ok;
    |

error[E0425]: cannot find function, tuple struct or tuple variant `Ok` in this scope
   --> C:\Users\b_cer\.cargo\registry\src\index.crates.io-1949cf8c6b5b557f\proc-macro2-1.0.106\src\parse.rs:963:9
    |
963 |         Ok((input, (&s[3..s.len() - 2], true)))
    |         ^^ not found in this scope
    |
help: consider importing this tuple variant
    |
  1 + use core::result::Result::Ok;
    |

error[E0425]: cannot find function, tuple struct or tuple variant `Err` in this scope
   --> C:\Users\b_cer\.cargo\registry\src\index.crates.io-1949cf8c6b5b557f\proc-macro2-1.0.106\src\parse.rs:967:20
    |
967 |             return Err(Reject);
    |                    ^^^ not found in this scope
    |
help: consider importing this tuple variant
    |
  1 + use core::result::Result::Err;
    |

error[E0425]: cannot find function, tuple struct or tuple variant `Ok` in this scope
   --> C:\Users\b_cer\.cargo\registry\src\index.crates.io-1949cf8c6b5b557f\proc-macro2-1.0.106\src\parse.rs:970:9
    |
970 |         Ok((input, (s, false)))
    |         ^^ not found in this scope
    |
help: consider importing this tuple variant
    |
  1 + use core::result::Result::Ok;
    |

error[E0425]: cannot find function, tuple struct or tuple variant `Ok` in this scope
   --> C:\Users\b_cer\.cargo\registry\src\index.crates.io-1949cf8c6b5b557f\proc-macro2-1.0.106\src\parse.rs:973:9
    |
973 |         Ok((input, (&s[3..s.len() - 2], false)))
    |         ^^ not found in this scope
    |
help: consider importing this tuple variant
    |
  1 + use core::result::Result::Ok;
    |

error[E0425]: cannot find function, tuple struct or tuple variant `Err` in this scope
   --> C:\Users\b_cer\.cargo\registry\src\index.crates.io-1949cf8c6b5b557f\proc-macro2-1.0.106\src\parse.rs:975:9
    |
975 |         Err(Reject)
    |         ^^^ not found in this scope
    |
help: consider importing this tuple variant
    |
  1 + use core::result::Result::Err;
    |

error[E0425]: cannot find type `Option` in this scope
  --> C:\Users\b_cer\.cargo\registry\src\index.crates.io-1949cf8c6b5b557f\proc-macro2-1.0.106\src\probe\proc_macro_span_file.rs:17:35
   |
17 | pub fn local_file(this: &Span) -> Option<PathBuf> {
   |                                   ^^^^^^ not found in this scope
   |
help: consider importing this enum
   |
 9 + use core::option::Option;
   |

error[E0405]: cannot find trait `Clone` in this scope
  --> C:\Users\b_cer\.cargo\registry\src\index.crates.io-1949cf8c6b5b557f\proc-macro2-1.0.106\src\rcvec.rs:39:12
   |
39 |         T: Clone,
   |            ^^^^^ not found in this scope
   |
help: consider importing this trait
   |
 1 + use core::clone::Clone;
   |

error[E0425]: cannot find type `Option` in this scope
  --> C:\Users\b_cer\.cargo\registry\src\index.crates.io-1949cf8c6b5b557f\proc-macro2-1.0.106\src\rcvec.rs:46:41
   |
46 |     pub(crate) fn get_mut(&mut self) -> Option<RcVecMut<T>> {
   |                                         ^^^^^^ not found in this scope
   |
help: consider importing this enum
   |
 1 + use core::option::Option;
   |

error[E0425]: cannot find function, tuple struct or tuple variant `Some` in this scope
  --> C:\Users\b_cer\.cargo\registry\src\index.crates.io-1949cf8c6b5b557f\proc-macro2-1.0.106\src\rcvec.rs:48:9
   |
48 |         Some(RcVecMut { inner })
   |         ^^^^ not found in this scope
   |
help: consider importing this tuple variant
   |
 1 + use core::option::Option::Some;
   |

error[E0405]: cannot find trait `Clone` in this scope
  --> C:\Users\b_cer\.cargo\registry\src\index.crates.io-1949cf8c6b5b557f\proc-macro2-1.0.106\src\rcvec.rs:53:12
   |
53 |         T: Clone,
   |            ^^^^^ not found in this scope
   |
help: consider importing this trait
   |
 1 + use core::clone::Clone;
   |

error[E0531]: cannot find tuple struct or tuple variant `Some` in this scope
  --> C:\Users\b_cer\.cargo\registry\src\index.crates.io-1949cf8c6b5b557f\proc-macro2-1.0.106\src\rcvec.rs:55:26
   |
55 |         let vec = if let Some(owned) = Rc::get_mut(&mut self.inner) {
   |                          ^^^^ not found in this scope
   |
help: consider importing this tuple variant
   |
 1 + use core::option::Option::Some;
   |

error[E0405]: cannot find trait `IntoIterator` in this scope
  --> C:\Users\b_cer\.cargo\registry\src\index.crates.io-1949cf8c6b5b557f\proc-macro2-1.0.106\src\rcvec.rs:79:48
   |
79 |     pub(crate) fn extend(&mut self, iter: impl IntoIterator<Item = T>) {
   |                                                ^^^^^^^^^^^^ not found in this scope
   |
help: consider importing this trait
   |
 1 + use core::iter::IntoIterator;
   |

error[E0405]: cannot find trait `IntoIterator` in this scope
   --> C:\Users\b_cer\.cargo\registry\src\index.crates.io-1949cf8c6b5b557f\proc-macro2-1.0.106\src\rcvec.rs:101:48
    |
101 |     pub(crate) fn extend(&mut self, iter: impl IntoIterator<Item = T>) {
    |                                                ^^^^^^^^^^^^ not found in this scope
    |
help: consider importing this trait
    |
  1 + use core::iter::IntoIterator;
    |

error[E0405]: cannot find trait `Clone` in this scope
   --> C:\Users\b_cer\.cargo\registry\src\index.crates.io-1949cf8c6b5b557f\proc-macro2-1.0.106\src\rcvec.rs:115:9
    |
115 | impl<T> Clone for RcVec<T> {
    |         ^^^^^ not found in this scope
    |
help: consider importing this trait
    |
  1 + use core::clone::Clone;
    |

error[E0405]: cannot find trait `IntoIterator` in this scope
   --> C:\Users\b_cer\.cargo\registry\src\index.crates.io-1949cf8c6b5b557f\proc-macro2-1.0.106\src\rcvec.rs:123:9
    |
123 | impl<T> IntoIterator for RcVecBuilder<T> {
    |         ^^^^^^^^^^^^ not found in this scope
    |
help: consider importing this trait
    |
  1 + use core::iter::IntoIterator;
    |

error[E0405]: cannot find trait `Iterator` in this scope
   --> C:\Users\b_cer\.cargo\registry\src\index.crates.io-1949cf8c6b5b557f\proc-macro2-1.0.106\src\rcvec.rs:134:9
    |
134 | impl<T> Iterator for RcVecIntoIter<T> {
    |         ^^^^^^^^ not found in this scope
    |
help: consider importing this trait
    |
  1 + use core::iter::Iterator;
    |

error[E0425]: cannot find type `Option` in this scope
   --> C:\Users\b_cer\.cargo\registry\src\index.crates.io-1949cf8c6b5b557f\proc-macro2-1.0.106\src\rcvec.rs:137:27
    |
137 |     fn next(&mut self) -> Option<Self::Item> {
    |                           ^^^^^^ not found in this scope
    |
help: consider importing this enum
    |
  1 + use core::option::Option;
    |

error[E0425]: cannot find type `Option` in this scope
   --> C:\Users\b_cer\.cargo\registry\src\index.crates.io-1949cf8c6b5b557f\proc-macro2-1.0.106\src\rcvec.rs:141:36
    |
141 |     fn size_hint(&self) -> (usize, Option<usize>) {
    |                                    ^^^^^^ not found in this scope
    |
help: consider importing this enum
    |
  1 + use core::option::Option;
    |

error[E0425]: cannot find type `Result` in this scope
  --> C:\Users\b_cer\.cargo\registry\src\index.crates.io-1949cf8c6b5b557f\proc-macro2-1.0.106\src\fallback.rs:83:50
   |
83 |     pub(crate) fn from_str_checked(src: &str) -> Result<Self, LexError> {
   |                                                  ^^^^^^ not found in this scope
   |
help: consider importing one of these items
   |
 1 + use crate::fmt::Result;
   |
 1 + use core::fmt::Result;
   |
 1 + use core::result::Result;
   |
 1 + use alloc::fmt::Result;
   |

error[E0405]: cannot find trait `Drop` in this scope
   --> C:\Users\b_cer\.cargo\registry\src\index.crates.io-1949cf8c6b5b557f\proc-macro2-1.0.106\src\fallback.rs:137:6
    |
137 | impl Drop for TokenStream {
    |      ^^^^ not found in this scope
    |
help: consider importing this trait
    |
  1 + use core::ops::Drop;
    |

error[E0531]: cannot find tuple struct or tuple variant `Some` in this scope
   --> C:\Users\b_cer\.cargo\registry\src\index.crates.io-1949cf8c6b5b557f\proc-macro2-1.0.106\src\fallback.rs:141:13
    |
141 |             Some(inner) => inner.take().into_iter(),
    |             ^^^^ not found in this scope
    |
help: consider importing this tuple variant
    |
  1 + use core::option::Option::Some;
    |

error[E0531]: cannot find tuple struct or tuple variant `Some` in this scope
   --> C:\Users\b_cer\.cargo\registry\src\index.crates.io-1949cf8c6b5b557f\proc-macro2-1.0.106\src\fallback.rs:145:23
    |
145 |             while let Some(token) = current.next() {
    |                       ^^^^ not found in this scope
    |
help: consider importing this tuple variant
    |
  1 + use core::option::Option::Some;
    |

error[E0531]: cannot find tuple struct or tuple variant `Some` in this scope
   --> C:\Users\b_cer\.cargo\registry\src\index.crates.io-1949cf8c6b5b557f\proc-macro2-1.0.106\src\fallback.rs:156:24
    |
156 |                 if let Some(inner) = group.stream.inner.get_mut() {
    |                        ^^^^ not found in this scope
    |
help: consider importing this tuple variant
    |
  1 + use core::option::Option::Some;
    |

error[E0531]: cannot find tuple struct or tuple variant `Some` in this scope
   --> C:\Users\b_cer\.cargo\registry\src\index.crates.io-1949cf8c6b5b557f\proc-macro2-1.0.106\src\fallback.rs:162:17
    |
162 |                 Some(next) => current = next,
    |                 ^^^^ not found in this scope
    |
help: consider importing this tuple variant
    |
  1 + use core::option::Option::Some;
    |

error[E0425]: cannot find value `SOURCE_MAP` in this scope
   --> C:\Users\b_cer\.cargo\registry\src\index.crates.io-1949cf8c6b5b557f\proc-macro2-1.0.106\src\fallback.rs:204:5
    |
204 |     SOURCE_MAP.with(|sm| {
    |     ^^^^^^^^^^ not found in this scope

error[E0425]: cannot find function, tuple struct or tuple variant `Ok` in this scope
   --> C:\Users\b_cer\.cargo\registry\src\index.crates.io-1949cf8c6b5b557f\proc-macro2-1.0.106\src\fallback.rs:244:9
    |
244 |         Ok(())
    |         ^^ not found in this scope
    |
help: consider importing this tuple variant
    |
  1 + use core::result::Result::Ok;
    |

error[E0405]: cannot find trait `From` in this scope
   --> C:\Users\b_cer\.cargo\registry\src\index.crates.io-1949cf8c6b5b557f\proc-macro2-1.0.106\src\fallback.rs:256:6
    |
256 | impl From<proc_macro::TokenStream> for TokenStream {
    |      ^^^^ not found in this scope
    |
help: consider importing this trait
    |
  1 + use core::convert::From;
    |

error[E0405]: cannot find trait `From` in this scope
   --> C:\Users\b_cer\.cargo\registry\src\index.crates.io-1949cf8c6b5b557f\proc-macro2-1.0.106\src\fallback.rs:263:6
    |
263 | impl From<TokenStream> for proc_macro::TokenStream {
    |      ^^^^ not found in this scope
    |
help: consider importing this trait
    |
  1 + use core::convert::From;
    |

error[E0405]: cannot find trait `From` in this scope
   --> C:\Users\b_cer\.cargo\registry\src\index.crates.io-1949cf8c6b5b557f\proc-macro2-1.0.106\src\fallback.rs:269:6
    |
269 | impl From<TokenTree> for TokenStream {
    |      ^^^^ not found in this scope
    |
help: consider importing this trait
    |
  1 + use core::convert::From;
    |

error[E0405]: cannot find trait `FromIterator` in this scope
   --> C:\Users\b_cer\.cargo\registry\src\index.crates.io-1949cf8c6b5b557f\proc-macro2-1.0.106\src\fallback.rs:279:6
    |
279 | impl FromIterator<TokenTree> for TokenStream {
    |      ^^^^^^^^^^^^ not found in this scope
    |
    = note: 'core::iter::FromIterator' is included in the prelude starting in Edition 2021
help: consider importing this trait
    |
  1 + use core::iter::FromIterator;
    |

error[E0405]: cannot find trait `IntoIterator` in this scope
   --> C:\Users\b_cer\.cargo\registry\src\index.crates.io-1949cf8c6b5b557f\proc-macro2-1.0.106\src\fallback.rs:280:21
    |
280 |     fn from_iter<I: IntoIterator<Item = TokenTree>>(tokens: I) -> Self {
    |                     ^^^^^^^^^^^^ not found in this scope
    |
help: consider importing this trait
    |
  1 + use core::iter::IntoIterator;
    |

error[E0405]: cannot find trait `FromIterator` in this scope
   --> C:\Users\b_cer\.cargo\registry\src\index.crates.io-1949cf8c6b5b557f\proc-macro2-1.0.106\src\fallback.rs:287:6
    |
287 | impl FromIterator<TokenStream> for TokenStream {
    |      ^^^^^^^^^^^^ not found in this scope
    |
    = note: 'core::iter::FromIterator' is included in the prelude starting in Edition 2021
help: consider importing this trait
    |
  1 + use core::iter::FromIterator;
    |

error[E0405]: cannot find trait `IntoIterator` in this scope
   --> C:\Users\b_cer\.cargo\registry\src\index.crates.io-1949cf8c6b5b557f\proc-macro2-1.0.106\src\fallback.rs:288:21
    |
288 |     fn from_iter<I: IntoIterator<Item = TokenStream>>(streams: I) -> Self {
    |                     ^^^^^^^^^^^^ not found in this scope
    |
help: consider importing this trait
    |
  1 + use core::iter::IntoIterator;
    |

error[E0405]: cannot find trait `Extend` in this scope
   --> C:\Users\b_cer\.cargo\registry\src\index.crates.io-1949cf8c6b5b557f\proc-macro2-1.0.106\src\fallback.rs:299:6
    |
299 | impl Extend<TokenTree> for TokenStream {
    |      ^^^^^^ not found in this scope
    |
help: consider importing this trait
    |
  1 + use core::iter::Extend;
    |

error[E0405]: cannot find trait `IntoIterator` in this scope
   --> C:\Users\b_cer\.cargo\registry\src\index.crates.io-1949cf8c6b5b557f\proc-macro2-1.0.106\src\fallback.rs:300:18
    |
300 |     fn extend<I: IntoIterator<Item = TokenTree>>(&mut self, tokens: I) {
    |                  ^^^^^^^^^^^^ not found in this scope
    |
help: consider importing this trait
    |
  1 + use core::iter::IntoIterator;
    |

error[E0405]: cannot find trait `Extend` in this scope
   --> C:\Users\b_cer\.cargo\registry\src\index.crates.io-1949cf8c6b5b557f\proc-macro2-1.0.106\src\fallback.rs:308:6
    |
308 | impl Extend<TokenStream> for TokenStream {
    |      ^^^^^^ not found in this scope
    |
help: consider importing this trait
    |
  1 + use core::iter::Extend;
    |

error[E0405]: cannot find trait `IntoIterator` in this scope
   --> C:\Users\b_cer\.cargo\registry\src\index.crates.io-1949cf8c6b5b557f\proc-macro2-1.0.106\src\fallback.rs:309:18
    |
309 |     fn extend<I: IntoIterator<Item = TokenStream>>(&mut self, streams: I) {
    |                  ^^^^^^^^^^^^ not found in this scope
    |
help: consider importing this trait
    |
  1 + use core::iter::IntoIterator;
    |

error[E0405]: cannot find trait `IntoIterator` in this scope
   --> C:\Users\b_cer\.cargo\registry\src\index.crates.io-1949cf8c6b5b557f\proc-macro2-1.0.106\src\fallback.rs:316:6
    |
316 | impl IntoIterator for TokenStream {
    |      ^^^^^^^^^^^^ not found in this scope
    |
help: consider importing this trait
    |
  1 + use core::iter::IntoIterator;
    |

error[E0425]: cannot find value `SOURCE_MAP` in this scope
   --> C:\Users\b_cer\.cargo\registry\src\index.crates.io-1949cf8c6b5b557f\proc-macro2-1.0.106\src\fallback.rs:342:5
    |
342 |     SOURCE_MAP.with(|sm| sm.borrow_mut().files.truncate(1));
    |     ^^^^^^^^^^ not found in this scope

error[E0531]: cannot find tuple struct or tuple variant `Ok` in this scope
   --> C:\Users\b_cer\.cargo\registry\src\index.crates.io-1949cf8c6b5b557f\proc-macro2-1.0.106\src\fallback.rs:362:13
    |
362 |             Ok(found) => LineColumn {
    |             ^^ not found in this scope
    |
help: consider importing this tuple variant
    |
  1 + use core::result::Result::Ok;
    |

error[E0531]: cannot find tuple struct or tuple variant `Err` in this scope
   --> C:\Users\b_cer\.cargo\registry\src\index.crates.io-1949cf8c6b5b557f\proc-macro2-1.0.106\src\fallback.rs:366:13
    |
366 |             Err(idx) => LineColumn {
    |             ^^^ not found in this scope
    |
help: consider importing this tuple variant
    |
  1 + use core::result::Result::Err;
    |

error[E0531]: cannot find tuple struct or tuple variant `Some` in this scope
   --> C:\Users\b_cer\.cargo\registry\src\index.crates.io-1949cf8c6b5b557f\proc-macro2-1.0.106\src\fallback.rs:399:13
    |
399 |             Some((&next_char_index, &next_byte_offset))
    |             ^^^^ not found in this scope
    |
help: consider importing this tuple variant
    |
  1 + use core::option::Option::Some;
    |

error[E0531]: cannot find tuple struct or tuple variant `Some` in this scope
   --> C:\Users\b_cer\.cargo\registry\src\index.crates.io-1949cf8c6b5b557f\proc-macro2-1.0.106\src\fallback.rs:413:21
    |
413 |                     Some((byte_offset_from_previous, _ch)) => {
    |                     ^^^^ not found in this scope
    |
help: consider importing this tuple variant
    |
  1 + use core::option::Option::Some;
    |

error[E0531]: cannot find tuple struct or tuple variant `Ok` in this scope
   --> C:\Users\b_cer\.cargo\registry\src\index.crates.io-1949cf8c6b5b557f\proc-macro2-1.0.106\src\fallback.rs:494:13
    |
494 |             Ok(i) => i,
    |             ^^ not found in this scope
    |
help: consider importing this tuple variant
    |
  1 + use core::result::Result::Ok;
    |

error[E0531]: cannot find tuple struct or tuple variant `Err` in this scope
   --> C:\Users\b_cer\.cargo\registry\src\index.crates.io-1949cf8c6b5b557f\proc-macro2-1.0.106\src\fallback.rs:495:13
    |
495 |             Err(_) => unreachable!("Invalid span with no related FileInfo!"),
    |             ^^^ not found in this scope
    |
help: consider importing this tuple variant
    |
  1 + use core::result::Result::Err;
    |

error[E0425]: cannot find value `SOURCE_MAP` in this scope
   --> C:\Users\b_cer\.cargo\registry\src\index.crates.io-1949cf8c6b5b557f\proc-macro2-1.0.106\src\fallback.rs:568:17
    |
568 |                 SOURCE_MAP.with(|sm| sm.borrow_mut().fileinfo_mut(*self).byte_range(*self))
    |                 ^^^^^^^^^^ not found in this scope

error[E0425]: cannot find value `SOURCE_MAP` in this scope
   --> C:\Users\b_cer\.cargo\registry\src\index.crates.io-1949cf8c6b5b557f\proc-macro2-1.0.106\src\fallback.rs:579:9
    |
579 |         SOURCE_MAP.with(|sm| {
    |         ^^^^^^^^^^ not found in this scope

error[E0425]: cannot find value `SOURCE_MAP` in this scope
   --> C:\Users\b_cer\.cargo\registry\src\index.crates.io-1949cf8c6b5b557f\proc-macro2-1.0.106\src\fallback.rs:592:9
    |
592 |         SOURCE_MAP.with(|sm| {
    |         ^^^^^^^^^^ not found in this scope

error[E0425]: cannot find value `SOURCE_MAP` in this scope
   --> C:\Users\b_cer\.cargo\registry\src\index.crates.io-1949cf8c6b5b557f\proc-macro2-1.0.106\src\fallback.rs:605:9
    |
605 |         SOURCE_MAP.with(|sm| {
    |         ^^^^^^^^^^ not found in this scope

error[E0425]: cannot find type `Option` in this scope
   --> C:\Users\b_cer\.cargo\registry\src\index.crates.io-1949cf8c6b5b557f\proc-macro2-1.0.106\src\fallback.rs:612:40
    |
612 |     pub(crate) fn local_file(&self) -> Option<PathBuf> {
    |                                        ^^^^^^ not found in this scope
    |
help: consider importing this enum
    |
  1 + use core::option::Option;
    |

error[E0425]: cannot find value `None` in this scope
   --> C:\Users\b_cer\.cargo\registry\src\index.crates.io-1949cf8c6b5b557f\proc-macro2-1.0.106\src\fallback.rs:613:9
    |
613 |         None
    |         ^^^^ not found in this scope
    |
help: consider importing one of these unit variants
    |
  1 + use crate::Delimiter::None;
    |
  1 + use core::option::Option::None;
    |

error[E0425]: cannot find type `Option` in this scope
   --> C:\Users\b_cer\.cargo\registry\src\index.crates.io-1949cf8c6b5b557f\proc-macro2-1.0.106\src\fallback.rs:622:47
    |
622 |     pub(crate) fn join(&self, other: Span) -> Option<Span> {
    |                                               ^^^^^^ not found in this scope
    |
help: consider importing this enum
    |
  1 + use core::option::Option;
    |

error[E0425]: cannot find value `SOURCE_MAP` in this scope
   --> C:\Users\b_cer\.cargo\registry\src\index.crates.io-1949cf8c6b5b557f\proc-macro2-1.0.106\src\fallback.rs:630:9
    |
630 |         SOURCE_MAP.with(|sm| {
    |         ^^^^^^^^^^ not found in this scope

error[E0425]: cannot find value `None` in this scope
   --> C:\Users\b_cer\.cargo\registry\src\index.crates.io-1949cf8c6b5b557f\proc-macro2-1.0.106\src\fallback.rs:634:24
    |
634 |                 return None;
    |                        ^^^^ not found in this scope
    |
help: consider importing one of these unit variants
    |
  1 + use crate::Delimiter::None;
    |
  1 + use core::option::Option::None;
    |

error[E0425]: cannot find function, tuple struct or tuple variant `Some` in this scope
   --> C:\Users\b_cer\.cargo\registry\src\index.crates.io-1949cf8c6b5b557f\proc-macro2-1.0.106\src\fallback.rs:636:13
    |
636 |             Some(Span {
    |             ^^^^ not found in this scope
    |
help: consider importing this tuple variant
    |
  1 + use core::option::Option::Some;
    |

error[E0425]: cannot find type `Option` in this scope
   --> C:\Users\b_cer\.cargo\registry\src\index.crates.io-1949cf8c6b5b557f\proc-macro2-1.0.106\src\fallback.rs:649:41
    |
649 |     pub(crate) fn source_text(&self) -> Option<String> {
    |                                         ^^^^^^ not found in this scope
    |
help: consider importing this enum
    |
  1 + use core::option::Option;
    |

error[E0425]: cannot find value `None` in this scope
   --> C:\Users\b_cer\.cargo\registry\src\index.crates.io-1949cf8c6b5b557f\proc-macro2-1.0.106\src\fallback.rs:656:17
    |
656 |                 None
    |                 ^^^^ not found in this scope
    |
help: consider importing one of these unit variants
    |
  1 + use crate::Delimiter::None;
    |
  1 + use core::option::Option::None;
    |

error[E0425]: cannot find function, tuple struct or tuple variant `Some` in this scope
   --> C:\Users\b_cer\.cargo\registry\src\index.crates.io-1949cf8c6b5b557f\proc-macro2-1.0.106\src\fallback.rs:658:17
    |
658 |                 Some(SOURCE_MAP.with(|sm| sm.borrow_mut().fileinfo_mut(*self).source_text(*self)))
    |                 ^^^^ not found in this scope
    |
help: consider importing this tuple variant
    |
  1 + use core::option::Option::Some;
    |

error[E0425]: cannot find value `SOURCE_MAP` in this scope
   --> C:\Users\b_cer\.cargo\registry\src\index.crates.io-1949cf8c6b5b557f\proc-macro2-1.0.106\src\fallback.rs:658:22
    |
658 |                 Some(SOURCE_MAP.with(|sm| sm.borrow_mut().fileinfo_mut(*self).source_text(*self)))
    |                      ^^^^^^^^^^ not found in this scope

error[E0425]: cannot find function, tuple struct or tuple variant `Ok` in this scope
   --> C:\Users\b_cer\.cargo\registry\src\index.crates.io-1949cf8c6b5b557f\proc-macro2-1.0.106\src\fallback.rs:782:9
    |
782 |         Ok(())
    |         ^^ not found in this scope
    |
help: consider importing this tuple variant
    |
  1 + use core::result::Result::Ok;
    |

error[E0405]: cannot find trait `PartialEq` in this scope
   --> C:\Users\b_cer\.cargo\registry\src\index.crates.io-1949cf8c6b5b557f\proc-macro2-1.0.106\src\fallback.rs:890:6
    |
890 | impl PartialEq for Ident {
    |      ^^^^^^^^^ not found in this scope
    |
help: consider importing one of these traits
    |
  1 + use crate::fallback::cmp::PartialEq;
    |
  1 + use core::cmp::PartialEq;
    |

error[E0405]: cannot find trait `PartialEq` in this scope
   --> C:\Users\b_cer\.cargo\registry\src\index.crates.io-1949cf8c6b5b557f\proc-macro2-1.0.106\src\fallback.rs:896:9
    |
896 | impl<T> PartialEq<T> for Ident
    |         ^^^^^^^^^ not found in this scope
    |
help: consider importing one of these traits
    |
  1 + use crate::fallback::cmp::PartialEq;
    |
  1 + use core::cmp::PartialEq;
    |

error[E0405]: cannot find trait `Sized` in this scope
   --> C:\Users\b_cer\.cargo\registry\src\index.crates.io-1949cf8c6b5b557f\proc-macro2-1.0.106\src\fallback.rs:898:9
    |
898 |     T: ?Sized + AsRef<str>,
    |         ^^^^^ not found in this scope
    |
help: consider importing this trait
    |
  1 + use core::marker::Sized;
    |

error[E0405]: cannot find trait `AsRef` in this scope
   --> C:\Users\b_cer\.cargo\registry\src\index.crates.io-1949cf8c6b5b557f\proc-macro2-1.0.106\src\fallback.rs:898:17
    |
898 |     T: ?Sized + AsRef<str>,
    |                 ^^^^^ not found in this scope
    |
help: consider importing this trait
    |
  1 + use core::convert::AsRef;
    |

error[E0425]: cannot find type `Result` in this scope
   --> C:\Users\b_cer\.cargo\registry\src\index.crates.io-1949cf8c6b5b557f\proc-macro2-1.0.106\src\fallback.rs:972:51
    |
972 |     pub(crate) fn from_str_checked(repr: &str) -> Result<Self, LexError> {
    |                                                   ^^^^^^ not found in this scope
    |
help: consider importing one of these items
    |
  1 + use crate::fmt::Result;
    |
  1 + use core::fmt::Result;
    |
  1 + use core::result::Result;
    |
  1 + use alloc::fmt::Result;
    |

error[E0425]: cannot find function, tuple struct or tuple variant `Err` in this scope
   --> C:\Users\b_cer\.cargo\registry\src\index.crates.io-1949cf8c6b5b557f\proc-macro2-1.0.106\src\fallback.rs:981:24
    |
981 |                 return Err(LexError::call_site());
    |                        ^^^ not found in this scope
    |
help: consider importing this tuple variant
    |
  1 + use core::result::Result::Err;
    |

error[E0531]: cannot find tuple struct or tuple variant `Ok` in this scope
   --> C:\Users\b_cer\.cargo\registry\src\index.crates.io-1949cf8c6b5b557f\proc-macro2-1.0.106\src\fallback.rs:985:16
    |
985 |         if let Ok((rest, mut literal)) = parse::literal(cursor) {
    |                ^^ not found in this scope
    |
help: consider importing this tuple variant
    |
  1 + use core::result::Result::Ok;
    |

error[E0425]: cannot find function, tuple struct or tuple variant `Ok` in this scope
   --> C:\Users\b_cer\.cargo\registry\src\index.crates.io-1949cf8c6b5b557f\proc-macro2-1.0.106\src\fallback.rs:996:24
    |
996 |                 return Ok(literal);
    |                        ^^ not found in this scope
    |
help: consider importing this tuple variant
    |
  1 + use core::result::Result::Ok;
    |

error[E0425]: cannot find function, tuple struct or tuple variant `Err` in this scope
   --> C:\Users\b_cer\.cargo\registry\src\index.crates.io-1949cf8c6b5b557f\proc-macro2-1.0.106\src\fallback.rs:999:9
    |
999 |         Err(LexError::call_site())
    |         ^^^ not found in this scope
    |
help: consider importing this tuple variant
    |
  1 + use core::result::Result::Err;
    |

error[E0531]: cannot find tuple struct or tuple variant `Some` in this scope
    --> C:\Users\b_cer\.cargo\registry\src\index.crates.io-1949cf8c6b5b557f\proc-macro2-1.0.106\src\fallback.rs:1098:19
     |
1098 |         while let Some(&b) = bytes.next() {
     |                   ^^^^ not found in this scope
     |
help: consider importing this tuple variant
     |
   1 + use core::option::Option::Some;
     |

error[E0531]: cannot find tuple struct or tuple variant `Some` in this scope
    --> C:\Users\b_cer\.cargo\registry\src\index.crates.io-1949cf8c6b5b557f\proc-macro2-1.0.106\src\fallback.rs:1103:21
     |
1103 |                     Some(b'0'..=b'7') => r"\x00",
     |                     ^^^^ not found in this scope
     |
help: consider importing this tuple variant
     |
   1 + use core::option::Option::Some;
     |

error[E0531]: cannot find tuple struct or tuple variant `Ok` in this scope
    --> C:\Users\b_cer\.cargo\registry\src\index.crates.io-1949cf8c6b5b557f\proc-macro2-1.0.106\src\fallback.rs:1126:17
     |
1126 |                 Ok(all_valid) => {
     |                 ^^ not found in this scope
     |
help: consider importing this tuple variant
     |
   1 + use core::result::Result::Ok;
     |

error[E0531]: cannot find tuple struct or tuple variant `Err` in this scope
    --> C:\Users\b_cer\.cargo\registry\src\index.crates.io-1949cf8c6b5b557f\proc-macro2-1.0.106\src\fallback.rs:1130:17
     |
1130 |                 Err(utf8_error) => {
     |                 ^^^ not found in this scope
     |
help: consider importing this tuple variant
     |
   1 + use core::result::Result::Err;
     |

error[E0425]: cannot find type `Option` in this scope
    --> C:\Users\b_cer\.cargo\registry\src\index.crates.io-1949cf8c6b5b557f\proc-macro2-1.0.106\src\fallback.rs:1157:70
     |
1157 |     pub(crate) fn subspan<R: RangeBounds<usize>>(&self, range: R) -> Option<Span> {
     |                                                                      ^^^^^^ not found in this scope
     |
help: consider importing this enum
     |
   1 + use core::option::Option;
     |

error[E0425]: cannot find function, tuple struct or tuple variant `Some` in this scope
    --> C:\Users\b_cer\.cargo\registry\src\index.crates.io-1949cf8c6b5b557f\proc-macro2-1.0.106\src\fallback.rs:1191:17
     |
1191 |                 Some(Span { lo, hi })
     |                 ^^^^ not found in this scope
     |
help: consider importing this tuple variant
     |
   1 + use core::option::Option::Some;
     |

error[E0425]: cannot find value `None` in this scope
    --> C:\Users\b_cer\.cargo\registry\src\index.crates.io-1949cf8c6b5b557f\proc-macro2-1.0.106\src\fallback.rs:1193:17
     |
1193 |                 None
     |                 ^^^^ not found in this scope
     |
help: consider importing one of these unit variants
     |
   1 + use crate::Delimiter::None;
     |
   1 + use core::option::Option::None;
     |

error[E0531]: cannot find tuple struct or tuple variant `Some` in this scope
    --> C:\Users\b_cer\.cargo\registry\src\index.crates.io-1949cf8c6b5b557f\proc-macro2-1.0.106\src\fallback.rs:1216:15
     |
1216 |     while let Some(ch) = chars.next() {
     |               ^^^^ not found in this scope
     |
help: consider importing this tuple variant
     |
   1 + use core::option::Option::Some;
     |

error[E0425]: cannot find type `Result` in this scope
    --> C:\Users\b_cer\.cargo\registry\src\index.crates.io-1949cf8c6b5b557f\proc-macro2-1.0.106\src\fallback.rs:1244:39
     |
1244 |     fn from_str_checked(src: &str) -> Result<Self, imp::LexError> {
     |                                       ^^^^^^ not found in this scope
     |
help: consider importing one of these items
     |
   1 + use crate::fmt::Result;
     |
   1 + use core::fmt::Result;
     |
   1 + use core::result::Result;
     |
   1 + use alloc::fmt::Result;
     |

error[E0425]: cannot find function, tuple struct or tuple variant `Err` in this scope
    --> C:\Users\b_cer\.cargo\registry\src\index.crates.io-1949cf8c6b5b557f\proc-macro2-1.0.106\src\fallback.rs:1249:20
     |
1249 |             return Err(imp::LexError::CompilerPanic);
     |                    ^^^ not found in this scope
     |
help: consider importing this tuple variant
     |
   1 + use core::result::Result::Err;
     |

error[E0531]: cannot find tuple struct or tuple variant `Ok` in this scope
    --> C:\Users\b_cer\.cargo\registry\src\index.crates.io-1949cf8c6b5b557f\proc-macro2-1.0.106\src\fallback.rs:1254:13
     |
1254 |             Ok(Ok(ok)) => Ok(ok),
     |             ^^ not found in this scope
     |
help: consider importing this tuple variant
     |
   1 + use core::result::Result::Ok;
     |

error[E0531]: cannot find tuple struct or tuple variant `Ok` in this scope
    --> C:\Users\b_cer\.cargo\registry\src\index.crates.io-1949cf8c6b5b557f\proc-macro2-1.0.106\src\fallback.rs:1254:16
     |
1254 |             Ok(Ok(ok)) => Ok(ok),
     |                ^^ not found in this scope
     |
help: consider importing this tuple variant
     |
   1 + use core::result::Result::Ok;
     |

error[E0425]: cannot find function, tuple struct or tuple variant `Ok` in this scope
    --> C:\Users\b_cer\.cargo\registry\src\index.crates.io-1949cf8c6b5b557f\proc-macro2-1.0.106\src\fallback.rs:1254:27
     |
1254 |             Ok(Ok(ok)) => Ok(ok),
     |                           ^^
     |
help: a local variable with a similar name exists (notice the capitalization)
     |
1254 -             Ok(Ok(ok)) => Ok(ok),
1254 +             Ok(Ok(ok)) => ok(ok),
     |
help: consider importing this tuple variant
     |
   1 + use core::result::Result::Ok;
     |

error[E0531]: cannot find tuple struct or tuple variant `Ok` in this scope
    --> C:\Users\b_cer\.cargo\registry\src\index.crates.io-1949cf8c6b5b557f\proc-macro2-1.0.106\src\fallback.rs:1255:13
     |
1255 |             Ok(Err(lex)) => Err(imp::LexError::Compiler(lex)),
     |             ^^ not found in this scope
     |
help: consider importing this tuple variant
     |
   1 + use core::result::Result::Ok;
     |

error[E0531]: cannot find tuple struct or tuple variant `Err` in this scope
    --> C:\Users\b_cer\.cargo\registry\src\index.crates.io-1949cf8c6b5b557f\proc-macro2-1.0.106\src\fallback.rs:1255:16
     |
1255 |             Ok(Err(lex)) => Err(imp::LexError::Compiler(lex)),
     |                ^^^ not found in this scope
     |
help: consider importing this tuple variant
     |
   1 + use core::result::Result::Err;
     |

error[E0425]: cannot find function, tuple struct or tuple variant `Err` in this scope
    --> C:\Users\b_cer\.cargo\registry\src\index.crates.io-1949cf8c6b5b557f\proc-macro2-1.0.106\src\fallback.rs:1255:29
     |
1255 |             Ok(Err(lex)) => Err(imp::LexError::Compiler(lex)),
     |                             ^^^ not found in this scope
     |
help: consider importing this tuple variant
     |
   1 + use core::result::Result::Err;
     |

error[E0531]: cannot find tuple struct or tuple variant `Err` in this scope
    --> C:\Users\b_cer\.cargo\registry\src\index.crates.io-1949cf8c6b5b557f\proc-macro2-1.0.106\src\fallback.rs:1256:13
     |
1256 |             Err(_panic) => Err(imp::LexError::CompilerPanic),
     |             ^^^ not found in this scope
     |
help: consider importing this tuple variant
     |
   1 + use core::result::Result::Err;
     |

error[E0425]: cannot find function, tuple struct or tuple variant `Err` in this scope
    --> C:\Users\b_cer\.cargo\registry\src\index.crates.io-1949cf8c6b5b557f\proc-macro2-1.0.106\src\fallback.rs:1256:28
     |
1256 |             Err(_panic) => Err(imp::LexError::CompilerPanic),
     |                            ^^^ not found in this scope
     |
help: consider importing this tuple variant
     |
   1 + use core::result::Result::Err;
     |

error[E0425]: cannot find type `Result` in this scope
  --> C:\Users\b_cer\.cargo\registry\src\index.crates.io-1949cf8c6b5b557f\proc-macro2-1.0.106\src\wrapper.rs:98:50
   |
98 |     pub(crate) fn from_str_checked(src: &str) -> Result<Self, LexError> {
   |                                                  ^^^^^^ not found in this scope
   |
help: consider importing one of these items
   |
 1 + use crate::fmt::Result;
   |
 1 + use core::fmt::Result;
   |
 1 + use core::result::Result;
   |
 1 + use alloc::fmt::Result;
   |

error[E0425]: cannot find function, tuple struct or tuple variant `Ok` in this scope
   --> C:\Users\b_cer\.cargo\registry\src\index.crates.io-1949cf8c6b5b557f\proc-macro2-1.0.106\src\wrapper.rs:100:13
    |
100 |             Ok(TokenStream::Compiler(DeferredTokenStream::new(
    |             ^^ not found in this scope
    |
help: consider importing this tuple variant
    |
  1 + use core::result::Result::Ok;
    |

error[E0425]: cannot find function, tuple struct or tuple variant `Ok` in this scope
   --> C:\Users\b_cer\.cargo\registry\src\index.crates.io-1949cf8c6b5b557f\proc-macro2-1.0.106\src\wrapper.rs:104:13
    |
104 |             Ok(TokenStream::Fallback(
    |             ^^ not found in this scope
    |
help: consider importing this tuple variant
    |
  1 + use core::result::Result::Ok;
    |

error[E0405]: cannot find trait `From` in this scope
   --> C:\Users\b_cer\.cargo\registry\src\index.crates.io-1949cf8c6b5b557f\proc-macro2-1.0.106\src\wrapper.rs:141:6
    |
141 | impl From<proc_macro::TokenStream> for TokenStream {
    |      ^^^^ not found in this scope
    |
help: consider importing this trait
    |
  1 + use core::convert::From;
    |

error[E0405]: cannot find trait `From` in this scope
   --> C:\Users\b_cer\.cargo\registry\src\index.crates.io-1949cf8c6b5b557f\proc-macro2-1.0.106\src\wrapper.rs:147:6
    |
147 | impl From<TokenStream> for proc_macro::TokenStream {
    |      ^^^^ not found in this scope
    |
help: consider importing this trait
    |
  1 + use core::convert::From;
    |

error[E0405]: cannot find trait `From` in this scope
   --> C:\Users\b_cer\.cargo\registry\src\index.crates.io-1949cf8c6b5b557f\proc-macro2-1.0.106\src\wrapper.rs:158:6
    |
158 | impl From<fallback::TokenStream> for TokenStream {
    |      ^^^^ not found in this scope
    |
help: consider importing this trait
    |
  1 + use core::convert::From;
    |

error[E0405]: cannot find trait `From` in this scope
   --> C:\Users\b_cer\.cargo\registry\src\index.crates.io-1949cf8c6b5b557f\proc-macro2-1.0.106\src\wrapper.rs:182:6
    |
182 | impl From<TokenTree> for TokenStream {
    |      ^^^^ not found in this scope
    |
help: consider importing this trait
    |
  1 + use core::convert::From;
    |

error[E0405]: cannot find trait `FromIterator` in this scope
   --> C:\Users\b_cer\.cargo\registry\src\index.crates.io-1949cf8c6b5b557f\proc-macro2-1.0.106\src\wrapper.rs:194:6
    |
194 | impl FromIterator<TokenTree> for TokenStream {
    |      ^^^^^^^^^^^^ not found in this scope
    |
    = note: 'core::iter::FromIterator' is included in the prelude starting in Edition 2021
help: consider importing this trait
    |
  1 + use core::iter::FromIterator;
    |

error[E0405]: cannot find trait `IntoIterator` in this scope
   --> C:\Users\b_cer\.cargo\registry\src\index.crates.io-1949cf8c6b5b557f\proc-macro2-1.0.106\src\wrapper.rs:195:21
    |
195 |     fn from_iter<I: IntoIterator<Item = TokenTree>>(tokens: I) -> Self {
    |                     ^^^^^^^^^^^^ not found in this scope
    |
help: consider importing this trait
    |
  1 + use core::iter::IntoIterator;
    |

error[E0405]: cannot find trait `FromIterator` in this scope
   --> C:\Users\b_cer\.cargo\registry\src\index.crates.io-1949cf8c6b5b557f\proc-macro2-1.0.106\src\wrapper.rs:206:6
    |
206 | impl FromIterator<TokenStream> for TokenStream {
    |      ^^^^^^^^^^^^ not found in this scope
    |
    = note: 'core::iter::FromIterator' is included in the prelude starting in Edition 2021
help: consider importing this trait
    |
  1 + use core::iter::FromIterator;
    |

error[E0405]: cannot find trait `IntoIterator` in this scope
   --> C:\Users\b_cer\.cargo\registry\src\index.crates.io-1949cf8c6b5b557f\proc-macro2-1.0.106\src\wrapper.rs:207:21
    |
207 |     fn from_iter<I: IntoIterator<Item = TokenStream>>(streams: I) -> Self {
    |                     ^^^^^^^^^^^^ not found in this scope
    |
help: consider importing this trait
    |
  1 + use core::iter::IntoIterator;
    |

error[E0531]: cannot find tuple struct or tuple variant `Some` in this scope
   --> C:\Users\b_cer\.cargo\registry\src\index.crates.io-1949cf8c6b5b557f\proc-macro2-1.0.106\src\wrapper.rs:210:13
    |
210 |             Some(TokenStream::Compiler(mut first)) => {
    |             ^^^^ not found in this scope
    |
help: consider importing this tuple variant
    |
  1 + use core::option::Option::Some;
    |

error[E0531]: cannot find tuple struct or tuple variant `Some` in this scope
   --> C:\Users\b_cer\.cargo\registry\src\index.crates.io-1949cf8c6b5b557f\proc-macro2-1.0.106\src\wrapper.rs:218:13
    |
218 |             Some(TokenStream::Fallback(mut first)) => {
    |             ^^^^ not found in this scope
    |
help: consider importing this tuple variant
    |
  1 + use core::option::Option::Some;
    |

error[E0405]: cannot find trait `Extend` in this scope
   --> C:\Users\b_cer\.cargo\registry\src\index.crates.io-1949cf8c6b5b557f\proc-macro2-1.0.106\src\wrapper.rs:230:6
    |
230 | impl Extend<TokenTree> for TokenStream {
    |      ^^^^^^ not found in this scope
    |
help: consider importing this trait
    |
  1 + use core::iter::Extend;
    |

error[E0405]: cannot find trait `IntoIterator` in this scope
   --> C:\Users\b_cer\.cargo\registry\src\index.crates.io-1949cf8c6b5b557f\proc-macro2-1.0.106\src\wrapper.rs:231:18
    |
231 |     fn extend<I: IntoIterator<Item = TokenTree>>(&mut self, tokens: I) {
    |                  ^^^^^^^^^^^^ not found in this scope
    |
help: consider importing this trait
    |
  1 + use core::iter::IntoIterator;
    |

error[E0405]: cannot find trait `Extend` in this scope
   --> C:\Users\b_cer\.cargo\registry\src\index.crates.io-1949cf8c6b5b557f\proc-macro2-1.0.106\src\wrapper.rs:244:6
    |
244 | impl Extend<TokenStream> for TokenStream {
    |      ^^^^^^ not found in this scope
    |
help: consider importing this trait
    |
  1 + use core::iter::Extend;
    |

error[E0405]: cannot find trait `IntoIterator` in this scope
   --> C:\Users\b_cer\.cargo\registry\src\index.crates.io-1949cf8c6b5b557f\proc-macro2-1.0.106\src\wrapper.rs:245:18
    |
245 |     fn extend<I: IntoIterator<Item = TokenStream>>(&mut self, streams: I) {
    |                  ^^^^^^^^^^^^ not found in this scope
    |
help: consider importing this trait
    |
  1 + use core::iter::IntoIterator;
    |

error[E0405]: cannot find trait `From` in this scope
   --> C:\Users\b_cer\.cargo\registry\src\index.crates.io-1949cf8c6b5b557f\proc-macro2-1.0.106\src\wrapper.rs:277:6
    |
277 | impl From<proc_macro::LexError> for LexError {
    |      ^^^^ not found in this scope
    |
help: consider importing this trait
    |
  1 + use core::convert::From;
    |

error[E0405]: cannot find trait `From` in this scope
   --> C:\Users\b_cer\.cargo\registry\src\index.crates.io-1949cf8c6b5b557f\proc-macro2-1.0.106\src\wrapper.rs:283:6
    |
283 | impl From<fallback::LexError> for LexError {
    |      ^^^^ not found in this scope
    |
help: consider importing this trait
    |
  1 + use core::convert::From;
    |

error[E0405]: cannot find trait `IntoIterator` in this scope
   --> C:\Users\b_cer\.cargo\registry\src\index.crates.io-1949cf8c6b5b557f\proc-macro2-1.0.106\src\wrapper.rs:321:6
    |
321 | impl IntoIterator for TokenStream {
    |      ^^^^^^^^^^^^ not found in this scope
    |
help: consider importing this trait
    |
  1 + use core::iter::IntoIterator;
    |

error[E0405]: cannot find trait `Iterator` in this scope
   --> C:\Users\b_cer\.cargo\registry\src\index.crates.io-1949cf8c6b5b557f\proc-macro2-1.0.106\src\wrapper.rs:335:6
    |
335 | impl Iterator for TokenTreeIter {
    |      ^^^^^^^^ not found in this scope
    |
help: consider importing this trait
    |
  1 + use core::iter::Iterator;
    |

error[E0425]: cannot find type `Option` in this scope
   --> C:\Users\b_cer\.cargo\registry\src\index.crates.io-1949cf8c6b5b557f\proc-macro2-1.0.106\src\wrapper.rs:338:27
    |
338 |     fn next(&mut self) -> Option<TokenTree> {
    |                           ^^^^^^ not found in this scope
    |
help: consider importing this enum
    |
  1 + use core::option::Option;
    |

error[E0425]: cannot find function, tuple struct or tuple variant `Some` in this scope
   --> C:\Users\b_cer\.cargo\registry\src\index.crates.io-1949cf8c6b5b557f\proc-macro2-1.0.106\src\wrapper.rs:343:9
    |
343 |         Some(match token {
    |         ^^^^ not found in this scope
    |
help: consider importing this tuple variant
    |
  1 + use core::option::Option::Some;
    |

error[E0425]: cannot find type `Option` in this scope
   --> C:\Users\b_cer\.cargo\registry\src\index.crates.io-1949cf8c6b5b557f\proc-macro2-1.0.106\src\wrapper.rs:365:36
    |
365 |     fn size_hint(&self) -> (usize, Option<usize>) {
    |                                    ^^^^^^ not found in this scope
    |
help: consider importing this enum
    |
  1 + use core::option::Option;
    |

error[E0425]: cannot find type `Option` in this scope
   --> C:\Users\b_cer\.cargo\registry\src\index.crates.io-1949cf8c6b5b557f\proc-macro2-1.0.106\src\wrapper.rs:484:40
    |
484 |     pub(crate) fn local_file(&self) -> Option<PathBuf> {
    |                                        ^^^^^^ not found in this scope
    |
help: consider importing this enum
    |
  1 + use core::option::Option;
    |

error[E0425]: cannot find type `Option` in this scope
   --> C:\Users\b_cer\.cargo\registry\src\index.crates.io-1949cf8c6b5b557f\proc-macro2-1.0.106\src\wrapper.rs:494:47
    |
494 |     pub(crate) fn join(&self, other: Span) -> Option<Span> {
    |                                               ^^^^^^ not found in this scope
    |
help: consider importing this enum
    |
  1 + use core::option::Option;
    |

error[E0425]: cannot find value `None` in this scope
   --> C:\Users\b_cer\.cargo\registry\src\index.crates.io-1949cf8c6b5b557f\proc-macro2-1.0.106\src\wrapper.rs:499:25
    |
499 |             _ => return None,
    |                         ^^^^ not found in this scope
    |
help: consider importing one of these unit variants
    |
  1 + use crate::Delimiter::None;
    |
  1 + use core::option::Option::None;
    |

error[E0425]: cannot find function, tuple struct or tuple variant `Some` in this scope
   --> C:\Users\b_cer\.cargo\registry\src\index.crates.io-1949cf8c6b5b557f\proc-macro2-1.0.106\src\wrapper.rs:501:9
    |
501 |         Some(ret)
    |         ^^^^ not found in this scope
    |
help: consider importing this tuple variant
    |
  1 + use core::option::Option::Some;
    |

error[E0425]: cannot find type `Option` in this scope
   --> C:\Users\b_cer\.cargo\registry\src\index.crates.io-1949cf8c6b5b557f\proc-macro2-1.0.106\src\wrapper.rs:513:41
    |
513 |     pub(crate) fn source_text(&self) -> Option<String> {
    |                                         ^^^^^^ not found in this scope
    |
help: consider importing this enum
    |
  1 + use core::option::Option;
    |

error[E0405]: cannot find trait `From` in this scope
   --> C:\Users\b_cer\.cargo\registry\src\index.crates.io-1949cf8c6b5b557f\proc-macro2-1.0.106\src\wrapper.rs:531:6
    |
531 | impl From<proc_macro::Span> for crate::Span {
    |      ^^^^ not found in this scope
    |
help: consider importing this trait
    |
  1 + use core::convert::From;
    |

error[E0405]: cannot find trait `From` in this scope
   --> C:\Users\b_cer\.cargo\registry\src\index.crates.io-1949cf8c6b5b557f\proc-macro2-1.0.106\src\wrapper.rs:537:6
    |
537 | impl From<fallback::Span> for Span {
    |      ^^^^ not found in this scope
    |
help: consider importing this trait
    |
  1 + use core::convert::From;
    |

error[E0405]: cannot find trait `From` in this scope
   --> C:\Users\b_cer\.cargo\registry\src\index.crates.io-1949cf8c6b5b557f\proc-macro2-1.0.106\src\wrapper.rs:642:6
    |
642 | impl From<fallback::Group> for Group {
    |      ^^^^ not found in this scope
    |
help: consider importing this trait
    |
  1 + use core::convert::From;
    |

error[E0405]: cannot find trait `From` in this scope
   --> C:\Users\b_cer\.cargo\registry\src\index.crates.io-1949cf8c6b5b557f\proc-macro2-1.0.106\src\wrapper.rs:713:6
    |
713 | impl From<fallback::Ident> for Ident {
    |      ^^^^ not found in this scope
    |
help: consider importing this trait
    |
  1 + use core::convert::From;
    |

error[E0405]: cannot find trait `PartialEq` in this scope
   --> C:\Users\b_cer\.cargo\registry\src\index.crates.io-1949cf8c6b5b557f\proc-macro2-1.0.106\src\wrapper.rs:719:6
    |
719 | impl PartialEq for Ident {
    |      ^^^^^^^^^ not found in this scope
    |
help: consider importing this trait
    |
  1 + use core::cmp::PartialEq;
    |

error[E0405]: cannot find trait `PartialEq` in this scope
   --> C:\Users\b_cer\.cargo\registry\src\index.crates.io-1949cf8c6b5b557f\proc-macro2-1.0.106\src\wrapper.rs:730:9
    |
730 | impl<T> PartialEq<T> for Ident
    |         ^^^^^^^^^ not found in this scope
    |
help: consider importing this trait
    |
  1 + use core::cmp::PartialEq;
    |

error[E0405]: cannot find trait `Sized` in this scope
   --> C:\Users\b_cer\.cargo\registry\src\index.crates.io-1949cf8c6b5b557f\proc-macro2-1.0.106\src\wrapper.rs:732:9
    |
732 |     T: ?Sized + AsRef<str>,
    |         ^^^^^ not found in this scope
    |
help: consider importing this trait
    |
  1 + use core::marker::Sized;
    |

error[E0405]: cannot find trait `AsRef` in this scope
   --> C:\Users\b_cer\.cargo\registry\src\index.crates.io-1949cf8c6b5b557f\proc-macro2-1.0.106\src\wrapper.rs:732:17
    |
732 |     T: ?Sized + AsRef<str>,
    |                 ^^^^^ not found in this scope
    |
help: consider importing this trait
    |
  1 + use core::convert::AsRef;
    |

error[E0425]: cannot find type `Result` in this scope
   --> C:\Users\b_cer\.cargo\registry\src\index.crates.io-1949cf8c6b5b557f\proc-macro2-1.0.106\src\wrapper.rs:792:51
    |
792 |     pub(crate) fn from_str_checked(repr: &str) -> Result<Self, LexError> {
    |                                                   ^^^^^^ not found in this scope
    |
help: consider importing one of these items
    |
  1 + use crate::fmt::Result;
    |
  1 + use core::fmt::Result;
    |
  1 + use core::result::Result;
    |
  1 + use alloc::fmt::Result;
    |

error[E0425]: cannot find function, tuple struct or tuple variant `Ok` in this scope
   --> C:\Users\b_cer\.cargo\registry\src\index.crates.io-1949cf8c6b5b557f\proc-macro2-1.0.106\src\wrapper.rs:795:13
    |
795 |             Ok(Literal::Compiler(literal))
    |             ^^ not found in this scope
    |
help: consider importing this tuple variant
    |
  1 + use core::result::Result::Ok;
    |

error[E0425]: cannot find function, tuple struct or tuple variant `Ok` in this scope
   --> C:\Users\b_cer\.cargo\registry\src\index.crates.io-1949cf8c6b5b557f\proc-macro2-1.0.106\src\wrapper.rs:798:13
    |
798 |             Ok(Literal::Fallback(literal))
    |             ^^ not found in this scope
    |
help: consider importing this tuple variant
    |
  1 + use core::result::Result::Ok;
    |

error[E0425]: cannot find type `Option` in this scope
   --> C:\Users\b_cer\.cargo\registry\src\index.crates.io-1949cf8c6b5b557f\proc-macro2-1.0.106\src\wrapper.rs:937:70
    |
937 |     pub(crate) fn subspan<R: RangeBounds<usize>>(&self, range: R) -> Option<Span> {
    |                                                                      ^^^^^^ not found in this scope
    |
help: consider importing this enum
    |
  1 + use core::option::Option;
    |

error[E0425]: cannot find value `None` in this scope
   --> C:\Users\b_cer\.cargo\registry\src\index.crates.io-1949cf8c6b5b557f\proc-macro2-1.0.106\src\wrapper.rs:942:40
    |
942 |             Literal::Compiler(_lit) => None,
    |                                        ^^^^ not found in this scope
    |
help: consider importing one of these unit variants
    |
  1 + use crate::Delimiter::None;
    |
  1 + use core::option::Option::None;
    |

error[E0405]: cannot find trait `From` in this scope
   --> C:\Users\b_cer\.cargo\registry\src\index.crates.io-1949cf8c6b5b557f\proc-macro2-1.0.106\src\wrapper.rs:955:6
    |
955 | impl From<fallback::Literal> for Literal {
    |      ^^^^ not found in this scope
    |
help: consider importing this trait
    |
  1 + use core::convert::From;
    |

error[E0405]: cannot find trait `Ord` in this scope
  --> C:\Users\b_cer\.cargo\registry\src\index.crates.io-1949cf8c6b5b557f\proc-macro2-1.0.106\src\location.rs:17:6
   |
17 | impl Ord for LineColumn {
   |      ^^^ not found in this scope
   |
help: consider importing this trait
   |
 1 + use core::cmp::Ord;
   |

error[E0405]: cannot find trait `PartialOrd` in this scope
  --> C:\Users\b_cer\.cargo\registry\src\index.crates.io-1949cf8c6b5b557f\proc-macro2-1.0.106\src\location.rs:25:6
   |
25 | impl PartialOrd for LineColumn {
   |      ^^^^^^^^^^ not found in this scope
   |
help: consider importing this trait
   |
 1 + use core::cmp::PartialOrd;
   |

error[E0425]: cannot find type `Option` in this scope
  --> C:\Users\b_cer\.cargo\registry\src\index.crates.io-1949cf8c6b5b557f\proc-macro2-1.0.106\src\location.rs:26:44
   |
26 |     fn partial_cmp(&self, other: &Self) -> Option<Ordering> {
   |                                            ^^^^^^ not found in this scope
   |
help: consider importing this enum
   |
 1 + use core::option::Option;
   |

error[E0425]: cannot find function, tuple struct or tuple variant `Some` in this scope
  --> C:\Users\b_cer\.cargo\registry\src\index.crates.io-1949cf8c6b5b557f\proc-macro2-1.0.106\src\location.rs:27:9
   |
27 |         Some(self.cmp(other))
   |         ^^^^ not found in this scope
   |
help: consider importing this tuple variant
   |
 1 + use core::option::Option::Some;
   |

error[E0405]: cannot find trait `Default` in this scope
   --> C:\Users\b_cer\.cargo\registry\src\index.crates.io-1949cf8c6b5b557f\proc-macro2-1.0.106\src\lib.rs:250:6
    |
250 | impl Default for TokenStream {
    |      ^^^^^^^ not found in this scope
    |
help: consider importing this trait
    |
174 + use core::default::Default;
    |

error[E0425]: cannot find type `Result` in this scope
   --> C:\Users\b_cer\.cargo\registry\src\index.crates.io-1949cf8c6b5b557f\proc-macro2-1.0.106\src\lib.rs:267:31
    |
267 |     fn from_str(src: &str) -> Result<TokenStream, LexError> {
    |                               ^^^^^^ not found in this scope
    |
help: consider importing one of these items
    |
174 + use crate::fmt::Result;
    |
174 + use core::fmt::Result;
    |
174 + use core::result::Result;
    |
174 + use alloc::fmt::Result;
    |

error[E0531]: cannot find tuple struct or tuple variant `Ok` in this scope
   --> C:\Users\b_cer\.cargo\registry\src\index.crates.io-1949cf8c6b5b557f\proc-macro2-1.0.106\src\lib.rs:269:13
    |
269 |             Ok(tokens) => Ok(TokenStream::_new(tokens)),
    |             ^^ not found in this scope
    |
help: consider importing this tuple variant
    |
174 + use core::result::Result::Ok;
    |

error[E0425]: cannot find function, tuple struct or tuple variant `Ok` in this scope
   --> C:\Users\b_cer\.cargo\registry\src\index.crates.io-1949cf8c6b5b557f\proc-macro2-1.0.106\src\lib.rs:269:27
    |
269 |             Ok(tokens) => Ok(TokenStream::_new(tokens)),
    |                           ^^ not found in this scope
    |
help: consider importing this tuple variant
    |
174 + use core::result::Result::Ok;
    |

error[E0531]: cannot find tuple struct or tuple variant `Err` in this scope
   --> C:\Users\b_cer\.cargo\registry\src\index.crates.io-1949cf8c6b5b557f\proc-macro2-1.0.106\src\lib.rs:270:13
    |
270 |             Err(lex) => Err(LexError {
    |             ^^^ not found in this scope
    |
help: consider importing this tuple variant
    |
174 + use core::result::Result::Err;
    |

error[E0425]: cannot find function, tuple struct or tuple variant `Err` in this scope
   --> C:\Users\b_cer\.cargo\registry\src\index.crates.io-1949cf8c6b5b557f\proc-macro2-1.0.106\src\lib.rs:270:25
    |
270 |             Err(lex) => Err(LexError {
    |                         ^^^ not found in this scope
    |
help: consider importing this tuple variant
    |
174 + use core::result::Result::Err;
    |

error[E0405]: cannot find trait `From` in this scope
   --> C:\Users\b_cer\.cargo\registry\src\index.crates.io-1949cf8c6b5b557f\proc-macro2-1.0.106\src\lib.rs:280:6
    |
280 | impl From<proc_macro::TokenStream> for TokenStream {
    |      ^^^^ not found in this scope
    |
help: consider importing this trait
    |
174 + use core::convert::From;
    |

error[E0405]: cannot find trait `From` in this scope
   --> C:\Users\b_cer\.cargo\registry\src\index.crates.io-1949cf8c6b5b557f\proc-macro2-1.0.106\src\lib.rs:288:6
    |
288 | impl From<TokenStream> for proc_macro::TokenStream {
    |      ^^^^ not found in this scope
    |
help: consider importing this trait
    |
174 + use core::convert::From;
    |

error[E0405]: cannot find trait `From` in this scope
   --> C:\Users\b_cer\.cargo\registry\src\index.crates.io-1949cf8c6b5b557f\proc-macro2-1.0.106\src\lib.rs:294:6
    |
294 | impl From<TokenTree> for TokenStream {
    |      ^^^^ not found in this scope
    |
help: consider importing this trait
    |
174 + use core::convert::From;
    |

error[E0405]: cannot find trait `Extend` in this scope
   --> C:\Users\b_cer\.cargo\registry\src\index.crates.io-1949cf8c6b5b557f\proc-macro2-1.0.106\src\lib.rs:300:6
    |
300 | impl Extend<TokenTree> for TokenStream {
    |      ^^^^^^ not found in this scope
    |
help: consider importing this trait
    |
174 + use core::iter::Extend;
    |

error[E0405]: cannot find trait `IntoIterator` in this scope
   --> C:\Users\b_cer\.cargo\registry\src\index.crates.io-1949cf8c6b5b557f\proc-macro2-1.0.106\src\lib.rs:301:18
    |
301 |     fn extend<I: IntoIterator<Item = TokenTree>>(&mut self, tokens: I) {
    |                  ^^^^^^^^^^^^ not found in this scope
    |
help: consider importing this trait
    |
174 + use core::iter::IntoIterator;
    |

error[E0405]: cannot find trait `Extend` in this scope
   --> C:\Users\b_cer\.cargo\registry\src\index.crates.io-1949cf8c6b5b557f\proc-macro2-1.0.106\src\lib.rs:306:6
    |
306 | impl Extend<TokenStream> for TokenStream {
    |      ^^^^^^ not found in this scope
    |
help: consider importing this trait
    |
174 + use core::iter::Extend;
    |

error[E0405]: cannot find trait `IntoIterator` in this scope
   --> C:\Users\b_cer\.cargo\registry\src\index.crates.io-1949cf8c6b5b557f\proc-macro2-1.0.106\src\lib.rs:307:18
    |
307 |     fn extend<I: IntoIterator<Item = TokenStream>>(&mut self, streams: I) {
    |                  ^^^^^^^^^^^^ not found in this scope
    |
help: consider importing this trait
    |
174 + use core::iter::IntoIterator;
    |

error[E0405]: cannot find trait `Extend` in this scope
   --> C:\Users\b_cer\.cargo\registry\src\index.crates.io-1949cf8c6b5b557f\proc-macro2-1.0.106\src\lib.rs:313:6
    |
313 | impl Extend<Group> for TokenStream {
    |      ^^^^^^ not found in this scope
    |
help: consider importing this trait
    |
174 + use core::iter::Extend;
    |

error[E0405]: cannot find trait `IntoIterator` in this scope
   --> C:\Users\b_cer\.cargo\registry\src\index.crates.io-1949cf8c6b5b557f\proc-macro2-1.0.106\src\lib.rs:314:18
    |
314 |     fn extend<I: IntoIterator<Item = Group>>(&mut self, tokens: I) {
    |                  ^^^^^^^^^^^^ not found in this scope
    |
help: consider importing this trait
    |
174 + use core::iter::IntoIterator;
    |

error[E0405]: cannot find trait `Extend` in this scope
   --> C:\Users\b_cer\.cargo\registry\src\index.crates.io-1949cf8c6b5b557f\proc-macro2-1.0.106\src\lib.rs:319:6
    |
319 | impl Extend<Ident> for TokenStream {
    |      ^^^^^^ not found in this scope
    |
help: consider importing this trait
    |
174 + use core::iter::Extend;
    |

error[E0405]: cannot find trait `IntoIterator` in this scope
   --> C:\Users\b_cer\.cargo\registry\src\index.crates.io-1949cf8c6b5b557f\proc-macro2-1.0.106\src\lib.rs:320:18
    |
320 |     fn extend<I: IntoIterator<Item = Ident>>(&mut self, tokens: I) {
    |                  ^^^^^^^^^^^^ not found in this scope
    |
help: consider importing this trait
    |
174 + use core::iter::IntoIterator;
    |

error[E0405]: cannot find trait `Extend` in this scope
   --> C:\Users\b_cer\.cargo\registry\src\index.crates.io-1949cf8c6b5b557f\proc-macro2-1.0.106\src\lib.rs:325:6
    |
325 | impl Extend<Punct> for TokenStream {
    |      ^^^^^^ not found in this scope
    |
help: consider importing this trait
    |
174 + use core::iter::Extend;
    |

error[E0405]: cannot find trait `IntoIterator` in this scope
   --> C:\Users\b_cer\.cargo\registry\src\index.crates.io-1949cf8c6b5b557f\proc-macro2-1.0.106\src\lib.rs:326:18
    |
326 |     fn extend<I: IntoIterator<Item = Punct>>(&mut self, tokens: I) {
    |                  ^^^^^^^^^^^^ not found in this scope
    |
help: consider importing this trait
    |
174 + use core::iter::IntoIterator;
    |

error[E0405]: cannot find trait `Extend` in this scope
   --> C:\Users\b_cer\.cargo\registry\src\index.crates.io-1949cf8c6b5b557f\proc-macro2-1.0.106\src\lib.rs:331:6
    |
331 | impl Extend<Literal> for TokenStream {
    |      ^^^^^^ not found in this scope
    |
help: consider importing this trait
    |
174 + use core::iter::Extend;
    |

error[E0405]: cannot find trait `IntoIterator` in this scope
   --> C:\Users\b_cer\.cargo\registry\src\index.crates.io-1949cf8c6b5b557f\proc-macro2-1.0.106\src\lib.rs:332:18
    |
332 |     fn extend<I: IntoIterator<Item = Literal>>(&mut self, tokens: I) {
    |                  ^^^^^^^^^^^^ not found in this scope
    |
help: consider importing this trait
    |
174 + use core::iter::IntoIterator;
    |

error[E0405]: cannot find trait `FromIterator` in this scope
   --> C:\Users\b_cer\.cargo\registry\src\index.crates.io-1949cf8c6b5b557f\proc-macro2-1.0.106\src\lib.rs:339:6
    |
339 | impl FromIterator<TokenTree> for TokenStream {
    |      ^^^^^^^^^^^^ not found in this scope
    |
    = note: 'core::iter::FromIterator' is included in the prelude starting in Edition 2021
help: consider importing this trait
    |
174 + use core::iter::FromIterator;
    |

error[E0405]: cannot find trait `IntoIterator` in this scope
   --> C:\Users\b_cer\.cargo\registry\src\index.crates.io-1949cf8c6b5b557f\proc-macro2-1.0.106\src\lib.rs:340:21
    |
340 |     fn from_iter<I: IntoIterator<Item = TokenTree>>(tokens: I) -> Self {
    |                     ^^^^^^^^^^^^ not found in this scope
    |
help: consider importing this trait
    |
174 + use core::iter::IntoIterator;
    |

error[E0405]: cannot find trait `FromIterator` in this scope
   --> C:\Users\b_cer\.cargo\registry\src\index.crates.io-1949cf8c6b5b557f\proc-macro2-1.0.106\src\lib.rs:345:6
    |
345 | impl FromIterator<TokenStream> for TokenStream {
    |      ^^^^^^^^^^^^ not found in this scope
    |
    = note: 'core::iter::FromIterator' is included in the prelude starting in Edition 2021
help: consider importing this trait
    |
174 + use core::iter::FromIterator;
    |

error[E0405]: cannot find trait `IntoIterator` in this scope
   --> C:\Users\b_cer\.cargo\registry\src\index.crates.io-1949cf8c6b5b557f\proc-macro2-1.0.106\src\lib.rs:346:21
    |
346 |     fn from_iter<I: IntoIterator<Item = TokenStream>>(streams: I) -> Self {
    |                     ^^^^^^^^^^^^ not found in this scope
    |
help: consider importing this trait
    |
174 + use core::iter::IntoIterator;
    |

error[E0425]: cannot find type `Option` in this scope
   --> C:\Users\b_cer\.cargo\registry\src\index.crates.io-1949cf8c6b5b557f\proc-macro2-1.0.106\src\lib.rs:533:33
    |
533 |     pub fn local_file(&self) -> Option<PathBuf> {
    |                                 ^^^^^^ not found in this scope
    |
help: consider importing this enum
    |
174 + use core::option::Option;
    |

error[E0425]: cannot find type `Option` in this scope
   --> C:\Users\b_cer\.cargo\registry\src\index.crates.io-1949cf8c6b5b557f\proc-macro2-1.0.106\src\lib.rs:544:40
    |
544 |     pub fn join(&self, other: Span) -> Option<Span> {
    |                                        ^^^^^^ not found in this scope
    |
help: consider importing this enum
    |
174 + use core::option::Option;
    |

error[E0425]: cannot find type `Option` in this scope
   --> C:\Users\b_cer\.cargo\registry\src\index.crates.io-1949cf8c6b5b557f\proc-macro2-1.0.106\src\lib.rs:564:34
    |
564 |     pub fn source_text(&self) -> Option<String> {
    |                                  ^^^^^^ not found in this scope
    |
help: consider importing this enum
    |
174 + use core::option::Option;
    |

error[E0405]: cannot find trait `From` in this scope
   --> C:\Users\b_cer\.cargo\registry\src\index.crates.io-1949cf8c6b5b557f\proc-macro2-1.0.106\src\lib.rs:616:6
    |
616 | impl From<Group> for TokenTree {
    |      ^^^^ not found in this scope
    |
help: consider importing this trait
    |
174 + use core::convert::From;
    |

error[E0405]: cannot find trait `From` in this scope
   --> C:\Users\b_cer\.cargo\registry\src\index.crates.io-1949cf8c6b5b557f\proc-macro2-1.0.106\src\lib.rs:622:6
    |
622 | impl From<Ident> for TokenTree {
    |      ^^^^ not found in this scope
    |
help: consider importing this trait
    |
174 + use core::convert::From;
    |

error[E0405]: cannot find trait `From` in this scope
   --> C:\Users\b_cer\.cargo\registry\src\index.crates.io-1949cf8c6b5b557f\proc-macro2-1.0.106\src\lib.rs:628:6
    |
628 | impl From<Punct> for TokenTree {
    |      ^^^^ not found in this scope
    |
help: consider importing this trait
    |
174 + use core::convert::From;
    |

error[E0405]: cannot find trait `From` in this scope
   --> C:\Users\b_cer\.cargo\registry\src\index.crates.io-1949cf8c6b5b557f\proc-macro2-1.0.106\src\lib.rs:634:6
    |
634 | impl From<Literal> for TokenTree {
    |      ^^^^ not found in this scope
    |
help: consider importing this trait
    |
174 + use core::convert::From;
    |

error[E0405]: cannot find trait `PartialEq` in this scope
    --> C:\Users\b_cer\.cargo\registry\src\index.crates.io-1949cf8c6b5b557f\proc-macro2-1.0.106\src\lib.rs:1046:6
     |
1046 | impl PartialEq for Ident {
     |      ^^^^^^^^^ not found in this scope
     |
help: consider importing this trait
     |
 174 + use core::cmp::PartialEq;
     |

error[E0405]: cannot find trait `PartialEq` in this scope
    --> C:\Users\b_cer\.cargo\registry\src\index.crates.io-1949cf8c6b5b557f\proc-macro2-1.0.106\src\lib.rs:1052:9
     |
1052 | impl<T> PartialEq<T> for Ident
     |         ^^^^^^^^^ not found in this scope
     |
help: consider importing this trait
     |
 174 + use core::cmp::PartialEq;
     |

error[E0405]: cannot find trait `Sized` in this scope
    --> C:\Users\b_cer\.cargo\registry\src\index.crates.io-1949cf8c6b5b557f\proc-macro2-1.0.106\src\lib.rs:1054:9
     |
1054 |     T: ?Sized + AsRef<str>,
     |         ^^^^^ not found in this scope
     |
help: consider importing this trait
     |
 174 + use core::marker::Sized;
     |

error[E0405]: cannot find trait `AsRef` in this scope
    --> C:\Users\b_cer\.cargo\registry\src\index.crates.io-1949cf8c6b5b557f\proc-macro2-1.0.106\src\lib.rs:1054:17
     |
1054 |     T: ?Sized + AsRef<str>,
     |                 ^^^^^ not found in this scope
     |
help: consider importing this trait
     |
 174 + use core::convert::AsRef;
     |

error[E0405]: cannot find trait `Eq` in this scope
    --> C:\Users\b_cer\.cargo\registry\src\index.crates.io-1949cf8c6b5b557f\proc-macro2-1.0.106\src\lib.rs:1061:6
     |
1061 | impl Eq for Ident {}
     |      ^^ not found in this scope
     |
help: consider importing this trait
     |
 174 + use core::cmp::Eq;
     |

error[E0405]: cannot find trait `PartialOrd` in this scope
    --> C:\Users\b_cer\.cargo\registry\src\index.crates.io-1949cf8c6b5b557f\proc-macro2-1.0.106\src\lib.rs:1063:6
     |
1063 | impl PartialOrd for Ident {
     |      ^^^^^^^^^^ not found in this scope
     |
help: consider importing this trait
     |
 174 + use core::cmp::PartialOrd;
     |

error[E0425]: cannot find type `Option` in this scope
    --> C:\Users\b_cer\.cargo\registry\src\index.crates.io-1949cf8c6b5b557f\proc-macro2-1.0.106\src\lib.rs:1064:45
     |
1064 |     fn partial_cmp(&self, other: &Ident) -> Option<Ordering> {
     |                                             ^^^^^^ not found in this scope
     |
help: consider importing this enum
     |
 174 + use core::option::Option;
     |

error[E0425]: cannot find function, tuple struct or tuple variant `Some` in this scope
    --> C:\Users\b_cer\.cargo\registry\src\index.crates.io-1949cf8c6b5b557f\proc-macro2-1.0.106\src\lib.rs:1065:9
     |
1065 |         Some(self.cmp(other))
     |         ^^^^ not found in this scope
     |
help: consider importing this tuple variant
     |
 174 + use core::option::Option::Some;
     |

error[E0405]: cannot find trait `Ord` in this scope
    --> C:\Users\b_cer\.cargo\registry\src\index.crates.io-1949cf8c6b5b557f\proc-macro2-1.0.106\src\lib.rs:1069:6
     |
1069 | impl Ord for Ident {
     |      ^^^ not found in this scope
     |
help: consider importing this trait
     |
 174 + use core::cmp::Ord;
     |

error[E0425]: cannot find type `Option` in this scope
    --> C:\Users\b_cer\.cargo\registry\src\index.crates.io-1949cf8c6b5b557f\proc-macro2-1.0.106\src\lib.rs:1306:63
     |
1306 |     pub fn subspan<R: RangeBounds<usize>>(&self, range: R) -> Option<Span> {
     |                                                               ^^^^^^ not found in this scope
     |
help: consider importing this enum
     |
 174 + use core::option::Option;
     |

error[E0425]: cannot find type `Result` in this scope
    --> C:\Users\b_cer\.cargo\registry\src\index.crates.io-1949cf8c6b5b557f\proc-macro2-1.0.106\src\lib.rs:1429:32
     |
1429 |     fn from_str(repr: &str) -> Result<Self, LexError> {
     |                                ^^^^^^ not found in this scope
     |
help: consider importing one of these items
     |
 174 + use crate::fmt::Result;
     |
 174 + use core::fmt::Result;
     |
 174 + use core::result::Result;
     |
 174 + use alloc::fmt::Result;
     |

error[E0531]: cannot find tuple struct or tuple variant `Ok` in this scope
    --> C:\Users\b_cer\.cargo\registry\src\index.crates.io-1949cf8c6b5b557f\proc-macro2-1.0.106\src\lib.rs:1431:13
     |
1431 |             Ok(lit) => Ok(Literal::_new(lit)),
     |             ^^ not found in this scope
     |
help: consider importing this tuple variant
     |
 174 + use core::result::Result::Ok;
     |

error[E0425]: cannot find function, tuple struct or tuple variant `Ok` in this scope
    --> C:\Users\b_cer\.cargo\registry\src\index.crates.io-1949cf8c6b5b557f\proc-macro2-1.0.106\src\lib.rs:1431:24
     |
1431 |             Ok(lit) => Ok(Literal::_new(lit)),
     |                        ^^ not found in this scope
     |
help: consider importing this tuple variant
     |
 174 + use core::result::Result::Ok;
     |

error[E0531]: cannot find tuple struct or tuple variant `Err` in this scope
    --> C:\Users\b_cer\.cargo\registry\src\index.crates.io-1949cf8c6b5b557f\proc-macro2-1.0.106\src\lib.rs:1432:13
     |
1432 |             Err(lex) => Err(LexError {
     |             ^^^ not found in this scope
     |
help: consider importing this tuple variant
     |
 174 + use core::result::Result::Err;
     |

error[E0425]: cannot find function, tuple struct or tuple variant `Err` in this scope
    --> C:\Users\b_cer\.cargo\registry\src\index.crates.io-1949cf8c6b5b557f\proc-macro2-1.0.106\src\lib.rs:1432:25
     |
1432 |             Err(lex) => Err(LexError {
     |                         ^^^ not found in this scope
     |
help: consider importing this tuple variant
     |
 174 + use core::result::Result::Err;
     |

error[E0405]: cannot find trait `Iterator` in this scope
    --> C:\Users\b_cer\.cargo\registry\src\index.crates.io-1949cf8c6b5b557f\proc-macro2-1.0.106\src\lib.rs:1497:10
     |
1497 |     impl Iterator for IntoIter {
     |          ^^^^^^^^ not found in this scope
     |
help: consider importing this trait
     |
1481 +     use core::iter::Iterator;
     |

error[E0425]: cannot find type `Option` in this scope
    --> C:\Users\b_cer\.cargo\registry\src\index.crates.io-1949cf8c6b5b557f\proc-macro2-1.0.106\src\lib.rs:1500:31
     |
1500 |         fn next(&mut self) -> Option<TokenTree> {
     |                               ^^^^^^ not found in this scope
     |
help: consider importing this enum
     |
1481 +     use core::option::Option;
     |

error[E0425]: cannot find type `Option` in this scope
    --> C:\Users\b_cer\.cargo\registry\src\index.crates.io-1949cf8c6b5b557f\proc-macro2-1.0.106\src\lib.rs:1504:40
     |
1504 |         fn size_hint(&self) -> (usize, Option<usize>) {
     |                                        ^^^^^^ not found in this scope
     |
help: consider importing this enum
     |
1481 +     use core::option::Option;
     |

error[E0405]: cannot find trait `IntoIterator` in this scope
    --> C:\Users\b_cer\.cargo\registry\src\index.crates.io-1949cf8c6b5b557f\proc-macro2-1.0.106\src\lib.rs:1516:10
     |
1516 |     impl IntoIterator for TokenStream {
     |          ^^^^^^^^^^^^ not found in this scope
     |
help: consider importing this trait
     |
1481 +     use core::iter::IntoIterator;
     |

error[E0223]: ambiguous associated type
   --> C:\Users\b_cer\.cargo\registry\src\index.crates.io-1949cf8c6b5b557f\proc-macro2-1.0.106\src\rcvec.rs:127:27
    |
127 |     fn into_iter(self) -> Self::IntoIter {
    |                           ^^^^^^^^^^^^^^
    |
help: use fully-qualified syntax
    |
127 -     fn into_iter(self) -> Self::IntoIter {
127 +     fn into_iter(self) -> <RcVecBuilder<T> as IntoIterator>::IntoIter {
    |

Some errors have detailed explanations: E0223, E0405, E0408, E0425, E0463, E0531, E0786.
For more information about an error, try `rustc --explain E0223`.
error: could not compile `proc-macro2` (lib) due to 483 previous errors
